2025-07-26 07:45:00,143 - ERROR - エラー: https://www.youtube.com/watch?v=x5HvawdXBAY - Command '['dl', '--skip-download', '--write-subs', '--sub-lang', 'live_chat', '-o', 'data/live_chat/%(title)s [%(id)s].%(ext)s', '--cookies', 'cookies.txt', 'https://www.youtube.com/watch?v=x5HvawdXBAY']' returned non-zero exit status 1.
2025-07-26 14:07:44,997 - ERROR - DB接続エラー: no such table: comments
2025-07-27 21:05:23,642 - ERROR - エラー: https://www.youtube.com/watch?v=0aVuPjMqwsc - Command '['dl', '--skip-download', '--write-subs', '--sub-lang', 'live_chat', '-o', 'data/live_chat/%(title)s [%(id)s].%(ext)s', '--cookies', 'cookies.txt', 'https://www.youtube.com/watch?v=0aVuPjMqwsc']' returned non-zero exit status 1.
2025-07-31 01:28:39,747 - ERROR - エラー: https://www.youtube.com/watch?v=rzO82mSD67I - Command '['dl', '--skip-download', '--write-subs', '--sub-lang', 'live_chat', '-o', 'data/live_chat/%(title)s [%(id)s].%(ext)s', '--cookies', 'cookies.txt', 'https://www.youtube.com/watch?v=rzO82mSD67I']' returned non-zero exit status 1.
2025-08-01 21:05:50,978 - ERROR - エラー: https://www.youtube.com/watch?v=YLUgK-QV4io - Command '['dl', '--skip-download', '--write-subs', '--sub-lang', 'live_chat', '-o', 'data/live_chat/%(title)s [%(id)s].%(ext)s', '--cookies', 'cookies.txt', 'https://www.youtube.com/watch?v=YLUgK-QV4io']' returned non-zero exit status 1.
2025-08-01 23:39:10,274 - ERROR - エラー: https://www.youtube.com/watch?v=BxGFF3hcccM - Command '['dl', '--skip-download', '--write-subs', '--sub-lang', 'live_chat', '-o', 'data/live_chat/%(title)s [%(id)s].%(ext)s', '--cookies', 'cookies.txt', 'https://www.youtube.com/watch?v=BxGFF3hcccM']' returned non-zero exit status 1.
2025-08-08 16:52:20,057 - ERROR - エラー: https://www.youtube.com/watch?v=xd5lYWLN5fU - Command '['dl', '--skip-download', '--write-subs', '--sub-lang', 'live_chat', '-o', 'data/live_chat/%(title)s [%(id)s].%(ext)s', '--cookies', 'cookies.txt', 'https://www.youtube.com/watch?v=xd5lYWLN5fU']' returned non-zero exit status 1.
2025-08-08 23:56:53,763 - ERROR - エラー: https://www.youtube.com/watch?v=sKJ5moF3X8Y - Command '['dl', '--skip-download', '--write-subs', '--sub-lang', 'live_chat', '-o', 'data/live_chat/%(title)s [%(id)s].%(ext)s', '--cookies', 'cookies.txt', 'https://www.youtube.com/watch?v=sKJ5moF3X8Y']' returned non-zero exit status 1.
2025-08-09 01:46:08,675 - ERROR - エラー: https://www.youtube.com/watch?v=lSvLABLEhO0 - Command '['dl', '--skip-download', '--write-subs', '--sub-lang', 'live_chat', '-o', 'data/live_chat/%(title)s [%(id)s].%(ext)s', '--cookies', 'cookies.txt', 'https://www.youtube.com/watch?v=lSvLABLEhO0']' returned non-zero exit status 1.
2025-08-09 04:16:29,861 - ERROR - エラー: https://www.youtube.com/watch?v=bx1-cTN0Zas - Command '['dl', '--skip-download', '--write-subs', '--sub-lang', 'live_chat', '-o', 'data/live_chat/%(title)s [%(id)s].%(ext)s', '--cookies', 'cookies.txt', 'https://www.youtube.com/watch?v=bx1-cTN0Zas']' returned non-zero exit status 1.
2025-08-09 10:47:18,223 - ERROR - エラー: https://www.youtube.com/watch?v=RasCgfRnTOc - Command '['dl', '--skip-download', '--write-subs', '--sub-lang', 'live_chat', '-o', 'data/live_chat/%(title)s [%(id)s].%(ext)s', '--cookies', 'cookies.txt', 'https://www.youtube.com/watch?v=RasCgfRnTOc']' returned non-zero exit status 1.
2025-08-09 18:10:59,955 - ERROR - エラー: https://www.youtube.com/watch?v=JkuHbeoqu64 - Command '['dl', '--skip-download', '--write-subs', '--sub-lang', 'live_chat', '-o', 'data/live_chat/%(title)s [%(id)s].%(ext)s', '--cookies', 'cookies.txt', 'https://www.youtube.com/watch?v=JkuHbeoqu64']' returned non-zero exit status 1.
2025-08-09 19:15:38,112 - ERROR - エラー: https://www.youtube.com/watch?v=CIRvsQ7XMoM - Command '['dl', '--skip-download', '--write-subs', '--sub-lang', 'live_chat', '-o', 'data/live_chat/%(title)s [%(id)s].%(ext)s', '--cookies', 'cookies.txt', 'https://www.youtube.com/watch?v=CIRvsQ7XMoM']' returned non-zero exit status 1.
2025-08-09 20:27:59,892 - ERROR - エラー: https://www.youtube.com/watch?v=uZduRVQgZgo - Command '['dl', '--skip-download', '--write-subs', '--sub-lang', 'live_chat', '-o', 'data/live_chat/%(title)s [%(id)s].%(ext)s', '--cookies', 'cookies.txt', 'https://www.youtube.com/watch?v=uZduRVQgZgo']' returned non-zero exit status 1.
2025-08-09 21:00:01,425 - ERROR - エラー: https://www.youtube.com/watch?v=pT6aeI5S1Kk - Command '['dl', '--skip-download', '--write-subs', '--sub-lang', 'live_chat', '-o', 'data/live_chat/%(title)s [%(id)s].%(ext)s', '--cookies', 'cookies.txt', 'https://www.youtube.com/watch?v=pT6aeI5S1Kk']' returned non-zero exit status 1.
2025-08-09 21:11:54,263 - ERROR - エラー: https://www.youtube.com/watch?v=BxGFF3hcccM - Command '['dl', '--skip-download', '--write-subs', '--sub-lang', 'live_chat', '-o', 'data/live_chat/%(title)s [%(id)s].%(ext)s', '--cookies', 'cookies.txt', 'https://www.youtube.com/watch?v=BxGFF3hcccM']' returned non-zero exit status 1.
2025-08-11 20:21:04,032 - ERROR - エラー: https://www.youtube.com/watch?v=nqwE-l3wFKU - [0;31mERROR:[0m Unable to download video subtitles for 'live_chat': [0;31mERROR:[0m [download] Got error: HTTP Error 503: Service Unavailable
2025-08-11 20:30:21,159 - ERROR - エラー: https://www.youtube.com/watch?v=IdSWXEwxfjs - [0;31mERROR:[0m Unable to download video subtitles for 'live_chat': [0;31mERROR:[0m [download] Got error: HTTP Error 503: Service Unavailable
2025-08-11 20:51:01,728 - ERROR - エラー: https://www.youtube.com/watch?v=azAKyYy07CE - [0;31mERROR:[0m Unable to download video subtitles for 'live_chat': [0;31mERROR:[0m [download] Got error: HTTP Error 500: Internal Server Error
2025-08-11 20:51:03,870 - ERROR - エラー: https://www.youtube.com/watch?v=dsLlQMlpQ4I - [0;31mERROR:[0m Unable to download video subtitles for 'live_chat': [0;31mERROR:[0m [download] Got error: HTTP Error 500: Internal Server Error
2025-08-11 20:51:04,429 - ERROR - エラー: https://www.youtube.com/watch?v=tfI4rg0lKCc - [0;31mERROR:[0m Unable to download video subtitles for 'live_chat': [0;31mERROR:[0m [download] Got error: HTTP Error 500: Internal Server Error
2025-08-11 20:51:41,029 - ERROR - エラー: https://www.youtube.com/watch?v=Nhmi7_FyZrc - [0;31mERROR:[0m Unable to download video subtitles for 'live_chat': [0;31mERROR:[0m [download] Got error: HTTP Error 500: Internal Server Error
2025-08-11 20:51:59,279 - ERROR - エラー: https://www.youtube.com/watch?v=CALegTGmo-c - [0;31mERROR:[0m Unable to download video subtitles for 'live_chat': [0;31mERROR:[0m [download] Got error: HTTP Error 500: Internal Server Error
2025-08-11 20:52:07,442 - ERROR - エラー: https://www.youtube.com/watch?v=AKLaf6P6h3g - [0;31mERROR:[0m Unable to download video subtitles for 'live_chat': [0;31mERROR:[0m [download] Got error: HTTP Error 500: Internal Server Error
2025-08-11 20:52:21,368 - ERROR - エラー: https://www.youtube.com/watch?v=0LRcryp2I3E - [0;31mERROR:[0m Unable to download video subtitles for 'live_chat': [0;31mERROR:[0m [download] Got error: HTTP Error 500: Internal Server Error
2025-08-11 20:52:54,302 - ERROR - エラー: https://www.youtube.com/watch?v=yIn2Z7R9PU4 - [0;31mERROR:[0m Unable to download video subtitles for 'live_chat': [0;31mERROR:[0m [download] Got error: HTTP Error 500: Internal Server Error
2025-08-11 20:53:04,375 - ERROR - エラー: https://www.youtube.com/watch?v=rvpI9FsDSz0 - [0;31mERROR:[0m Unable to download video subtitles for 'live_chat': [0;31mERROR:[0m [download] Got error: HTTP Error 500: Internal Server Error
2025-08-11 20:53:11,282 - ERROR - エラー: https://www.youtube.com/watch?v=Vk7-xkbM7io - [0;31mERROR:[0m Unable to download video subtitles for 'live_chat': [0;31mERROR:[0m [download] Got error: HTTP Error 500: Internal Server Error
2025-08-11 22:50:54,052 - ERROR - エラー: https://www.youtube.com/watch?v=zRp_aoRi5y0 - [0;31mERROR:[0m Unable to download video subtitles for 'live_chat': [0;31mERROR:[0m [download] Got error: HTTP Error 503: Service Unavailable
2025-08-11 22:50:54,247 - ERROR - エラー: https://www.youtube.com/watch?v=qC5eh5lqmfM - [0;31mERROR:[0m Unable to download video subtitles for 'live_chat': [0;31mERROR:[0m [download] Got error: HTTP Error 503: Service Unavailable
2025-08-11 22:51:20,343 - ERROR - エラー: https://www.youtube.com/watch?v=xYOQIYJN5bo - [0;31mERROR:[0m Unable to download video subtitles for 'live_chat': [0;31mERROR:[0m [download] Got error: HTTP Error 503: Service Unavailable
2025-08-11 23:05:09,655 - ERROR - エラー: https://www.youtube.com/watch?v=L5pMUC2TnbU - [0;31mERROR:[0m Unable to download video subtitles for 'live_chat': [0;31mERROR:[0m [download] Got error: HTTP Error 503: Service Unavailable
2025-08-11 23:07:07,481 - ERROR - エラー: https://www.youtube.com/watch?v=T-ytWhuN_18 - [0;31mERROR:[0m Unable to download video subtitles for 'live_chat': [0;31mERROR:[0m [download] Got error: HTTP Error 503: Service Unavailable
2025-08-11 23:14:02,321 - ERROR - エラー: https://www.youtube.com/watch?v=jUvGJkNYJwc - [0;31mERROR:[0m Unable to download video subtitles for 'live_chat': [0;31mERROR:[0m [download] Got error: HTTP Error 503: Service Unavailable
2025-08-11 23:53:55,553 - ERROR - エラー: https://www.youtube.com/watch?v=DQ55jlJE8R4 - [0;31mERROR:[0m Unable to download video subtitles for 'live_chat': [0;31mERROR:[0m [download] Got error: HTTP Error 503: Service Unavailable
2025-08-11 23:56:25,550 - ERROR - エラー: https://www.youtube.com/watch?v=hfX2W2Sqg9k - [0;31mERROR:[0m Unable to download video subtitles for 'live_chat': [0;31mERROR:[0m [download] Got error: HTTP Error 503: Service Unavailable
2025-08-12 02:49:14,094 - ERROR - エラー: https://www.youtube.com/watch?v=yvOJiANx6EQ - [0;31mERROR:[0m 'cookies.txt' does not look like a Netscape format cookies file
2025-08-12 05:46:02,252 - ERROR - エラー: https://www.youtube.com/watch?v=0DVHyntZWIE - [0;31mERROR:[0m Unable to download video subtitles for 'live_chat': [0;31mERROR:[0m [download] Got error: HTTP Error 503: Service Unavailable
2025-08-12 08:18:42,670 - ERROR - エラー: https://www.youtube.com/watch?v=Rfuu2gkj18w - [0;31mERROR:[0m [youtube] Rfuu2gkj18w: This live event will begin in 193 days.
2025-08-12 09:44:38,200 - ERROR - エラー: https://www.youtube.com/watch?v=3bWoVKfBnP8 - [0;31mERROR:[0m Unable to download video subtitles for 'live_chat': [0;31mERROR:[0m [download] Got error: HTTP Error 503: Service Unavailable
2025-08-12 09:48:38,817 - ERROR - エラー: https://www.youtube.com/watch?v=3Bykqgbp7Ag - [0;31mERROR:[0m Unable to download video subtitles for 'live_chat': [0;31mERROR:[0m [download] Got error: HTTP Error 503: Service Unavailable
2025-08-26 18:44:18,977 - ERROR - エラー: https://www.youtube.com/watch?v=hF9YIGW4TYQ - [0;31mERROR:[0m Unable to download video subtitles for 'live_chat': [0;31mERROR:[0m [download] Got error: HTTP Error 503: Service Unavailable
2025-08-26 19:04:41,218 - ERROR - エラー: https://www.youtube.com/watch?v=MRgP5TSVtOI - [0;31mERROR:[0m Unable to download video subtitles for 'live_chat': [0;31mERROR:[0m [download] Got error: HTTP Error 503: Service Unavailable
2025-08-26 19:05:08,997 - ERROR - エラー: https://www.youtube.com/watch?v=nlJgmtef8YU - [0;31mERROR:[0m Unable to download video subtitles for 'live_chat': [0;31mERROR:[0m [download] Got error: HTTP Error 500: Internal Server Error
2025-08-26 19:08:34,435 - ERROR - エラー: https://www.youtube.com/watch?v=YNp3fMnfu-A - [0;31mERROR:[0m Unable to download video subtitles for 'live_chat': [0;31mERROR:[0m [download] Got error: HTTP Error 503: Service Unavailable
2025-08-26 19:26:26,268 - ERROR - エラー: https://www.youtube.com/watch?v=6oyyrx7iv3U - [0;31mERROR:[0m Unable to download video subtitles for 'live_chat': [0;31mERROR:[0m [download] Got error: HTTP Error 503: Service Unavailable
2025-08-26 19:46:56,989 - ERROR - エラー: https://www.youtube.com/watch?v=zu_O2rVq1JU - [0;31mERROR:[0m Unable to download video subtitles for 'live_chat': [0;31mERROR:[0m [download] Got error: HTTP Error 503: Service Unavailable
2025-08-26 20:14:39,931 - ERROR - エラー: https://www.youtube.com/watch?v=9QgGnBWKyRE - [0;31mERROR:[0m [youtube] 9QgGnBWKyRE: The following content is not available on this app.. Watch on the latest version of YouTube.
2025-08-26 20:14:43,036 - ERROR - エラー: https://www.youtube.com/watch?v=Fz96-Ql3ow0 - [0;31mERROR:[0m [youtube] Fz96-Ql3ow0: The following content is not available on this app.. Watch on the latest version of YouTube.
2025-08-26 20:14:50,619 - ERROR - エラー: https://www.youtube.com/watch?v=gB7niWXpiw8 - [0;31mERROR:[0m [youtube] gB7niWXpiw8: The following content is not available on this app.. Watch on the latest version of YouTube.
2025-08-26 20:14:54,415 - ERROR - エラー: https://www.youtube.com/watch?v=1loIZy5BGlY - [0;31mERROR:[0m [youtube] 1loIZy5BGlY: The following content is not available on this app.. Watch on the latest version of YouTube.
2025-08-26 20:14:58,127 - ERROR - エラー: https://www.youtube.com/watch?v=7a7fhxp6-KA - [0;31mERROR:[0m [youtube] 7a7fhxp6-KA: The following content is not available on this app.. Watch on the latest version of YouTube.
2025-08-26 20:15:01,352 - ERROR - エラー: https://www.youtube.com/watch?v=kLnD7lgR2j8 - [0;31mERROR:[0m [youtube] kLnD7lgR2j8: The following content is not available on this app.. Watch on the latest version of YouTube.
2025-08-26 20:15:04,979 - ERROR - エラー: https://www.youtube.com/watch?v=OLSXMdZtQu8 - [0;31mERROR:[0m [youtube] OLSXMdZtQu8: The following content is not available on this app.. Watch on the latest version of YouTube.
2025-08-26 20:15:05,769 - ERROR - エラー: https://www.youtube.com/watch?v=nH0SIxG1nik - [0;31mERROR:[0m [youtube] nH0SIxG1nik: The following content is not available on this app.. Watch on the latest version of YouTube.
2025-08-26 20:15:09,130 - ERROR - エラー: https://www.youtube.com/watch?v=ly0_eYtuPEc - [0;31mERROR:[0m [youtube] ly0_eYtuPEc: The following content is not available on this app.. Watch on the latest version of YouTube.
2025-08-26 20:15:09,633 - ERROR - エラー: https://www.youtube.com/watch?v=Dbb3iQ4kDCw - [0;31mERROR:[0m [youtube] Dbb3iQ4kDCw: The following content is not available on this app.. Watch on the latest version of YouTube.
2025-08-26 20:15:12,375 - ERROR - エラー: https://www.youtube.com/watch?v=UOp6RmqoR_A - [0;31mERROR:[0m [youtube] UOp6RmqoR_A: The following content is not available on this app.. Watch on the latest version of YouTube.
2025-08-26 20:15:15,594 - ERROR - エラー: https://www.youtube.com/watch?v=cYt0aSwVVjE - [0;31mERROR:[0m [youtube] cYt0aSwVVjE: The following content is not available on this app.. Watch on the latest version of YouTube.
2025-08-26 20:15:18,779 - ERROR - エラー: https://www.youtube.com/watch?v=zEcwJKti_hY - [0;31mERROR:[0m [youtube] zEcwJKti_hY: The following content is not available on this app.. Watch on the latest version of YouTube.
2025-08-26 20:15:54,619 - ERROR - エラー: https://www.youtube.com/watch?v=Ht_TSNtkc_I - [0;31mERROR:[0m [youtube] Ht_TSNtkc_I: The following content is not available on this app.. Watch on the latest version of YouTube.
2025-08-26 20:15:58,019 - ERROR - エラー: https://www.youtube.com/watch?v=7VKByQ0FynA - [0;31mERROR:[0m [youtube] 7VKByQ0FynA: The following content is not available on this app.. Watch on the latest version of YouTube.
2025-08-26 20:16:01,064 - ERROR - エラー: https://www.youtube.com/watch?v=VxkDlSrT-3o - [0;31mERROR:[0m [youtube] VxkDlSrT-3o: The following content is not available on this app.. Watch on the latest version of YouTube.
2025-08-26 20:16:04,321 - ERROR - エラー: https://www.youtube.com/watch?v=tJ_qZtQ__9Q - [0;31mERROR:[0m [youtube] tJ_qZtQ__9Q: The following content is not available on this app.. Watch on the latest version of YouTube.
2025-08-26 20:16:07,903 - ERROR - エラー: https://www.youtube.com/watch?v=1QYGAjzyVg0 - [0;31mERROR:[0m [youtube] 1QYGAjzyVg0: The following content is not available on this app.. Watch on the latest version of YouTube.
2025-08-26 20:16:10,303 - ERROR - エラー: https://www.youtube.com/watch?v=bdS4waCDEr8 - [0;31mERROR:[0m [youtube] bdS4waCDEr8: The following content is not available on this app.. Watch on the latest version of YouTube.
2025-08-26 20:16:11,458 - ERROR - エラー: https://www.youtube.com/watch?v=fdzKv-vzll8 - [0;31mERROR:[0m [youtube] fdzKv-vzll8: The following content is not available on this app.. Watch on the latest version of YouTube.
2025-08-26 20:16:13,788 - ERROR - エラー: https://www.youtube.com/watch?v=RsXGy2EUths - [0;31mERROR:[0m [youtube] RsXGy2EUths: The following content is not available on this app.. Watch on the latest version of YouTube.
2025-08-26 20:16:15,232 - ERROR - エラー: https://www.youtube.com/watch?v=po_3QbJVWhs - [0;31mERROR:[0m [youtube] po_3QbJVWhs: The following content is not available on this app.. Watch on the latest version of YouTube.
2025-08-26 20:16:16,767 - ERROR - エラー: https://www.youtube.com/watch?v=ME7NVbXQ9zQ - [0;31mERROR:[0m [youtube] ME7NVbXQ9zQ: The following content is not available on this app.. Watch on the latest version of YouTube.
2025-08-26 20:16:17,932 - ERROR - エラー: https://www.youtube.com/watch?v=T_65vCHXaX4 - [0;31mERROR:[0m [youtube] T_65vCHXaX4: The following content is not available on this app.. Watch on the latest version of YouTube.
2025-08-26 20:16:19,156 - ERROR - エラー: https://www.youtube.com/watch?v=ql8lzai5tmI - [0;31mERROR:[0m [youtube] ql8lzai5tmI: The following content is not available on this app.. Watch on the latest version of YouTube.
2025-08-26 20:16:19,642 - ERROR - エラー: https://www.youtube.com/watch?v=fAj8clsph9Y - [0;31mERROR:[0m [youtube] fAj8clsph9Y: The following content is not available on this app.. Watch on the latest version of YouTube.
2025-08-26 20:16:20,609 - ERROR - エラー: https://www.youtube.com/watch?v=F1nxGy3s6RU - [0;31mERROR:[0m [youtube] F1nxGy3s6RU: The following content is not available on this app.. Watch on the latest version of YouTube.
2025-08-26 20:16:21,684 - ERROR - エラー: https://www.youtube.com/watch?v=jMdecDahDSk - [0;31mERROR:[0m [youtube] jMdecDahDSk: The following content is not available on this app.. Watch on the latest version of YouTube.
2025-08-26 20:16:23,356 - ERROR - エラー: https://www.youtube.com/watch?v=qgmMkPE-qfY - [0;31mERROR:[0m [youtube] qgmMkPE-qfY: The following content is not available on this app.. Watch on the latest version of YouTube.
2025-08-26 20:16:24,066 - ERROR - エラー: https://www.youtube.com/watch?v=tym85MrYO2E - [0;31mERROR:[0m [youtube] tym85MrYO2E: The following content is not available on this app.. Watch on the latest version of YouTube.
2025-08-26 20:16:25,689 - ERROR - エラー: https://www.youtube.com/watch?v=S0nd6ChI_QA - [0;31mERROR:[0m [youtube] S0nd6ChI_QA: The following content is not available on this app.. Watch on the latest version of YouTube.
2026-03-12 10:02:11,704 - ERROR - エラー発生: 'NoneType' object is not iterable
2026-03-12 10:02:43,359 - ERROR - エラー発生: 'NoneType' object is not iterable
2026-03-12 10:03:10,452 - ERROR - エラー発生: 'NoneType' object is not iterable
2026-03-12 10:03:42,387 - ERROR - エラー発生: 'NoneType' object is not iterable
2026-03-12 10:04:20,876 - ERROR - エラー発生: 'NoneType' object is not iterable
2026-03-12 10:04:33,369 - ERROR - エラー発生: 'NoneType' object is not iterable
2026-03-12 10:04:40,092 - ERROR - エラー発生: 'NoneType' object is not iterable
2026-03-12 10:04:49,110 - ERROR - エラー発生: 'NoneType' object is not iterable
2026-03-12 10:04:59,161 - ERROR - エラー発生: 'NoneType' object is not iterable
2026-03-12 10:05:06,285 - ERROR - エラー発生: 'NoneType' object is not iterable
2026-03-12 10:05:15,497 - ERROR - エラー発生: 'NoneType' object is not iterable
2026-03-12 10:05:25,047 - ERROR - エラー発生: 'NoneType' object is not iterable
2026-03-12 10:05:34,688 - ERROR - エラー発生: 'NoneType' object is not iterable
2026-03-12 10:05:45,281 - ERROR - エラー発生: 'NoneType' object is not iterable
2026-03-12 10:05:52,118 - ERROR - エラー発生: 'NoneType' object is not iterable
2026-03-12 10:05:58,219 - ERROR - エラー発生: 'NoneType' object is not iterable
2026-03-12 10:06:05,026 - ERROR - エラー発生: 'NoneType' object is not iterable
2026-03-12 10:06:14,917 - ERROR - エラー発生: 'NoneType' object is not iterable
2026-03-12 10:06:20,399 - ERROR - エラー発生: 'NoneType' object is not iterable
2026-03-12 10:06:25,947 - ERROR - エラー発生: 'NoneType' object is not iterable
2026-03-12 10:06:31,305 - ERROR - エラー発生: 'NoneType' object is not iterable
2026-03-12 10:06:36,828 - ERROR - エラー発生: 'NoneType' object is not iterable
2026-03-12 10:06:42,459 - ERROR - エラー発生: 'NoneType' object is not iterable
2026-03-12 10:53:10,654 - ERROR - エラー: https://www.youtube.com/watch?v=kq8AgBwkcB0 - [0;31mERROR:[0m [youtube] kq8AgBwkcB0: Requested format is not available. Use --list-formats for a list of available formats
2026-03-12 11:12:21,569 - ERROR - エラー: https://www.youtube.com/watch?v=k53nqQ2Gm30 - [0;31mERROR:[0m [youtube] k53nqQ2Gm30: Requested format is not available. Use --list-formats for a list of available formats
2026-03-12 11:12:48,635 - ERROR - エラー: https://www.youtube.com/watch?v=8DBHz6HD6no - [0;31mERROR:[0m [youtube] 8DBHz6HD6no: Requested format is not available. Use --list-formats for a list of available formats
2026-03-12 11:13:20,619 - ERROR - エラー: https://www.youtube.com/watch?v=upcammztr8I - [0;31mERROR:[0m [youtube] upcammztr8I: Requested format is not available. Use --list-formats for a list of available formats
2026-03-12 11:13:24,724 - ERROR - エラー: https://www.youtube.com/watch?v=xiJtyRaZ5z8 - [0;31mERROR:[0m [youtube] xiJtyRaZ5z8: Requested format is not available. Use --list-formats for a list of available formats
2026-03-12 11:13:46,464 - ERROR - エラー: https://www.youtube.com/watch?v=T_T1Bk2tvPY - [0;31mERROR:[0m [youtube] T_T1Bk2tvPY: Requested format is not available. Use --list-formats for a list of available formats
2026-03-12 11:24:22,747 - ERROR - エラー: https://www.youtube.com/watch?v=6c1AG993z8E - [0;31mERROR:[0m [youtube] 6c1AG993z8E: Requested format is not available. Use --list-formats for a list of available formats
2026-03-12 11:25:04,499 - ERROR - エラー: https://www.youtube.com/watch?v=Rj9ckHrP8Y4 - [0;31mERROR:[0m [youtube] Rj9ckHrP8Y4: Requested format is not available. Use --list-formats for a list of available formats
2026-03-12 11:25:31,919 - ERROR - エラー: https://www.youtube.com/watch?v=6_pmMiJ6Bvo - [0;31mERROR:[0m [youtube] 6_pmMiJ6Bvo: Requested format is not available. Use --list-formats for a list of available formats
2026-03-12 11:28:01,495 - ERROR - エラー: https://www.youtube.com/watch?v=5_k9yKgCi7o - [0;31mERROR:[0m [youtube] 5_k9yKgCi7o: Requested format is not available. Use --list-formats for a list of available formats
2026-03-12 11:33:21,797 - ERROR - エラー: https://www.youtube.com/watch?v=Lha1GS-kjKU - [0;31mERROR:[0m [youtube] Lha1GS-kjKU: Requested format is not available. Use --list-formats for a list of available formats
2026-03-12 11:33:44,703 - ERROR - エラー: https://www.youtube.com/watch?v=FUhRk8gGGDM - [0;31mERROR:[0m [youtube] FUhRk8gGGDM: Requested format is not available. Use --list-formats for a list of available formats
2026-03-12 11:33:50,564 - ERROR - エラー: https://www.youtube.com/watch?v=c8sj2fUPLQs - [0;31mERROR:[0m [youtube] c8sj2fUPLQs: Requested format is not available. Use --list-formats for a list of available formats
2026-03-12 12:47:19,485 - ERROR - エラー: https://www.youtube.com/watch?v=FiA2f4_7Mfk - [0;31mERROR:[0m [youtube] FiA2f4_7Mfk: Requested format is not available. Use --list-formats for a list of available formats
2026-03-12 12:48:59,090 - ERROR - エラー: https://www.youtube.com/watch?v=NxTjW7EytzM - [0;31mERROR:[0m [youtube] NxTjW7EytzM: Requested format is not available. Use --list-formats for a list of available formats
2026-03-12 13:01:45,637 - ERROR - エラー: https://www.youtube.com/watch?v=TFu_WCVN65M - [0;31mERROR:[0m [youtube] TFu_WCVN65M: The following content is not available on this app.. Watch on the latest version of YouTube.
2026-03-12 13:42:02,397 - ERROR - エラー: https://www.youtube.com/watch?v=yl3WINIIZ9A - [0;31mERROR:[0m Unable to download video subtitles for 'live_chat': [0;31mERROR:[0m [download] Got error: HTTP Error 503: Service Unavailable
2026-03-12 14:24:58,841 - ERROR - エラー: https://www.youtube.com/watch?v=KOTRXB6uZEY - [0;31mERROR:[0m [youtube] KOTRXB6uZEY: Private video. Sign in if you've been granted access to this video. Use --cookies-from-browser or --cookies for the authentication. See  https://github.com/yt-dlp/yt-dlp/wiki/FAQ#how-do-i-pass-cookies-to-yt-dlp  for how to manually pass cookies. Also see  https://github.com/yt-dlp/yt-dlp/wiki/Extractors#exporting-youtube-cookies  for tips on effectively exporting YouTube cookies
2026-03-12 14:44:18,902 - ERROR - エラー: https://www.youtube.com/watch?v=kLnD7lgR2j8 - [0;31mERROR:[0m [youtube] kLnD7lgR2j8: Private video. Sign in if you've been granted access to this video. Use --cookies-from-browser or --cookies for the authentication. See  https://github.com/yt-dlp/yt-dlp/wiki/FAQ#how-do-i-pass-cookies-to-yt-dlp  for how to manually pass cookies. Also see  https://github.com/yt-dlp/yt-dlp/wiki/Extractors#exporting-youtube-cookies  for tips on effectively exporting YouTube cookies
2026-03-12 14:44:52,826 - ERROR - エラー: https://www.youtube.com/watch?v=ly0_eYtuPEc - [0;31mERROR:[0m [youtube] ly0_eYtuPEc: Private video. Sign in if you've been granted access to this video. Use --cookies-from-browser or --cookies for the authentication. See  https://github.com/yt-dlp/yt-dlp/wiki/FAQ#how-do-i-pass-cookies-to-yt-dlp  for how to manually pass cookies. Also see  https://github.com/yt-dlp/yt-dlp/wiki/Extractors#exporting-youtube-cookies  for tips on effectively exporting YouTube cookies
2026-03-12 18:26:17,631 - ERROR - エラー: https://www.youtube.com/watch?v=yVPlQfjyeco - [0;31mERROR:[0m Unable to download video subtitles for 'live_chat': [0;31mERROR:[0m [download] Got error: HTTP Error 503: Service Unavailable
2026-03-12 18:26:19,397 - ERROR - エラー: https://www.youtube.com/watch?v=qUKZBtvwqOk - [0;31mERROR:[0m Unable to download video subtitles for 'live_chat': [0;31mERROR:[0m [download] Got error: HTTP Error 503: Service Unavailable
2026-03-12 18:26:20,703 - ERROR - エラー: https://www.youtube.com/watch?v=zCAfijWB5fE - [0;31mERROR:[0m Unable to download video subtitles for 'live_chat': [0;31mERROR:[0m [download] Got error: HTTP Error 503: Service Unavailable
2026-03-12 18:26:44,820 - ERROR - エラー: https://www.youtube.com/watch?v=mUcJ_q8V5AE - [0;31mERROR:[0m Unable to download video subtitles for 'live_chat': [0;31mERROR:[0m [download] Got error: HTTP Error 500: Internal Server Error
2026-03-12 20:04:44,687 - ERROR - エラー: https://www.youtube.com/watch?v=PTcv2v4FiW0 - [0;31mERROR:[0m Unable to download video subtitles for 'live_chat': [0;31mERROR:[0m [download] Got error: HTTP Error 500: Internal Server Error
2026-03-12 20:04:49,228 - ERROR - エラー: https://www.youtube.com/watch?v=R_gg3pcOp9Y - [0;31mERROR:[0m Unable to download video subtitles for 'live_chat': [0;31mERROR:[0m [download] Got error: HTTP Error 503: Service Unavailable
2026-03-12 20:05:21,546 - ERROR - エラー: https://www.youtube.com/watch?v=yTmUXdurQIw - [0;31mERROR:[0m Unable to download video subtitles for 'live_chat': [0;31mERROR:[0m [download] Got error: HTTP Error 500: Internal Server Error
2026-03-12 20:44:27,075 - ERROR - エラー: https://www.youtube.com/watch?v=HC8rMmTWBGk - [0;31mERROR:[0m [youtube] HC8rMmTWBGk: The following content is not available on this app.. Watch on the latest version of YouTube.
2026-03-12 20:44:39,580 - ERROR - エラー: https://www.youtube.com/watch?v=nlUhnARYjYc - [0;31mERROR:[0m [youtube] nlUhnARYjYc: Requested format is not available. Use --list-formats for a list of available formats
2026-03-13 01:24:04,988 - ERROR - エラー: https://www.youtube.com/watch?v=J0DiVCKUOMg - [0;31mERROR:[0m [youtube] J0DiVCKUOMg: The following content is not available on this app.. Watch on the latest version of YouTube.
2026-03-13 03:33:12,579 - ERROR - エラー: https://www.youtube.com/watch?v=kR1HTuIDy98 - [0;31mERROR:[0m [youtube] kR1HTuIDy98: Requested format is not available. Use --list-formats for a list of available formats
2026-03-13 03:33:35,070 - ERROR - エラー: https://www.youtube.com/watch?v=uX8zIOQP9Bo - [0;31mERROR:[0m [youtube] uX8zIOQP9Bo: Requested format is not available. Use --list-formats for a list of available formats
2026-03-13 03:34:06,609 - ERROR - エラー: https://www.youtube.com/watch?v=jBrMZ2J1xK4 - [0;31mERROR:[0m [youtube] jBrMZ2J1xK4: Requested format is not available. Use --list-formats for a list of available formats
2026-03-13 03:34:24,493 - ERROR - エラー: https://www.youtube.com/watch?v=x6MrTd8991k - [0;31mERROR:[0m [youtube] x6MrTd8991k: Requested format is not available. Use --list-formats for a list of available formats
2026-03-13 03:34:30,705 - ERROR - エラー: https://www.youtube.com/watch?v=9JC6V67UpeI - [0;31mERROR:[0m [youtube] 9JC6V67UpeI: Requested format is not available. Use --list-formats for a list of available formats
2026-03-13 03:34:59,524 - ERROR - エラー: https://www.youtube.com/watch?v=8WatT8DiOP4 - [0;31mERROR:[0m [youtube] 8WatT8DiOP4: Requested format is not available. Use --list-formats for a list of available formats
2026-03-13 03:35:05,770 - ERROR - エラー: https://www.youtube.com/watch?v=DQy5RYs8pXI - [0;31mERROR:[0m [youtube] DQy5RYs8pXI: Requested format is not available. Use --list-formats for a list of available formats
2026-03-13 03:35:10,695 - ERROR - エラー: https://www.youtube.com/watch?v=yJI5VGoIlj4 - [0;31mERROR:[0m [youtube] yJI5VGoIlj4: Requested format is not available. Use --list-formats for a list of available formats
2026-03-13 03:35:17,341 - ERROR - エラー: https://www.youtube.com/watch?v=CNCC--l1mdU - [0;31mERROR:[0m [youtube] CNCC--l1mdU: Requested format is not available. Use --list-formats for a list of available formats
2026-03-13 03:35:21,917 - ERROR - エラー: https://www.youtube.com/watch?v=SXz4IlEgjx0 - [0;31mERROR:[0m [youtube] SXz4IlEgjx0: Requested format is not available. Use --list-formats for a list of available formats
2026-03-13 03:35:22,491 - ERROR - エラー: https://www.youtube.com/watch?v=hoF3yGMb0fM - [0;31mERROR:[0m [youtube] hoF3yGMb0fM: Requested format is not available. Use --list-formats for a list of available formats
2026-03-13 03:35:24,924 - ERROR - エラー: https://www.youtube.com/watch?v=zzmQzYHBBa4 - [0;31mERROR:[0m [youtube] zzmQzYHBBa4: Requested format is not available. Use --list-formats for a list of available formats
2026-03-13 03:35:27,298 - ERROR - エラー: https://www.youtube.com/watch?v=wvWtcZSMHyw - [0;31mERROR:[0m [youtube] wvWtcZSMHyw: Requested format is not available. Use --list-formats for a list of available formats
2026-03-13 03:35:31,864 - ERROR - エラー: https://www.youtube.com/watch?v=bECs5xL8F9M - [0;31mERROR:[0m [youtube] bECs5xL8F9M: Requested format is not available. Use --list-formats for a list of available formats
2026-03-13 03:35:33,618 - ERROR - エラー: https://www.youtube.com/watch?v=Ti3r3uLh5z0 - [0;31mERROR:[0m [youtube] Ti3r3uLh5z0: Requested format is not available. Use --list-formats for a list of available formats
2026-03-13 03:35:34,143 - ERROR - エラー: https://www.youtube.com/watch?v=LA1iwjCSMwU - [0;31mERROR:[0m [youtube] LA1iwjCSMwU: Requested format is not available. Use --list-formats for a list of available formats
2026-03-13 03:35:35,382 - ERROR - エラー: https://www.youtube.com/watch?v=nI3uEyuF7Vk - [0;31mERROR:[0m [youtube] nI3uEyuF7Vk: Requested format is not available. Use --list-formats for a list of available formats
2026-03-13 03:35:38,052 - ERROR - エラー: https://www.youtube.com/watch?v=15aubgSPNEk - [0;31mERROR:[0m [youtube] 15aubgSPNEk: Requested format is not available. Use --list-formats for a list of available formats
2026-03-13 03:35:40,489 - ERROR - エラー: https://www.youtube.com/watch?v=QDtMVDE1d9E - [0;31mERROR:[0m [youtube] QDtMVDE1d9E: Requested format is not available. Use --list-formats for a list of available formats
2026-03-13 03:35:41,392 - ERROR - エラー: https://www.youtube.com/watch?v=SR47YY2Wocc - [0;31mERROR:[0m [youtube] SR47YY2Wocc: Requested format is not available. Use --list-formats for a list of available formats
2026-03-13 03:35:43,009 - ERROR - エラー: https://www.youtube.com/watch?v=5S4w0Dgwgxc - [0;31mERROR:[0m [youtube] 5S4w0Dgwgxc: Requested format is not available. Use --list-formats for a list of available formats
2026-03-13 03:35:43,560 - ERROR - エラー: https://www.youtube.com/watch?v=-Re94SYINj8 - [0;31mERROR:[0m [youtube] -Re94SYINj8: Requested format is not available. Use --list-formats for a list of available formats
2026-03-13 03:35:44,420 - ERROR - エラー: https://www.youtube.com/watch?v=WcnuJ2-d_dk - [0;31mERROR:[0m [youtube] WcnuJ2-d_dk: Requested format is not available. Use --list-formats for a list of available formats
2026-03-13 03:35:48,288 - ERROR - エラー: https://www.youtube.com/watch?v=8z7Hza5zmnA - [0;31mERROR:[0m [youtube] 8z7Hza5zmnA: Requested format is not available. Use --list-formats for a list of available formats
2026-03-13 03:35:48,734 - ERROR - エラー: https://www.youtube.com/watch?v=Q9yCx86PwYs - [0;31mERROR:[0m [youtube] Q9yCx86PwYs: Requested format is not available. Use --list-formats for a list of available formats
2026-03-13 03:35:49,758 - ERROR - エラー: https://www.youtube.com/watch?v=XkCQ5GSywXA - [0;31mERROR:[0m [youtube] XkCQ5GSywXA: Requested format is not available. Use --list-formats for a list of available formats
2026-03-13 03:35:50,424 - ERROR - エラー: https://www.youtube.com/watch?v=Cvmxg5vO4Oc - [0;31mERROR:[0m [youtube] Cvmxg5vO4Oc: Requested format is not available. Use --list-formats for a list of available formats
2026-03-13 03:35:50,863 - ERROR - エラー: https://www.youtube.com/watch?v=NKCSU2cgXTY - [0;31mERROR:[0m [youtube] NKCSU2cgXTY: Requested format is not available. Use --list-formats for a list of available formats
2026-03-13 03:35:54,119 - ERROR - エラー: https://www.youtube.com/watch?v=HZ8bKB5j-nI - [0;31mERROR:[0m [youtube] HZ8bKB5j-nI: Requested format is not available. Use --list-formats for a list of available formats
2026-03-13 03:35:56,007 - ERROR - エラー: https://www.youtube.com/watch?v=jwAS-M5Uy6w - [0;31mERROR:[0m [youtube] jwAS-M5Uy6w: Requested format is not available. Use --list-formats for a list of available formats
2026-03-13 03:35:56,813 - ERROR - エラー: https://www.youtube.com/watch?v=Jj553rRhB5k - [0;31mERROR:[0m [youtube] Jj553rRhB5k: Requested format is not available. Use --list-formats for a list of available formats
2026-03-13 03:35:58,535 - ERROR - エラー: https://www.youtube.com/watch?v=fM7aOmbNajs - [0;31mERROR:[0m [youtube] fM7aOmbNajs: Requested format is not available. Use --list-formats for a list of available formats
2026-03-13 03:35:58,784 - ERROR - エラー: https://www.youtube.com/watch?v=E5oNR6iWrfY - [0;31mERROR:[0m [youtube] E5oNR6iWrfY: Requested format is not available. Use --list-formats for a list of available formats
2026-03-13 03:36:01,614 - ERROR - エラー: https://www.youtube.com/watch?v=Xk6DXvOj8zA - [0;31mERROR:[0m [youtube] Xk6DXvOj8zA: Requested format is not available. Use --list-formats for a list of available formats
2026-03-13 03:36:02,144 - ERROR - エラー: https://www.youtube.com/watch?v=FB9wygHe8Sk - [0;31mERROR:[0m [youtube] FB9wygHe8Sk: Requested format is not available. Use --list-formats for a list of available formats
2026-03-13 03:36:04,213 - ERROR - エラー: https://www.youtube.com/watch?v=k5TzYwTDh6k - [0;31mERROR:[0m [youtube] k5TzYwTDh6k: Requested format is not available. Use --list-formats for a list of available formats
2026-03-13 03:36:04,814 - ERROR - エラー: https://www.youtube.com/watch?v=_8ecey0XGPM - [0;31mERROR:[0m [youtube] _8ecey0XGPM: Requested format is not available. Use --list-formats for a list of available formats
2026-03-13 03:36:06,942 - ERROR - エラー: https://www.youtube.com/watch?v=HgOiFPoiEaw - [0;31mERROR:[0m [youtube] HgOiFPoiEaw: Requested format is not available. Use --list-formats for a list of available formats
2026-03-13 03:36:09,352 - ERROR - エラー: https://www.youtube.com/watch?v=ueL96a2r8UM - [0;31mERROR:[0m [youtube] ueL96a2r8UM: Requested format is not available. Use --list-formats for a list of available formats
2026-03-13 03:36:09,374 - ERROR - エラー: https://www.youtube.com/watch?v=-u5PmcGfnbo - [0;31mERROR:[0m [youtube] -u5PmcGfnbo: Requested format is not available. Use --list-formats for a list of available formats
2026-03-13 03:36:10,179 - ERROR - エラー: https://www.youtube.com/watch?v=GEtAjwhkCS4 - [0;31mERROR:[0m [youtube] GEtAjwhkCS4: Requested format is not available. Use --list-formats for a list of available formats
2026-03-13 03:36:11,159 - ERROR - エラー: https://www.youtube.com/watch?v=0SQqcj4KWfo - [0;31mERROR:[0m [youtube] 0SQqcj4KWfo: Requested format is not available. Use --list-formats for a list of available formats
2026-03-13 03:36:14,389 - ERROR - エラー: https://www.youtube.com/watch?v=ofI-25rVJyA - [0;31mERROR:[0m [youtube] ofI-25rVJyA: Requested format is not available. Use --list-formats for a list of available formats
2026-03-13 03:36:15,254 - ERROR - エラー: https://www.youtube.com/watch?v=yHTW7HQ27nw - [0;31mERROR:[0m [youtube] yHTW7HQ27nw: Requested format is not available. Use --list-formats for a list of available formats
2026-03-13 03:36:15,661 - ERROR - エラー: https://www.youtube.com/watch?v=gr3q9PK5Ojc - [0;31mERROR:[0m [youtube] gr3q9PK5Ojc: Requested format is not available. Use --list-formats for a list of available formats
2026-03-13 03:36:17,397 - ERROR - エラー: https://www.youtube.com/watch?v=jfjxuLmtLRc - [0;31mERROR:[0m [youtube] jfjxuLmtLRc: Requested format is not available. Use --list-formats for a list of available formats
2026-03-13 03:36:19,603 - ERROR - エラー: https://www.youtube.com/watch?v=K9mH1ljv5Uo - [0;31mERROR:[0m [youtube] K9mH1ljv5Uo: Requested format is not available. Use --list-formats for a list of available formats
2026-03-13 03:36:21,468 - ERROR - エラー: https://www.youtube.com/watch?v=kgWQ5mc8sVQ - [0;31mERROR:[0m [youtube] kgWQ5mc8sVQ: Requested format is not available. Use --list-formats for a list of available formats
2026-03-13 03:36:23,152 - ERROR - エラー: https://www.youtube.com/watch?v=Tb_vvhXrrWs - [0;31mERROR:[0m [youtube] Tb_vvhXrrWs: Requested format is not available. Use --list-formats for a list of available formats
2026-03-13 03:36:23,285 - ERROR - エラー: https://www.youtube.com/watch?v=rvNdWx5zkiE - [0;31mERROR:[0m [youtube] rvNdWx5zkiE: Requested format is not available. Use --list-formats for a list of available formats
2026-03-13 03:36:23,407 - ERROR - エラー: https://www.youtube.com/watch?v=8P-SwGbD_O4 - [0;31mERROR:[0m [youtube] 8P-SwGbD_O4: Requested format is not available. Use --list-formats for a list of available formats
2026-03-13 03:36:25,427 - ERROR - エラー: https://www.youtube.com/watch?v=8NYxseGE-eM - [0;31mERROR:[0m [youtube] 8NYxseGE-eM: Requested format is not available. Use --list-formats for a list of available formats
2026-03-13 03:36:28,692 - ERROR - エラー: https://www.youtube.com/watch?v=LVLk4lZpWiU - [0;31mERROR:[0m [youtube] LVLk4lZpWiU: Requested format is not available. Use --list-formats for a list of available formats
2026-03-13 03:36:29,430 - ERROR - エラー: https://www.youtube.com/watch?v=sKAnWfAHnYU - [0;31mERROR:[0m [youtube] sKAnWfAHnYU: Requested format is not available. Use --list-formats for a list of available formats
2026-03-13 03:36:30,678 - ERROR - エラー: https://www.youtube.com/watch?v=cCPgODPkMzc - [0;31mERROR:[0m [youtube] cCPgODPkMzc: Requested format is not available. Use --list-formats for a list of available formats
2026-03-13 03:36:30,777 - ERROR - エラー: https://www.youtube.com/watch?v=Gbg-ZwrfrtA - [0;31mERROR:[0m [youtube] Gbg-ZwrfrtA: Requested format is not available. Use --list-formats for a list of available formats
2026-03-13 03:36:32,890 - ERROR - エラー: https://www.youtube.com/watch?v=aaAvqYYtvFs - [0;31mERROR:[0m [youtube] aaAvqYYtvFs: Requested format is not available. Use --list-formats for a list of available formats
2026-03-13 03:36:36,925 - ERROR - エラー: https://www.youtube.com/watch?v=_yYUD3LrvOA - [0;31mERROR:[0m [youtube] _yYUD3LrvOA: Requested format is not available. Use --list-formats for a list of available formats
2026-03-13 03:36:37,645 - ERROR - エラー: https://www.youtube.com/watch?v=RbrjAG2LtHg - [0;31mERROR:[0m [youtube] RbrjAG2LtHg: Requested format is not available. Use --list-formats for a list of available formats
2026-03-13 03:36:38,530 - ERROR - エラー: https://www.youtube.com/watch?v=NDxP1TNTh3o - [0;31mERROR:[0m [youtube] NDxP1TNTh3o: Requested format is not available. Use --list-formats for a list of available formats
2026-03-13 03:36:39,403 - ERROR - エラー: https://www.youtube.com/watch?v=OD-qTHMV0YA - [0;31mERROR:[0m [youtube] OD-qTHMV0YA: Requested format is not available. Use --list-formats for a list of available formats
2026-03-13 03:36:40,619 - ERROR - エラー: https://www.youtube.com/watch?v=K2FCEI9UTjQ - [0;31mERROR:[0m [youtube] K2FCEI9UTjQ: Requested format is not available. Use --list-formats for a list of available formats
2026-03-13 03:36:45,420 - ERROR - エラー: https://www.youtube.com/watch?v=wsFyVi9URps - [0;31mERROR:[0m [youtube] wsFyVi9URps: Requested format is not available. Use --list-formats for a list of available formats
2026-03-13 03:36:45,449 - ERROR - エラー: https://www.youtube.com/watch?v=P6RzeNMwxe4 - [0;31mERROR:[0m [youtube] P6RzeNMwxe4: Requested format is not available. Use --list-formats for a list of available formats
2026-03-13 03:36:46,782 - ERROR - エラー: https://www.youtube.com/watch?v=cmb5AyMMiQk - [0;31mERROR:[0m [youtube] cmb5AyMMiQk: Requested format is not available. Use --list-formats for a list of available formats
2026-03-13 03:36:47,402 - ERROR - エラー: https://www.youtube.com/watch?v=DcQ-zkVF3_E - [0;31mERROR:[0m [youtube] DcQ-zkVF3_E: Requested format is not available. Use --list-formats for a list of available formats
2026-03-13 03:36:48,909 - ERROR - エラー: https://www.youtube.com/watch?v=V4gEp11ePuM - [0;31mERROR:[0m [youtube] V4gEp11ePuM: Requested format is not available. Use --list-formats for a list of available formats
2026-03-13 03:36:53,914 - ERROR - エラー: https://www.youtube.com/watch?v=nc6pugEH2II - [0;31mERROR:[0m [youtube] nc6pugEH2II: Requested format is not available. Use --list-formats for a list of available formats
2026-03-13 03:36:54,045 - ERROR - エラー: https://www.youtube.com/watch?v=qD1isVocflE - [0;31mERROR:[0m [youtube] qD1isVocflE: Requested format is not available. Use --list-formats for a list of available formats
2026-03-13 03:36:55,707 - ERROR - エラー: https://www.youtube.com/watch?v=L3yDUvhsPBU - [0;31mERROR:[0m [youtube] L3yDUvhsPBU: Requested format is not available. Use --list-formats for a list of available formats
2026-03-13 03:36:55,839 - ERROR - エラー: https://www.youtube.com/watch?v=6kvw96FQ0T8 - [0;31mERROR:[0m [youtube] 6kvw96FQ0T8: Requested format is not available. Use --list-formats for a list of available formats
2026-03-13 03:36:58,289 - ERROR - エラー: https://www.youtube.com/watch?v=-TGrIavXDGE - [0;31mERROR:[0m [youtube] -TGrIavXDGE: Requested format is not available. Use --list-formats for a list of available formats
2026-03-13 03:37:00,737 - ERROR - エラー: https://www.youtube.com/watch?v=sinWhZNAaaA - [0;31mERROR:[0m [youtube] sinWhZNAaaA: Requested format is not available. Use --list-formats for a list of available formats
2026-03-13 03:37:00,952 - ERROR - エラー: https://www.youtube.com/watch?v=6XCPNtpWgQ0 - [0;31mERROR:[0m [youtube] 6XCPNtpWgQ0: Requested format is not available. Use --list-formats for a list of available formats
2026-03-13 03:37:03,591 - ERROR - エラー: https://www.youtube.com/watch?v=39hdisjmDL8 - [0;31mERROR:[0m [youtube] 39hdisjmDL8: Requested format is not available. Use --list-formats for a list of available formats
2026-03-13 03:37:04,161 - ERROR - エラー: https://www.youtube.com/watch?v=j3Egt6KfCSU - [0;31mERROR:[0m [youtube] j3Egt6KfCSU: Requested format is not available. Use --list-formats for a list of available formats
2026-03-13 03:37:06,773 - ERROR - エラー: https://www.youtube.com/watch?v=i4E1Cn3Z0oI - [0;31mERROR:[0m [youtube] i4E1Cn3Z0oI: Requested format is not available. Use --list-formats for a list of available formats
2026-03-13 03:37:08,266 - ERROR - エラー: https://www.youtube.com/watch?v=p9Zvk0hr_AQ - [0;31mERROR:[0m [youtube] p9Zvk0hr_AQ: Requested format is not available. Use --list-formats for a list of available formats
2026-03-13 03:37:08,739 - ERROR - エラー: https://www.youtube.com/watch?v=jFp8rlm1pi8 - [0;31mERROR:[0m [youtube] jFp8rlm1pi8: Requested format is not available. Use --list-formats for a list of available formats
2026-03-13 03:37:10,852 - ERROR - エラー: https://www.youtube.com/watch?v=2eZTpbmemkc - [0;31mERROR:[0m [youtube] 2eZTpbmemkc: Requested format is not available. Use --list-formats for a list of available formats
2026-03-13 03:37:11,472 - ERROR - エラー: https://www.youtube.com/watch?v=Anb4bV-gKQM - [0;31mERROR:[0m [youtube] Anb4bV-gKQM: Requested format is not available. Use --list-formats for a list of available formats
2026-03-13 03:37:13,718 - ERROR - エラー: https://www.youtube.com/watch?v=xKmrUlCbytQ - [0;31mERROR:[0m [youtube] xKmrUlCbytQ: Requested format is not available. Use --list-formats for a list of available formats
2026-03-13 03:37:15,983 - ERROR - エラー: https://www.youtube.com/watch?v=LA1hHxrIN0k - [0;31mERROR:[0m [youtube] LA1hHxrIN0k: Requested format is not available. Use --list-formats for a list of available formats
2026-03-13 03:37:16,570 - ERROR - エラー: https://www.youtube.com/watch?v=MJuvFg92FXg - [0;31mERROR:[0m [youtube] MJuvFg92FXg: Requested format is not available. Use --list-formats for a list of available formats
2026-03-13 03:37:18,225 - ERROR - エラー: https://www.youtube.com/watch?v=dL-rhuxQeBE - [0;31mERROR:[0m [youtube] dL-rhuxQeBE: Requested format is not available. Use --list-formats for a list of available formats
2026-03-13 03:37:19,022 - ERROR - エラー: https://www.youtube.com/watch?v=sSAl3pxCW4E - [0;31mERROR:[0m [youtube] sSAl3pxCW4E: Requested format is not available. Use --list-formats for a list of available formats
2026-03-13 03:37:20,844 - ERROR - エラー: https://www.youtube.com/watch?v=9oPjuJVBAaQ - [0;31mERROR:[0m [youtube] 9oPjuJVBAaQ: Requested format is not available. Use --list-formats for a list of available formats
2026-03-13 03:37:23,000 - ERROR - エラー: https://www.youtube.com/watch?v=nc1yjxhzjWI - [0;31mERROR:[0m [youtube] nc1yjxhzjWI: Requested format is not available. Use --list-formats for a list of available formats
2026-03-13 03:37:23,533 - ERROR - エラー: https://www.youtube.com/watch?v=yRuwjOu9Hz0 - [0;31mERROR:[0m [youtube] yRuwjOu9Hz0: Requested format is not available. Use --list-formats for a list of available formats
2026-03-13 03:37:25,160 - ERROR - エラー: https://www.youtube.com/watch?v=b2UhTUBxyl4 - [0;31mERROR:[0m [youtube] b2UhTUBxyl4: Requested format is not available. Use --list-formats for a list of available formats
2026-03-13 03:37:27,131 - ERROR - エラー: https://www.youtube.com/watch?v=UnNx1hD-uQI - [0;31mERROR:[0m [youtube] UnNx1hD-uQI: Requested format is not available. Use --list-formats for a list of available formats
2026-03-13 03:37:27,675 - ERROR - エラー: https://www.youtube.com/watch?v=G8EfFDb8lfM - [0;31mERROR:[0m [youtube] G8EfFDb8lfM: Requested format is not available. Use --list-formats for a list of available formats
2026-03-13 03:37:28,473 - ERROR - エラー: https://www.youtube.com/watch?v=i16J5mEzD0o - [0;31mERROR:[0m [youtube] i16J5mEzD0o: Requested format is not available. Use --list-formats for a list of available formats
2026-03-13 03:44:19,548 - ERROR - エラー: https://www.youtube.com/watch?v=LS_esn9Z1Ks - [0;31mERROR:[0m [youtube] LS_esn9Z1Ks: Requested format is not available. Use --list-formats for a list of available formats
2026-03-13 03:44:20,165 - ERROR - エラー: https://www.youtube.com/watch?v=PVcR-UCkzKg - [0;31mERROR:[0m [youtube] PVcR-UCkzKg: Requested format is not available. Use --list-formats for a list of available formats
2026-03-13 03:44:21,307 - ERROR - エラー: https://www.youtube.com/watch?v=PuDUJkKGoHA - [0;31mERROR:[0m [youtube] PuDUJkKGoHA: Requested format is not available. Use --list-formats for a list of available formats
2026-03-13 03:44:21,311 - ERROR - エラー: https://www.youtube.com/watch?v=kxS281vI6i0 - [0;31mERROR:[0m [youtube] kxS281vI6i0: Requested format is not available. Use --list-formats for a list of available formats
2026-03-13 03:44:28,396 - ERROR - エラー: https://www.youtube.com/watch?v=QkO9B90Qfrw - [0;31mERROR:[0m [youtube] QkO9B90Qfrw: Requested format is not available. Use --list-formats for a list of available formats
2026-03-13 03:44:29,051 - ERROR - エラー: https://www.youtube.com/watch?v=wAMLk8y7_sU - [0;31mERROR:[0m [youtube] wAMLk8y7_sU: Requested format is not available. Use --list-formats for a list of available formats
2026-03-13 03:44:30,093 - ERROR - エラー: https://www.youtube.com/watch?v=e3AVjnS4NJU - [0;31mERROR:[0m [youtube] e3AVjnS4NJU: Requested format is not available. Use --list-formats for a list of available formats
2026-03-13 03:44:36,349 - ERROR - エラー: https://www.youtube.com/watch?v=D3QYtlgC0fM - [0;31mERROR:[0m [youtube] D3QYtlgC0fM: Requested format is not available. Use --list-formats for a list of available formats
2026-03-13 03:44:37,117 - ERROR - エラー: https://www.youtube.com/watch?v=dM-8RChRjeo - [0;31mERROR:[0m [youtube] dM-8RChRjeo: Requested format is not available. Use --list-formats for a list of available formats
2026-03-13 03:44:39,639 - ERROR - エラー: https://www.youtube.com/watch?v=iSreyx-iV4g - [0;31mERROR:[0m [youtube] iSreyx-iV4g: Requested format is not available. Use --list-formats for a list of available formats
2026-03-13 03:44:43,011 - ERROR - エラー: https://www.youtube.com/watch?v=TEm5gFcsmRU - [0;31mERROR:[0m [youtube] TEm5gFcsmRU: Requested format is not available. Use --list-formats for a list of available formats
2026-03-13 03:44:45,071 - ERROR - エラー: https://www.youtube.com/watch?v=qyTIxZfPzjE - [0;31mERROR:[0m [youtube] qyTIxZfPzjE: Requested format is not available. Use --list-formats for a list of available formats
2026-03-13 03:44:47,295 - ERROR - エラー: https://www.youtube.com/watch?v=w--L7BZd1n8 - [0;31mERROR:[0m [youtube] w--L7BZd1n8: Requested format is not available. Use --list-formats for a list of available formats
2026-03-13 03:44:49,235 - ERROR - エラー: https://www.youtube.com/watch?v=PDaBSh9rB5w - [0;31mERROR:[0m [youtube] PDaBSh9rB5w: Requested format is not available. Use --list-formats for a list of available formats
2026-03-13 03:44:51,170 - ERROR - エラー: https://www.youtube.com/watch?v=zwvHLCYTT-I - [0;31mERROR:[0m [youtube] zwvHLCYTT-I: Requested format is not available. Use --list-formats for a list of available formats
2026-03-13 03:44:52,924 - ERROR - エラー: https://www.youtube.com/watch?v=5tGoEd25Glk - [0;31mERROR:[0m [youtube] 5tGoEd25Glk: Requested format is not available. Use --list-formats for a list of available formats
2026-03-13 03:44:55,425 - ERROR - エラー: https://www.youtube.com/watch?v=RiVCc2WMBco - [0;31mERROR:[0m [youtube] RiVCc2WMBco: Requested format is not available. Use --list-formats for a list of available formats
2026-03-13 03:44:57,482 - ERROR - エラー: https://www.youtube.com/watch?v=uccDWzc6h-g - [0;31mERROR:[0m [youtube] uccDWzc6h-g: Requested format is not available. Use --list-formats for a list of available formats
2026-03-13 03:45:01,262 - ERROR - エラー: https://www.youtube.com/watch?v=DbkkCIAjScY - [0;31mERROR:[0m [youtube] DbkkCIAjScY: Requested format is not available. Use --list-formats for a list of available formats
2026-03-13 03:45:01,949 - ERROR - エラー: https://www.youtube.com/watch?v=UaV60e9j_sA - [0;31mERROR:[0m [youtube] UaV60e9j_sA: Requested format is not available. Use --list-formats for a list of available formats
2026-03-13 03:45:04,251 - ERROR - エラー: https://www.youtube.com/watch?v=T2_EJO0CYtY - [0;31mERROR:[0m [youtube] T2_EJO0CYtY: Requested format is not available. Use --list-formats for a list of available formats
2026-03-13 03:45:04,608 - ERROR - エラー: https://www.youtube.com/watch?v=gnMaD5Mxfh0 - [0;31mERROR:[0m [youtube] gnMaD5Mxfh0: Requested format is not available. Use --list-formats for a list of available formats
2026-03-13 03:45:07,402 - ERROR - エラー: https://www.youtube.com/watch?v=gIESKbVKCJk - [0;31mERROR:[0m [youtube] gIESKbVKCJk: Requested format is not available. Use --list-formats for a list of available formats
2026-03-13 03:45:09,972 - ERROR - エラー: https://www.youtube.com/watch?v=28b_t57R4ig - [0;31mERROR:[0m [youtube] 28b_t57R4ig: Requested format is not available. Use --list-formats for a list of available formats
2026-03-13 03:45:15,070 - ERROR - エラー: https://www.youtube.com/watch?v=J5QjlkekElU - [0;31mERROR:[0m [youtube] J5QjlkekElU: Requested format is not available. Use --list-formats for a list of available formats
2026-03-13 03:45:17,467 - ERROR - エラー: https://www.youtube.com/watch?v=HPE_NSQ9g2I - [0;31mERROR:[0m [youtube] HPE_NSQ9g2I: Requested format is not available. Use --list-formats for a list of available formats
2026-03-13 03:45:18,615 - ERROR - エラー: https://www.youtube.com/watch?v=83xdTGcVYcg - [0;31mERROR:[0m [youtube] 83xdTGcVYcg: Requested format is not available. Use --list-formats for a list of available formats
2026-03-13 03:45:20,561 - ERROR - エラー: https://www.youtube.com/watch?v=Cf1mkXZftlY - [0;31mERROR:[0m [youtube] Cf1mkXZftlY: Requested format is not available. Use --list-formats for a list of available formats
2026-03-13 03:45:22,126 - ERROR - エラー: https://www.youtube.com/watch?v=KTKPk2Ml5AQ - [0;31mERROR:[0m [youtube] KTKPk2Ml5AQ: Requested format is not available. Use --list-formats for a list of available formats
2026-03-13 03:45:25,243 - ERROR - エラー: https://www.youtube.com/watch?v=e7jYeiQUUAc - [0;31mERROR:[0m [youtube] e7jYeiQUUAc: Requested format is not available. Use --list-formats for a list of available formats
2026-03-13 03:45:27,670 - ERROR - エラー: https://www.youtube.com/watch?v=XUbueH0Zz2c - [0;31mERROR:[0m [youtube] XUbueH0Zz2c: Requested format is not available. Use --list-formats for a list of available formats
2026-03-13 03:45:28,297 - ERROR - エラー: https://www.youtube.com/watch?v=HME7XLmilps - [0;31mERROR:[0m [youtube] HME7XLmilps: Requested format is not available. Use --list-formats for a list of available formats
2026-03-13 03:45:28,363 - ERROR - エラー: https://www.youtube.com/watch?v=jEEyjhcxecE - [0;31mERROR:[0m [youtube] jEEyjhcxecE: Requested format is not available. Use --list-formats for a list of available formats
2026-03-13 03:45:28,871 - ERROR - エラー: https://www.youtube.com/watch?v=Bjo7B9ZjY1c - [0;31mERROR:[0m 'cookies.txt' does not look like a Netscape format cookies file
2026-03-13 03:45:30,070 - ERROR - エラー: https://www.youtube.com/watch?v=D3J_dDt7Qjw - [0;31mERROR:[0m [youtube] D3J_dDt7Qjw: Requested format is not available. Use --list-formats for a list of available formats
2026-03-13 03:45:32,969 - ERROR - エラー: https://www.youtube.com/watch?v=XijBZjR5hc0 - [0;31mERROR:[0m [youtube] XijBZjR5hc0: Requested format is not available. Use --list-formats for a list of available formats
2026-03-13 03:45:36,121 - ERROR - エラー: https://www.youtube.com/watch?v=jOxFdODWq-U - [0;31mERROR:[0m [youtube] jOxFdODWq-U: Requested format is not available. Use --list-formats for a list of available formats
2026-03-13 03:45:37,634 - ERROR - エラー: https://www.youtube.com/watch?v=IR9Tld01bEI - [0;31mERROR:[0m [youtube] IR9Tld01bEI: Requested format is not available. Use --list-formats for a list of available formats
2026-03-13 03:45:39,102 - ERROR - エラー: https://www.youtube.com/watch?v=Sga7sbeFwfE - [0;31mERROR:[0m [youtube] Sga7sbeFwfE: Requested format is not available. Use --list-formats for a list of available formats
2026-03-13 03:45:39,930 - ERROR - エラー: https://www.youtube.com/watch?v=mGuX3xyqkSM - [0;31mERROR:[0m [youtube] mGuX3xyqkSM: Requested format is not available. Use --list-formats for a list of available formats
2026-03-13 03:45:41,152 - ERROR - エラー: https://www.youtube.com/watch?v=y5ISnP_G5go - [0;31mERROR:[0m [youtube] y5ISnP_G5go: Requested format is not available. Use --list-formats for a list of available formats
2026-03-13 03:45:45,730 - ERROR - エラー: https://www.youtube.com/watch?v=CzfGb3DDYWo - [0;31mERROR:[0m [youtube] CzfGb3DDYWo: Requested format is not available. Use --list-formats for a list of available formats
2026-03-13 03:45:45,811 - ERROR - エラー: https://www.youtube.com/watch?v=YQFJVAuIeV0 - [0;31mERROR:[0m [youtube] YQFJVAuIeV0: Requested format is not available. Use --list-formats for a list of available formats
2026-03-13 03:45:48,986 - ERROR - エラー: https://www.youtube.com/watch?v=vVaDJRBGURY - [0;31mERROR:[0m [youtube] vVaDJRBGURY: Requested format is not available. Use --list-formats for a list of available formats
2026-03-13 03:45:49,647 - ERROR - エラー: https://www.youtube.com/watch?v=BOjroFsvRZA - [0;31mERROR:[0m [youtube] BOjroFsvRZA: Requested format is not available. Use --list-formats for a list of available formats
2026-03-13 03:45:50,432 - ERROR - エラー: https://www.youtube.com/watch?v=ReRldNHYpZc - [0;31mERROR:[0m [youtube] ReRldNHYpZc: Requested format is not available. Use --list-formats for a list of available formats
2026-03-13 03:45:53,366 - ERROR - エラー: https://www.youtube.com/watch?v=mV1hQ57_D_E - [0;31mERROR:[0m [youtube] mV1hQ57_D_E: Requested format is not available. Use --list-formats for a list of available formats
2026-03-13 03:45:53,972 - ERROR - エラー: https://www.youtube.com/watch?v=lvrh0qCyU48 - [0;31mERROR:[0m [youtube] lvrh0qCyU48: Requested format is not available. Use --list-formats for a list of available formats
2026-03-13 03:45:57,531 - ERROR - エラー: https://www.youtube.com/watch?v=UedBkMyINO8 - [0;31mERROR:[0m [youtube] UedBkMyINO8: Requested format is not available. Use --list-formats for a list of available formats
2026-03-13 03:45:57,542 - ERROR - エラー: https://www.youtube.com/watch?v=BkQ6DlXxCv8 - [0;31mERROR:[0m [youtube] BkQ6DlXxCv8: Requested format is not available. Use --list-formats for a list of available formats
2026-03-13 03:45:59,365 - ERROR - エラー: https://www.youtube.com/watch?v=DnWaXnfc2qo - [0;31mERROR:[0m [youtube] DnWaXnfc2qo: Requested format is not available. Use --list-formats for a list of available formats
2026-03-13 03:46:02,334 - ERROR - エラー: https://www.youtube.com/watch?v=u2rfTlmMTa4 - [0;31mERROR:[0m [youtube] u2rfTlmMTa4: Requested format is not available. Use --list-formats for a list of available formats
2026-03-13 03:46:03,203 - ERROR - エラー: https://www.youtube.com/watch?v=FQHebB6G8PQ - [0;31mERROR:[0m [youtube] FQHebB6G8PQ: Requested format is not available. Use --list-formats for a list of available formats
2026-03-13 03:46:07,033 - ERROR - エラー: https://www.youtube.com/watch?v=bNVJWgNOxtQ - [0;31mERROR:[0m [youtube] bNVJWgNOxtQ: Requested format is not available. Use --list-formats for a list of available formats
2026-03-13 03:46:07,042 - ERROR - エラー: https://www.youtube.com/watch?v=nHLWQM9vh64 - [0;31mERROR:[0m [youtube] nHLWQM9vh64: Requested format is not available. Use --list-formats for a list of available formats
2026-03-13 03:46:09,550 - ERROR - エラー: https://www.youtube.com/watch?v=dbpq7T68j9g - [0;31mERROR:[0m [youtube] dbpq7T68j9g: Requested format is not available. Use --list-formats for a list of available formats
2026-03-13 03:46:11,129 - ERROR - エラー: https://www.youtube.com/watch?v=HJii9mQXHj4 - [0;31mERROR:[0m [youtube] HJii9mQXHj4: Requested format is not available. Use --list-formats for a list of available formats
2026-03-13 03:46:13,270 - ERROR - エラー: https://www.youtube.com/watch?v=vm1YHrOswAg - [0;31mERROR:[0m [youtube] vm1YHrOswAg: Requested format is not available. Use --list-formats for a list of available formats
2026-03-13 03:46:16,424 - ERROR - エラー: https://www.youtube.com/watch?v=HQQvCWi_GTw - [0;31mERROR:[0m [youtube] HQQvCWi_GTw: Requested format is not available. Use --list-formats for a list of available formats
2026-03-13 03:46:17,407 - ERROR - エラー: https://www.youtube.com/watch?v=tBpI_z7MbVo - [0;31mERROR:[0m [youtube] tBpI_z7MbVo: Requested format is not available. Use --list-formats for a list of available formats
2026-03-13 03:46:19,283 - ERROR - エラー: https://www.youtube.com/watch?v=li7ZgDbCNMY - [0;31mERROR:[0m [youtube] li7ZgDbCNMY: Requested format is not available. Use --list-formats for a list of available formats
2026-03-13 03:46:19,286 - ERROR - エラー: https://www.youtube.com/watch?v=8KMfLJVLt30 - [0;31mERROR:[0m [youtube] 8KMfLJVLt30: Requested format is not available. Use --list-formats for a list of available formats
2026-03-13 03:46:22,133 - ERROR - エラー: https://www.youtube.com/watch?v=_FMkG24JE8g - [0;31mERROR:[0m [youtube] _FMkG24JE8g: Requested format is not available. Use --list-formats for a list of available formats
2026-03-13 03:46:26,435 - ERROR - エラー: https://www.youtube.com/watch?v=WuEBZvqkLV8 - [0;31mERROR:[0m [youtube] WuEBZvqkLV8: Requested format is not available. Use --list-formats for a list of available formats
2026-03-13 03:46:28,430 - ERROR - エラー: https://www.youtube.com/watch?v=JJxEVTROkuU - [0;31mERROR:[0m [youtube] JJxEVTROkuU: Requested format is not available. Use --list-formats for a list of available formats
2026-03-13 03:46:29,265 - ERROR - エラー: https://www.youtube.com/watch?v=V8HJQStsY40 - [0;31mERROR:[0m [youtube] V8HJQStsY40: Requested format is not available. Use --list-formats for a list of available formats
2026-03-13 03:46:30,115 - ERROR - エラー: https://www.youtube.com/watch?v=gZvasDir6sw - [0;31mERROR:[0m [youtube] gZvasDir6sw: Requested format is not available. Use --list-formats for a list of available formats
2026-03-13 03:46:33,808 - ERROR - エラー: https://www.youtube.com/watch?v=Kzt9l9L-EQk - [0;31mERROR:[0m [youtube] Kzt9l9L-EQk: Requested format is not available. Use --list-formats for a list of available formats
2026-03-13 03:46:37,240 - ERROR - エラー: https://www.youtube.com/watch?v=qwzIbl6ZdSE - [0;31mERROR:[0m [youtube] qwzIbl6ZdSE: Requested format is not available. Use --list-formats for a list of available formats
2026-03-13 03:46:37,297 - ERROR - エラー: https://www.youtube.com/watch?v=hs74_VVKpLg - [0;31mERROR:[0m [youtube] hs74_VVKpLg: Requested format is not available. Use --list-formats for a list of available formats
2026-03-13 03:46:39,030 - ERROR - エラー: https://www.youtube.com/watch?v=t1XEE-Cifsg - [0;31mERROR:[0m [youtube] t1XEE-Cifsg: Requested format is not available. Use --list-formats for a list of available formats
2026-03-13 03:46:43,126 - ERROR - エラー: https://www.youtube.com/watch?v=6q9sC44GQtc - [0;31mERROR:[0m [youtube] 6q9sC44GQtc: Requested format is not available. Use --list-formats for a list of available formats
2026-03-13 03:46:43,815 - ERROR - エラー: https://www.youtube.com/watch?v=K5zoe0zRTWk - [0;31mERROR:[0m [youtube] K5zoe0zRTWk: Requested format is not available. Use --list-formats for a list of available formats
2026-03-13 03:46:48,578 - ERROR - エラー: https://www.youtube.com/watch?v=IthuK0MQ4SU - [0;31mERROR:[0m [youtube] IthuK0MQ4SU: Requested format is not available. Use --list-formats for a list of available formats
2026-03-13 03:46:48,730 - ERROR - エラー: https://www.youtube.com/watch?v=umvgc-LBtB4 - [0;31mERROR:[0m [youtube] umvgc-LBtB4: Requested format is not available. Use --list-formats for a list of available formats
2026-03-13 03:46:49,934 - ERROR - エラー: https://www.youtube.com/watch?v=msGpst-X9Ag - [0;31mERROR:[0m [youtube] msGpst-X9Ag: Requested format is not available. Use --list-formats for a list of available formats
2026-03-13 03:46:55,112 - ERROR - エラー: https://www.youtube.com/watch?v=fMFLjDs8Ic0 - [0;31mERROR:[0m [youtube] fMFLjDs8Ic0: Requested format is not available. Use --list-formats for a list of available formats
2026-03-13 03:46:56,571 - ERROR - エラー: https://www.youtube.com/watch?v=yQuEWIs_c4M - [0;31mERROR:[0m [youtube] yQuEWIs_c4M: Requested format is not available. Use --list-formats for a list of available formats
2026-03-13 03:46:58,980 - ERROR - エラー: https://www.youtube.com/watch?v=Re7RuGsrTAQ - [0;31mERROR:[0m [youtube] Re7RuGsrTAQ: Requested format is not available. Use --list-formats for a list of available formats
2026-03-13 03:46:59,620 - ERROR - エラー: https://www.youtube.com/watch?v=j2dRaD7Glfg - [0;31mERROR:[0m [youtube] j2dRaD7Glfg: Requested format is not available. Use --list-formats for a list of available formats
2026-03-13 03:46:59,620 - ERROR - エラー: https://www.youtube.com/watch?v=eMU3bw553BQ - [0;31mERROR:[0m [youtube] eMU3bw553BQ: Requested format is not available. Use --list-formats for a list of available formats
2026-03-13 03:47:03,365 - ERROR - エラー: https://www.youtube.com/watch?v=IKJQ9vKbF-4 - [0;31mERROR:[0m [youtube] IKJQ9vKbF-4: Requested format is not available. Use --list-formats for a list of available formats
2026-03-13 03:47:06,625 - ERROR - エラー: https://www.youtube.com/watch?v=zoSBRNYHeHc - [0;31mERROR:[0m [youtube] zoSBRNYHeHc: Requested format is not available. Use --list-formats for a list of available formats
2026-03-13 03:47:10,387 - ERROR - エラー: https://www.youtube.com/watch?v=sWcTuHgyE-I - [0;31mERROR:[0m [youtube] sWcTuHgyE-I: Requested format is not available. Use --list-formats for a list of available formats
2026-03-13 03:47:11,388 - ERROR - エラー: https://www.youtube.com/watch?v=43D15h3bqfQ - [0;31mERROR:[0m [youtube] 43D15h3bqfQ: Requested format is not available. Use --list-formats for a list of available formats
2026-03-13 03:47:11,454 - ERROR - エラー: https://www.youtube.com/watch?v=J6lWIurtDdQ - [0;31mERROR:[0m [youtube] J6lWIurtDdQ: Requested format is not available. Use --list-formats for a list of available formats
2026-03-13 03:47:13,755 - ERROR - エラー: https://www.youtube.com/watch?v=9ofHm9usa0g - [0;31mERROR:[0m [youtube] 9ofHm9usa0g: Requested format is not available. Use --list-formats for a list of available formats
2026-03-13 03:47:15,086 - ERROR - エラー: https://www.youtube.com/watch?v=FFOCBEVnkFU - [0;31mERROR:[0m [youtube] FFOCBEVnkFU: Requested format is not available. Use --list-formats for a list of available formats
2026-03-13 03:47:17,615 - ERROR - エラー: https://www.youtube.com/watch?v=oNfwzaTlSqs - [0;31mERROR:[0m [youtube] oNfwzaTlSqs: Requested format is not available. Use --list-formats for a list of available formats
2026-03-13 03:47:20,046 - ERROR - エラー: https://www.youtube.com/watch?v=_hm4uOOYtHg - [0;31mERROR:[0m [youtube] _hm4uOOYtHg: Requested format is not available. Use --list-formats for a list of available formats
2026-03-13 03:47:21,588 - ERROR - エラー: https://www.youtube.com/watch?v=EeLQL_4D99Q - [0;31mERROR:[0m [youtube] EeLQL_4D99Q: Requested format is not available. Use --list-formats for a list of available formats
2026-03-13 03:47:22,041 - ERROR - エラー: https://www.youtube.com/watch?v=sX9K30tMAck - [0;31mERROR:[0m [youtube] sX9K30tMAck: Requested format is not available. Use --list-formats for a list of available formats
2026-03-13 03:47:24,661 - ERROR - エラー: https://www.youtube.com/watch?v=qHsLYP9vC1E - [0;31mERROR:[0m [youtube] qHsLYP9vC1E: Requested format is not available. Use --list-formats for a list of available formats
2026-03-13 03:47:25,312 - ERROR - エラー: https://www.youtube.com/watch?v=3LvDAiQ_sHw - [0;31mERROR:[0m [youtube] 3LvDAiQ_sHw: Requested format is not available. Use --list-formats for a list of available formats
2026-03-13 03:47:29,233 - ERROR - エラー: https://www.youtube.com/watch?v=cfco6BxzdlY - [0;31mERROR:[0m [youtube] cfco6BxzdlY: Requested format is not available. Use --list-formats for a list of available formats
2026-03-13 03:47:29,783 - ERROR - エラー: https://www.youtube.com/watch?v=aFqWEVfVHaQ - [0;31mERROR:[0m [youtube] aFqWEVfVHaQ: Requested format is not available. Use --list-formats for a list of available formats
2026-03-13 03:47:30,661 - ERROR - エラー: https://www.youtube.com/watch?v=LYHw35WFQPY - [0;31mERROR:[0m [youtube] LYHw35WFQPY: Requested format is not available. Use --list-formats for a list of available formats
2026-03-13 03:47:33,151 - ERROR - エラー: https://www.youtube.com/watch?v=NCuiP6N9b4c - [0;31mERROR:[0m [youtube] NCuiP6N9b4c: Requested format is not available. Use --list-formats for a list of available formats
2026-03-13 03:47:33,776 - ERROR - エラー: https://www.youtube.com/watch?v=t8ZWd9bMAMI - [0;31mERROR:[0m [youtube] t8ZWd9bMAMI: Requested format is not available. Use --list-formats for a list of available formats
2026-03-13 03:47:37,154 - ERROR - エラー: https://www.youtube.com/watch?v=QlQBVzKpRwM - [0;31mERROR:[0m [youtube] QlQBVzKpRwM: Requested format is not available. Use --list-formats for a list of available formats
2026-03-13 03:47:38,972 - ERROR - エラー: https://www.youtube.com/watch?v=qRM7cjhJbCU - [0;31mERROR:[0m [youtube] qRM7cjhJbCU: Requested format is not available. Use --list-formats for a list of available formats
2026-03-13 03:47:40,113 - ERROR - エラー: https://www.youtube.com/watch?v=_q-hdVmRObg - [0;31mERROR:[0m [youtube] _q-hdVmRObg: Requested format is not available. Use --list-formats for a list of available formats
2026-03-13 03:47:40,809 - ERROR - エラー: https://www.youtube.com/watch?v=2M6x8oA_--o - [0;31mERROR:[0m [youtube] 2M6x8oA_--o: Requested format is not available. Use --list-formats for a list of available formats
2026-03-13 03:47:41,392 - ERROR - エラー: https://www.youtube.com/watch?v=R7X4Ba92quM - [0;31mERROR:[0m [youtube] R7X4Ba92quM: Requested format is not available. Use --list-formats for a list of available formats
2026-03-13 03:47:44,955 - ERROR - エラー: https://www.youtube.com/watch?v=TJ12rJ8ALOo - [0;31mERROR:[0m [youtube] TJ12rJ8ALOo: Requested format is not available. Use --list-formats for a list of available formats
2026-03-13 03:47:47,688 - ERROR - エラー: https://www.youtube.com/watch?v=EqRuflWCf1o - [0;31mERROR:[0m [youtube] EqRuflWCf1o: Requested format is not available. Use --list-formats for a list of available formats
2026-03-13 03:47:47,694 - ERROR - エラー: https://www.youtube.com/watch?v=26Ryyj3DRYA - [0;31mERROR:[0m [youtube] 26Ryyj3DRYA: Requested format is not available. Use --list-formats for a list of available formats
2026-03-13 03:47:49,551 - ERROR - エラー: https://www.youtube.com/watch?v=QajSTrce4_4 - [0;31mERROR:[0m [youtube] QajSTrce4_4: Requested format is not available. Use --list-formats for a list of available formats
2026-03-13 03:47:52,269 - ERROR - エラー: https://www.youtube.com/watch?v=Kiz2vDVQwww - [0;31mERROR:[0m [youtube] Kiz2vDVQwww: Requested format is not available. Use --list-formats for a list of available formats
2026-03-13 03:47:54,915 - ERROR - エラー: https://www.youtube.com/watch?v=_HvPeqYzVhU - [0;31mERROR:[0m [youtube] _HvPeqYzVhU: Requested format is not available. Use --list-formats for a list of available formats
2026-03-13 03:47:55,173 - ERROR - エラー: https://www.youtube.com/watch?v=p52_aeyGqVI - [0;31mERROR:[0m [youtube] p52_aeyGqVI: Requested format is not available. Use --list-formats for a list of available formats
2026-03-13 03:47:55,740 - ERROR - エラー: https://www.youtube.com/watch?v=lguc7sra7PE - [0;31mERROR:[0m [youtube] lguc7sra7PE: Requested format is not available. Use --list-formats for a list of available formats
2026-03-13 03:49:40,763 - ERROR - エラー: https://www.youtube.com/watch?v=pB0LdJwttyg - [0;31mERROR:[0m [youtube] pB0LdJwttyg: Requested format is not available. Use --list-formats for a list of available formats
2026-03-13 03:49:40,924 - ERROR - エラー: https://www.youtube.com/watch?v=2ok9upWkPqQ - [0;31mERROR:[0m [youtube] 2ok9upWkPqQ: Requested format is not available. Use --list-formats for a list of available formats
2026-03-13 03:49:41,519 - ERROR - エラー: https://www.youtube.com/watch?v=U1SHXlJ8g38 - [0;31mERROR:[0m [youtube] U1SHXlJ8g38: Requested format is not available. Use --list-formats for a list of available formats
2026-03-13 03:49:42,501 - ERROR - エラー: https://www.youtube.com/watch?v=112e-MxpAMo - [0;31mERROR:[0m [youtube] 112e-MxpAMo: Requested format is not available. Use --list-formats for a list of available formats
2026-03-13 03:49:45,593 - ERROR - エラー: https://www.youtube.com/watch?v=-5aHWqbAl9M - [0;31mERROR:[0m [youtube] -5aHWqbAl9M: Requested format is not available. Use --list-formats for a list of available formats
2026-03-13 03:49:47,478 - ERROR - エラー: https://www.youtube.com/watch?v=RQgQ0gZxkIw - [0;31mERROR:[0m [youtube] RQgQ0gZxkIw: Requested format is not available. Use --list-formats for a list of available formats
2026-03-13 03:49:47,757 - ERROR - エラー: https://www.youtube.com/watch?v=iVA17rUqYoI - [0;31mERROR:[0m [youtube] iVA17rUqYoI: Requested format is not available. Use --list-formats for a list of available formats
2026-03-13 03:49:53,007 - ERROR - エラー: https://www.youtube.com/watch?v=z99HCXBdiPI - [0;31mERROR:[0m [youtube] z99HCXBdiPI: Requested format is not available. Use --list-formats for a list of available formats
2026-03-13 03:49:53,605 - ERROR - エラー: https://www.youtube.com/watch?v=QFBXcNu_Q_g - [0;31mERROR:[0m [youtube] QFBXcNu_Q_g: Requested format is not available. Use --list-formats for a list of available formats
2026-03-13 03:49:57,855 - ERROR - エラー: https://www.youtube.com/watch?v=sjg3_5uxQXE - [0;31mERROR:[0m [youtube] sjg3_5uxQXE: Requested format is not available. Use --list-formats for a list of available formats
2026-03-13 03:49:58,141 - ERROR - エラー: https://www.youtube.com/watch?v=Vg8iDvW8C6A - [0;31mERROR:[0m [youtube] Vg8iDvW8C6A: Requested format is not available. Use --list-formats for a list of available formats
2026-03-13 03:50:02,349 - ERROR - エラー: https://www.youtube.com/watch?v=aY-Q6BxihkY - [0;31mERROR:[0m [youtube] aY-Q6BxihkY: Requested format is not available. Use --list-formats for a list of available formats
2026-03-13 03:50:03,279 - ERROR - エラー: https://www.youtube.com/watch?v=myB5ixbJX0g - [0;31mERROR:[0m [youtube] myB5ixbJX0g: Requested format is not available. Use --list-formats for a list of available formats
2026-03-13 03:50:07,140 - ERROR - エラー: https://www.youtube.com/watch?v=xuN6nT5wmnE - [0;31mERROR:[0m [youtube] xuN6nT5wmnE: Requested format is not available. Use --list-formats for a list of available formats
2026-03-13 03:50:11,522 - ERROR - エラー: https://www.youtube.com/watch?v=t9jrpnL_6Jo - [0;31mERROR:[0m [youtube] t9jrpnL_6Jo: Requested format is not available. Use --list-formats for a list of available formats
2026-03-13 03:50:16,320 - ERROR - エラー: https://www.youtube.com/watch?v=py34YH7rEEA - [0;31mERROR:[0m [youtube] py34YH7rEEA: Requested format is not available. Use --list-formats for a list of available formats
2026-03-13 03:50:21,165 - ERROR - エラー: https://www.youtube.com/watch?v=DHSgnrorA9E - [0;31mERROR:[0m [youtube] DHSgnrorA9E: Requested format is not available. Use --list-formats for a list of available formats
2026-03-13 03:50:25,566 - ERROR - エラー: https://www.youtube.com/watch?v=OjNOHn5NMZI - [0;31mERROR:[0m [youtube] OjNOHn5NMZI: Requested format is not available. Use --list-formats for a list of available formats
2026-03-13 03:50:32,841 - ERROR - エラー: https://www.youtube.com/watch?v=3CwxMKOEivk - [0;31mERROR:[0m [youtube] 3CwxMKOEivk: Requested format is not available. Use --list-formats for a list of available formats
2026-03-13 03:50:37,396 - ERROR - エラー: https://www.youtube.com/watch?v=IbPHJ-D1n3U - [0;31mERROR:[0m [youtube] IbPHJ-D1n3U: Requested format is not available. Use --list-formats for a list of available formats
2026-03-13 03:50:38,561 - ERROR - エラー: https://www.youtube.com/watch?v=dPgRBDQQoOg - [0;31mERROR:[0m [youtube] dPgRBDQQoOg: Requested format is not available. Use --list-formats for a list of available formats
2026-03-13 03:50:42,362 - ERROR - エラー: https://www.youtube.com/watch?v=q-mWmSQ8Nb4 - [0;31mERROR:[0m [youtube] q-mWmSQ8Nb4: Requested format is not available. Use --list-formats for a list of available formats
2026-03-13 03:50:43,752 - ERROR - エラー: https://www.youtube.com/watch?v=O9ETzUiBBlI - [0;31mERROR:[0m [youtube] O9ETzUiBBlI: Requested format is not available. Use --list-formats for a list of available formats
2026-03-13 03:50:44,311 - ERROR - エラー: https://www.youtube.com/watch?v=KOTRXB6uZEY - [0;31mERROR:[0m [youtube] KOTRXB6uZEY: Private video. Sign in if you've been granted access to this video. Use --cookies-from-browser or --cookies for the authentication. See  https://github.com/yt-dlp/yt-dlp/wiki/FAQ#how-do-i-pass-cookies-to-yt-dlp  for how to manually pass cookies. Also see  https://github.com/yt-dlp/yt-dlp/wiki/Extractors#exporting-youtube-cookies  for tips on effectively exporting YouTube cookies
2026-03-13 03:50:47,349 - ERROR - エラー: https://www.youtube.com/watch?v=5Z-f-p0FTI0 - [0;31mERROR:[0m [youtube] 5Z-f-p0FTI0: Requested format is not available. Use --list-formats for a list of available formats
2026-03-13 03:50:48,925 - ERROR - エラー: https://www.youtube.com/watch?v=1eJOGFoC9CU - [0;31mERROR:[0m [youtube] 1eJOGFoC9CU: Requested format is not available. Use --list-formats for a list of available formats
2026-03-13 03:50:52,141 - ERROR - エラー: https://www.youtube.com/watch?v=DHG3O4i8NTg - [0;31mERROR:[0m [youtube] DHG3O4i8NTg: Requested format is not available. Use --list-formats for a list of available formats
2026-03-13 03:50:52,644 - ERROR - エラー: https://www.youtube.com/watch?v=5GGZ-PYpw9Q - [0;31mERROR:[0m [youtube] 5GGZ-PYpw9Q: Requested format is not available. Use --list-formats for a list of available formats
2026-03-13 03:50:57,263 - ERROR - エラー: https://www.youtube.com/watch?v=LuXmwrfZoaQ - [0;31mERROR:[0m [youtube] LuXmwrfZoaQ: Requested format is not available. Use --list-formats for a list of available formats
2026-03-13 03:50:58,563 - ERROR - エラー: https://www.youtube.com/watch?v=bhoKcctMUBk - [0;31mERROR:[0m [youtube] bhoKcctMUBk: Requested format is not available. Use --list-formats for a list of available formats
2026-03-13 03:51:01,246 - ERROR - エラー: https://www.youtube.com/watch?v=hfcZMZrpGd8 - [0;31mERROR:[0m [youtube] hfcZMZrpGd8: Requested format is not available. Use --list-formats for a list of available formats
2026-03-13 03:51:03,695 - ERROR - エラー: https://www.youtube.com/watch?v=8bH4wSTPKXs - [0;31mERROR:[0m [youtube] 8bH4wSTPKXs: Requested format is not available. Use --list-formats for a list of available formats
2026-03-13 03:51:06,093 - ERROR - エラー: https://www.youtube.com/watch?v=VAU6P9fZtvg - [0;31mERROR:[0m [youtube] VAU6P9fZtvg: Requested format is not available. Use --list-formats for a list of available formats
2026-03-13 03:51:08,641 - ERROR - エラー: https://www.youtube.com/watch?v=VXh91BORfAI - [0;31mERROR:[0m [youtube] VXh91BORfAI: Requested format is not available. Use --list-formats for a list of available formats
2026-03-13 03:51:13,282 - ERROR - エラー: https://www.youtube.com/watch?v=d_sGCHA08Vc - [0;31mERROR:[0m [youtube] d_sGCHA08Vc: Requested format is not available. Use --list-formats for a list of available formats
2026-03-13 03:51:13,895 - ERROR - エラー: https://www.youtube.com/watch?v=2dSwQ1QfYrA - [0;31mERROR:[0m [youtube] 2dSwQ1QfYrA: Requested format is not available. Use --list-formats for a list of available formats
2026-03-13 03:51:18,472 - ERROR - エラー: https://www.youtube.com/watch?v=y_qFx0cwm_M - [0;31mERROR:[0m [youtube] y_qFx0cwm_M: Requested format is not available. Use --list-formats for a list of available formats
2026-03-13 03:51:19,466 - ERROR - エラー: https://www.youtube.com/watch?v=0qt0Nwzyl4w - [0;31mERROR:[0m [youtube] 0qt0Nwzyl4w: Requested format is not available. Use --list-formats for a list of available formats
2026-03-13 03:51:23,101 - ERROR - エラー: https://www.youtube.com/watch?v=ZW9mrYiKhRI - [0;31mERROR:[0m [youtube] ZW9mrYiKhRI: Requested format is not available. Use --list-formats for a list of available formats
2026-03-13 03:51:24,537 - ERROR - エラー: https://www.youtube.com/watch?v=BDgegFa29fc - [0;31mERROR:[0m [youtube] BDgegFa29fc: Requested format is not available. Use --list-formats for a list of available formats
2026-03-13 03:51:28,994 - ERROR - エラー: https://www.youtube.com/watch?v=RLCJUnyVp9c - [0;31mERROR:[0m [youtube] RLCJUnyVp9c: Requested format is not available. Use --list-formats for a list of available formats
2026-03-13 03:51:29,802 - ERROR - エラー: https://www.youtube.com/watch?v=z-fBk5zXgbs - [0;31mERROR:[0m [youtube] z-fBk5zXgbs: Requested format is not available. Use --list-formats for a list of available formats
2026-03-13 03:51:34,241 - ERROR - エラー: https://www.youtube.com/watch?v=elCcCf0vFgQ - [0;31mERROR:[0m [youtube] elCcCf0vFgQ: Requested format is not available. Use --list-formats for a list of available formats
2026-03-13 03:51:34,505 - ERROR - エラー: https://www.youtube.com/watch?v=qoJXsAH4rqo - [0;31mERROR:[0m [youtube] qoJXsAH4rqo: Requested format is not available. Use --list-formats for a list of available formats
2026-03-13 03:51:39,153 - ERROR - エラー: https://www.youtube.com/watch?v=xAn5nAKwLA8 - [0;31mERROR:[0m [youtube] xAn5nAKwLA8: Requested format is not available. Use --list-formats for a list of available formats
2026-03-13 03:51:39,591 - ERROR - エラー: https://www.youtube.com/watch?v=_SyovAoj5mg - [0;31mERROR:[0m [youtube] _SyovAoj5mg: Requested format is not available. Use --list-formats for a list of available formats
2026-03-13 03:51:43,952 - ERROR - エラー: https://www.youtube.com/watch?v=icvdYsixWwg - [0;31mERROR:[0m [youtube] icvdYsixWwg: Requested format is not available. Use --list-formats for a list of available formats
2026-03-13 03:51:44,442 - ERROR - エラー: https://www.youtube.com/watch?v=FfZa1VZz0qc - [0;31mERROR:[0m [youtube] FfZa1VZz0qc: Requested format is not available. Use --list-formats for a list of available formats
2026-03-13 03:51:49,082 - ERROR - エラー: https://www.youtube.com/watch?v=GX_1mBJy9mc - [0;31mERROR:[0m [youtube] GX_1mBJy9mc: Requested format is not available. Use --list-formats for a list of available formats
2026-03-13 03:51:49,386 - ERROR - エラー: https://www.youtube.com/watch?v=QA2JHaYtDk8 - [0;31mERROR:[0m [youtube] QA2JHaYtDk8: Requested format is not available. Use --list-formats for a list of available formats
2026-03-13 03:51:53,846 - ERROR - エラー: https://www.youtube.com/watch?v=X_2-eVGEL48 - [0;31mERROR:[0m [youtube] X_2-eVGEL48: Requested format is not available. Use --list-formats for a list of available formats
2026-03-13 03:51:58,305 - ERROR - エラー: https://www.youtube.com/watch?v=g15jOmOjizA - [0;31mERROR:[0m [youtube] g15jOmOjizA: Requested format is not available. Use --list-formats for a list of available formats
2026-03-13 03:52:00,809 - ERROR - エラー: https://www.youtube.com/watch?v=iQvFu8YAbqs - [0;31mERROR:[0m [youtube] iQvFu8YAbqs: Requested format is not available. Use --list-formats for a list of available formats
2026-03-13 03:52:03,017 - ERROR - エラー: https://www.youtube.com/watch?v=e2T0TGxRQnk - [0;31mERROR:[0m [youtube] e2T0TGxRQnk: Requested format is not available. Use --list-formats for a list of available formats
2026-03-13 03:52:05,600 - ERROR - エラー: https://www.youtube.com/watch?v=aOhbrA2oElU - [0;31mERROR:[0m [youtube] aOhbrA2oElU: Requested format is not available. Use --list-formats for a list of available formats
2026-03-13 03:52:06,276 - ERROR - エラー: https://www.youtube.com/watch?v=-TmlrHun60M - [0;31mERROR:[0m [youtube] -TmlrHun60M: Requested format is not available. Use --list-formats for a list of available formats
2026-03-13 03:52:08,616 - ERROR - エラー: https://www.youtube.com/watch?v=qcX2C05KENY - [0;31mERROR:[0m [youtube] qcX2C05KENY: The following content is not available on this app.. Watch on the latest version of YouTube.
2026-03-13 03:52:10,357 - ERROR - エラー: https://www.youtube.com/watch?v=J2bGEJQy5gY - [0;31mERROR:[0m [youtube] J2bGEJQy5gY: Requested format is not available. Use --list-formats for a list of available formats
2026-03-13 03:52:10,517 - ERROR - エラー: https://www.youtube.com/watch?v=J2jHGVYEHWg - [0;31mERROR:[0m [youtube] J2jHGVYEHWg: Requested format is not available. Use --list-formats for a list of available formats
2026-03-13 03:52:11,281 - ERROR - エラー: https://www.youtube.com/watch?v=TxPveVndy1Q - [0;31mERROR:[0m [youtube] TxPveVndy1Q: Requested format is not available. Use --list-formats for a list of available formats
2026-03-13 03:52:14,165 - ERROR - エラー: https://www.youtube.com/watch?v=J0zjCsf82Qw - [0;31mERROR:[0m [youtube] J0zjCsf82Qw: Requested format is not available. Use --list-formats for a list of available formats
2026-03-13 03:52:14,639 - ERROR - エラー: https://www.youtube.com/watch?v=PrA94qT1a6Q - [0;31mERROR:[0m [youtube] PrA94qT1a6Q: Requested format is not available. Use --list-formats for a list of available formats
2026-03-13 03:52:17,088 - ERROR - エラー: https://www.youtube.com/watch?v=AdXiGpVI__4 - [0;31mERROR:[0m [youtube] AdXiGpVI__4: Requested format is not available. Use --list-formats for a list of available formats
2026-03-13 03:52:17,811 - ERROR - エラー: https://www.youtube.com/watch?v=JM2o8tXqgik - [0;31mERROR:[0m [youtube] JM2o8tXqgik: Requested format is not available. Use --list-formats for a list of available formats
2026-03-13 03:52:17,837 - ERROR - エラー: https://www.youtube.com/watch?v=HGM8MAJHfug - [0;31mERROR:[0m [youtube] HGM8MAJHfug: The following content is not available on this app.. Watch on the latest version of YouTube.
2026-03-13 03:52:20,137 - ERROR - エラー: https://www.youtube.com/watch?v=miXFiIHoJws - [0;31mERROR:[0m [youtube] miXFiIHoJws: The following content is not available on this app.. Watch on the latest version of YouTube.
2026-03-13 03:52:21,124 - ERROR - エラー: https://www.youtube.com/watch?v=rBuA1YxLEpU - [0;31mERROR:[0m [youtube] rBuA1YxLEpU: Requested format is not available. Use --list-formats for a list of available formats
2026-03-13 03:52:23,880 - ERROR - エラー: https://www.youtube.com/watch?v=Dun5UQf0whs - [0;31mERROR:[0m [youtube] Dun5UQf0whs: The following content is not available on this app.. Watch on the latest version of YouTube.
2026-03-13 03:52:24,573 - ERROR - エラー: https://www.youtube.com/watch?v=md8sSOPHXK8 - [0;31mERROR:[0m [youtube] md8sSOPHXK8: Requested format is not available. Use --list-formats for a list of available formats
2026-03-13 03:52:25,163 - ERROR - エラー: https://www.youtube.com/watch?v=kpbrJ7ZCk14 - [0;31mERROR:[0m [youtube] kpbrJ7ZCk14: Requested format is not available. Use --list-formats for a list of available formats
2026-03-13 03:52:26,626 - ERROR - エラー: https://www.youtube.com/watch?v=KcCwI8Tmcm8 - [0;31mERROR:[0m [youtube] KcCwI8Tmcm8: Requested format is not available. Use --list-formats for a list of available formats
2026-03-13 03:52:27,037 - ERROR - エラー: https://www.youtube.com/watch?v=GTuWsXAtx0k - [0;31mERROR:[0m [youtube] GTuWsXAtx0k: The following content is not available on this app.. Watch on the latest version of YouTube.
2026-03-13 03:52:30,041 - ERROR - エラー: https://www.youtube.com/watch?v=r5rZjxCtet4 - [0;31mERROR:[0m [youtube] r5rZjxCtet4: The following content is not available on this app.. Watch on the latest version of YouTube.
2026-03-13 03:52:31,260 - ERROR - エラー: https://www.youtube.com/watch?v=bh2kgCDMSdE - [0;31mERROR:[0m [youtube] bh2kgCDMSdE: Requested format is not available. Use --list-formats for a list of available formats
2026-03-13 03:52:32,290 - ERROR - エラー: https://www.youtube.com/watch?v=RE3Ug2QcFN8 - [0;31mERROR:[0m [youtube] RE3Ug2QcFN8: Requested format is not available. Use --list-formats for a list of available formats
2026-03-13 03:52:33,048 - ERROR - エラー: https://www.youtube.com/watch?v=Rc7udBaz-k0 - [0;31mERROR:[0m [youtube] Rc7udBaz-k0: The following content is not available on this app.. Watch on the latest version of YouTube.
2026-03-13 03:52:33,065 - ERROR - エラー: https://www.youtube.com/watch?v=Z48DlpOtkWM - [0;31mERROR:[0m [youtube] Z48DlpOtkWM: Requested format is not available. Use --list-formats for a list of available formats
2026-03-13 03:52:34,421 - ERROR - エラー: https://www.youtube.com/watch?v=FiSJhqeQhOk - [0;31mERROR:[0m [youtube] FiSJhqeQhOk: The following content is not available on this app.. Watch on the latest version of YouTube.
2026-03-13 03:52:35,204 - ERROR - エラー: https://www.youtube.com/watch?v=UXwUZLlLn2s - [0;31mERROR:[0m [youtube] UXwUZLlLn2s: The following content is not available on this app.. Watch on the latest version of YouTube.
2026-03-13 03:52:35,469 - ERROR - エラー: https://www.youtube.com/watch?v=UOwRvB-EzVk - [0;31mERROR:[0m [youtube] UOwRvB-EzVk: The following content is not available on this app.. Watch on the latest version of YouTube.
2026-03-13 03:52:38,797 - ERROR - エラー: https://www.youtube.com/watch?v=oKzed3_RoHk - [0;31mERROR:[0m [youtube] oKzed3_RoHk: Requested format is not available. Use --list-formats for a list of available formats
2026-03-13 03:54:21,881 - ERROR - エラー: https://www.youtube.com/watch?v=amWUQDdi1Sc - [0;31mERROR:[0m [youtube] amWUQDdi1Sc: The following content is not available on this app.. Watch on the latest version of YouTube.
2026-03-13 03:54:22,048 - ERROR - エラー: https://www.youtube.com/watch?v=-dWTTQvIGN4 - [0;31mERROR:[0m [youtube] -dWTTQvIGN4: The following content is not available on this app.. Watch on the latest version of YouTube.
2026-03-13 03:54:22,599 - ERROR - エラー: https://www.youtube.com/watch?v=RL4sEkHDqmM - [0;31mERROR:[0m [youtube] RL4sEkHDqmM: The following content is not available on this app.. Watch on the latest version of YouTube.
2026-03-13 03:54:22,662 - ERROR - エラー: https://www.youtube.com/watch?v=YT1NP9kFkcA - [0;31mERROR:[0m [youtube] YT1NP9kFkcA: The following content is not available on this app.. Watch on the latest version of YouTube.
2026-03-13 03:54:25,800 - ERROR - エラー: https://www.youtube.com/watch?v=2O626ip1xAA - [0;31mERROR:[0m [youtube] 2O626ip1xAA: The following content is not available on this app.. Watch on the latest version of YouTube.
2026-03-13 03:54:25,892 - ERROR - エラー: https://www.youtube.com/watch?v=YvQZZA7_eyQ - [0;31mERROR:[0m [youtube] YvQZZA7_eyQ: The following content is not available on this app.. Watch on the latest version of YouTube.
2026-03-13 03:54:26,743 - ERROR - エラー: https://www.youtube.com/watch?v=Etn5NdlwzE4 - [0;31mERROR:[0m [youtube] Etn5NdlwzE4: The following content is not available on this app.. Watch on the latest version of YouTube.
2026-03-13 03:54:27,007 - ERROR - エラー: https://www.youtube.com/watch?v=ZGIu8i8-YUU - [0;31mERROR:[0m [youtube] ZGIu8i8-YUU: The following content is not available on this app.. Watch on the latest version of YouTube.
2026-03-13 03:54:28,099 - ERROR - エラー: https://www.youtube.com/watch?v=gZK5IFqPo1o - [0;31mERROR:[0m [youtube] gZK5IFqPo1o: Requested format is not available. Use --list-formats for a list of available formats
2026-03-13 03:54:29,873 - ERROR - エラー: https://www.youtube.com/watch?v=JmDLhXfu6Xg - [0;31mERROR:[0m [youtube] JmDLhXfu6Xg: The following content is not available on this app.. Watch on the latest version of YouTube.
2026-03-13 03:54:30,635 - ERROR - エラー: https://www.youtube.com/watch?v=rtZYKd_-nGQ - [0;31mERROR:[0m [youtube] rtZYKd_-nGQ: The following content is not available on this app.. Watch on the latest version of YouTube.
2026-03-13 03:54:31,510 - ERROR - エラー: https://www.youtube.com/watch?v=B0J_iXKnBXw - [0;31mERROR:[0m [youtube] B0J_iXKnBXw: The following content is not available on this app.. Watch on the latest version of YouTube.
2026-03-13 03:54:31,637 - ERROR - エラー: https://www.youtube.com/watch?v=MUTBaVYljO0 - [0;31mERROR:[0m [youtube] MUTBaVYljO0: The following content is not available on this app.. Watch on the latest version of YouTube.
2026-03-13 03:54:33,392 - ERROR - エラー: https://www.youtube.com/watch?v=IE0-XVIQeII - [0;31mERROR:[0m [youtube] IE0-XVIQeII: The following content is not available on this app.. Watch on the latest version of YouTube.
2026-03-13 03:54:34,530 - ERROR - エラー: https://www.youtube.com/watch?v=rRpWDjUJcRs - [0;31mERROR:[0m [youtube] rRpWDjUJcRs: The following content is not available on this app.. Watch on the latest version of YouTube.
2026-03-13 03:54:35,428 - ERROR - エラー: https://www.youtube.com/watch?v=TwhftqcO4Wo - [0;31mERROR:[0m [youtube] TwhftqcO4Wo: Requested format is not available. Use --list-formats for a list of available formats
2026-03-13 03:54:35,765 - ERROR - エラー: https://www.youtube.com/watch?v=VokTP7IF9CQ - [0;31mERROR:[0m [youtube] VokTP7IF9CQ: The following content is not available on this app.. Watch on the latest version of YouTube.
2026-03-13 03:54:37,370 - ERROR - エラー: https://www.youtube.com/watch?v=Y5QrOt6MuuI - [0;31mERROR:[0m [youtube] Y5QrOt6MuuI: The following content is not available on this app.. Watch on the latest version of YouTube.
2026-03-13 03:54:38,275 - ERROR - エラー: https://www.youtube.com/watch?v=eJrA1vUEEcg - [0;31mERROR:[0m [youtube] eJrA1vUEEcg: The following content is not available on this app.. Watch on the latest version of YouTube.
2026-03-13 03:54:39,402 - ERROR - エラー: https://www.youtube.com/watch?v=VXaOCCXhy7w - [0;31mERROR:[0m [youtube] VXaOCCXhy7w: The following content is not available on this app.. Watch on the latest version of YouTube.
2026-03-13 03:54:39,609 - ERROR - エラー: https://www.youtube.com/watch?v=0q1ACDLTIPw - [0;31mERROR:[0m [youtube] 0q1ACDLTIPw: The following content is not available on this app.. Watch on the latest version of YouTube.
2026-03-13 03:54:40,639 - ERROR - エラー: https://www.youtube.com/watch?v=vquWshxvubg - [0;31mERROR:[0m [youtube] vquWshxvubg: Requested format is not available. Use --list-formats for a list of available formats
2026-03-13 03:54:41,804 - ERROR - エラー: https://www.youtube.com/watch?v=h0fZIlyg280 - [0;31mERROR:[0m [youtube] h0fZIlyg280: The following content is not available on this app.. Watch on the latest version of YouTube.
2026-03-13 03:54:43,135 - ERROR - エラー: https://www.youtube.com/watch?v=McbVtr23zvI - [0;31mERROR:[0m [youtube] McbVtr23zvI: The following content is not available on this app.. Watch on the latest version of YouTube.
2026-03-13 03:54:43,560 - ERROR - エラー: https://www.youtube.com/watch?v=HfGFwfwnXx0 - [0;31mERROR:[0m [youtube] HfGFwfwnXx0: The following content is not available on this app.. Watch on the latest version of YouTube.
2026-03-13 03:54:44,552 - ERROR - エラー: https://www.youtube.com/watch?v=73x1M3UNeOk - [0;31mERROR:[0m [youtube] 73x1M3UNeOk: The following content is not available on this app.. Watch on the latest version of YouTube.
2026-03-13 03:54:45,175 - ERROR - エラー: https://www.youtube.com/watch?v=nyasmnUSfog - [0;31mERROR:[0m [youtube] nyasmnUSfog: Requested format is not available. Use --list-formats for a list of available formats
2026-03-13 03:54:46,460 - ERROR - エラー: https://www.youtube.com/watch?v=rmsR3WuNeoY - [0;31mERROR:[0m [youtube] rmsR3WuNeoY: The following content is not available on this app.. Watch on the latest version of YouTube.
2026-03-13 03:54:47,623 - ERROR - エラー: https://www.youtube.com/watch?v=azD684OT328 - [0;31mERROR:[0m [youtube] azD684OT328: The following content is not available on this app.. Watch on the latest version of YouTube.
2026-03-13 03:54:48,659 - ERROR - エラー: https://www.youtube.com/watch?v=iO8KSjfyYic - [0;31mERROR:[0m [youtube] iO8KSjfyYic: The following content is not available on this app.. Watch on the latest version of YouTube.
2026-03-13 03:54:50,265 - ERROR - エラー: https://www.youtube.com/watch?v=R_aYLfwFrew - [0;31mERROR:[0m [youtube] R_aYLfwFrew: The following content is not available on this app.. Watch on the latest version of YouTube.
2026-03-13 03:54:51,291 - ERROR - エラー: https://www.youtube.com/watch?v=bo9Pn8CNTtw - [0;31mERROR:[0m [youtube] bo9Pn8CNTtw: The following content is not available on this app.. Watch on the latest version of YouTube.
2026-03-13 03:54:52,517 - ERROR - エラー: https://www.youtube.com/watch?v=dsOhhtgmIR4 - [0;31mERROR:[0m [youtube] dsOhhtgmIR4: The following content is not available on this app.. Watch on the latest version of YouTube.
2026-03-13 03:54:52,583 - ERROR - エラー: https://www.youtube.com/watch?v=XPvR3oSHP7c - [0;31mERROR:[0m [youtube] XPvR3oSHP7c: Requested format is not available. Use --list-formats for a list of available formats
2026-03-13 03:54:53,802 - ERROR - エラー: https://www.youtube.com/watch?v=NGa4gL2DKxs - [0;31mERROR:[0m [youtube] NGa4gL2DKxs: The following content is not available on this app.. Watch on the latest version of YouTube.
2026-03-13 03:54:53,949 - ERROR - エラー: https://www.youtube.com/watch?v=mHC9FMw7ipQ - [0;31mERROR:[0m [youtube] mHC9FMw7ipQ: Requested format is not available. Use --list-formats for a list of available formats
2026-03-13 03:54:55,185 - ERROR - エラー: https://www.youtube.com/watch?v=97FTMh1Sl5s - [0;31mERROR:[0m [youtube] 97FTMh1Sl5s: The following content is not available on this app.. Watch on the latest version of YouTube.
2026-03-13 03:54:56,286 - ERROR - エラー: https://www.youtube.com/watch?v=MhT16qacQko - [0;31mERROR:[0m [youtube] MhT16qacQko: The following content is not available on this app.. Watch on the latest version of YouTube.
2026-03-13 03:54:56,465 - ERROR - エラー: https://www.youtube.com/watch?v=k4AeMjE5gBc - [0;31mERROR:[0m [youtube] k4AeMjE5gBc: The following content is not available on this app.. Watch on the latest version of YouTube.
2026-03-13 03:54:58,226 - ERROR - エラー: https://www.youtube.com/watch?v=k1XSrP-ypXs - [0;31mERROR:[0m [youtube] k1XSrP-ypXs: The following content is not available on this app.. Watch on the latest version of YouTube.
2026-03-13 03:54:59,167 - ERROR - エラー: https://www.youtube.com/watch?v=_WVG47YW0WU - [0;31mERROR:[0m [youtube] _WVG47YW0WU: The following content is not available on this app.. Watch on the latest version of YouTube.
2026-03-13 03:55:00,655 - ERROR - エラー: https://www.youtube.com/watch?v=NkGrOQFc5x4 - [0;31mERROR:[0m [youtube] NkGrOQFc5x4: The following content is not available on this app.. Watch on the latest version of YouTube.
2026-03-13 03:55:02,383 - ERROR - エラー: https://www.youtube.com/watch?v=hmIXXfuPyPo - [0;31mERROR:[0m [youtube] hmIXXfuPyPo: The following content is not available on this app.. Watch on the latest version of YouTube.
2026-03-13 03:55:02,412 - ERROR - エラー: https://www.youtube.com/watch?v=uuKzbN0Kbb0 - [0;31mERROR:[0m [youtube] uuKzbN0Kbb0: The following content is not available on this app.. Watch on the latest version of YouTube.
2026-03-13 03:55:03,991 - ERROR - エラー: https://www.youtube.com/watch?v=7s6RTpFasXQ - [0;31mERROR:[0m [youtube] 7s6RTpFasXQ: The following content is not available on this app.. Watch on the latest version of YouTube.
2026-03-13 03:55:05,001 - ERROR - エラー: https://www.youtube.com/watch?v=XPzkdvuPbhA - [0;31mERROR:[0m [youtube] XPzkdvuPbhA: Requested format is not available. Use --list-formats for a list of available formats
2026-03-13 03:55:05,438 - ERROR - エラー: https://www.youtube.com/watch?v=62ol81L8l5E - [0;31mERROR:[0m [youtube] 62ol81L8l5E: Requested format is not available. Use --list-formats for a list of available formats
2026-03-13 03:55:06,371 - ERROR - エラー: https://www.youtube.com/watch?v=6O-_5Lhbe44 - [0;31mERROR:[0m [youtube] 6O-_5Lhbe44: The following content is not available on this app.. Watch on the latest version of YouTube.
2026-03-13 03:55:06,426 - ERROR - エラー: https://www.youtube.com/watch?v=i3z4Nfne09U - [0;31mERROR:[0m [youtube] i3z4Nfne09U: The following content is not available on this app.. Watch on the latest version of YouTube.
2026-03-13 03:55:07,945 - ERROR - エラー: https://www.youtube.com/watch?v=QUsJ7ODk5Fs - [0;31mERROR:[0m [youtube] QUsJ7ODk5Fs: The following content is not available on this app.. Watch on the latest version of YouTube.
2026-03-13 03:55:08,757 - ERROR - エラー: https://www.youtube.com/watch?v=DpnjKXlXA-s - [0;31mERROR:[0m [youtube] DpnjKXlXA-s: The following content is not available on this app.. Watch on the latest version of YouTube.
2026-03-13 03:55:09,302 - ERROR - エラー: https://www.youtube.com/watch?v=jpYqmQO6xLo - [0;31mERROR:[0m [youtube] jpYqmQO6xLo: The following content is not available on this app.. Watch on the latest version of YouTube.
2026-03-13 03:55:10,311 - ERROR - エラー: https://www.youtube.com/watch?v=dyRvZUGyQr8 - [0;31mERROR:[0m [youtube] dyRvZUGyQr8: The following content is not available on this app.. Watch on the latest version of YouTube.
2026-03-13 03:55:10,545 - ERROR - エラー: https://www.youtube.com/watch?v=iPJHc6QpPvM - [0;31mERROR:[0m [youtube] iPJHc6QpPvM: The following content is not available on this app.. Watch on the latest version of YouTube.
2026-03-13 03:55:11,787 - ERROR - エラー: https://www.youtube.com/watch?v=aaadWaW1CoA - [0;31mERROR:[0m [youtube] aaadWaW1CoA: The following content is not available on this app.. Watch on the latest version of YouTube.
2026-03-13 03:55:13,124 - ERROR - エラー: https://www.youtube.com/watch?v=Bbo9FRmdNas - [0;31mERROR:[0m [youtube] Bbo9FRmdNas: The following content is not available on this app.. Watch on the latest version of YouTube.
2026-03-13 03:55:14,180 - ERROR - エラー: https://www.youtube.com/watch?v=nU3jjp72cjk - [0;31mERROR:[0m [youtube] nU3jjp72cjk: The following content is not available on this app.. Watch on the latest version of YouTube.
2026-03-13 03:55:14,663 - ERROR - エラー: https://www.youtube.com/watch?v=-yHxm25aRqE - [0;31mERROR:[0m [youtube] -yHxm25aRqE: The following content is not available on this app.. Watch on the latest version of YouTube.
2026-03-13 03:55:15,592 - ERROR - エラー: https://www.youtube.com/watch?v=66AnnAXYMEo - [0;31mERROR:[0m [youtube] 66AnnAXYMEo: The following content is not available on this app.. Watch on the latest version of YouTube.
2026-03-13 03:55:16,621 - ERROR - エラー: https://www.youtube.com/watch?v=7lOFv3Tj4LE - [0;31mERROR:[0m [youtube] 7lOFv3Tj4LE: The following content is not available on this app.. Watch on the latest version of YouTube.
2026-03-13 03:55:17,023 - ERROR - エラー: https://www.youtube.com/watch?v=rhYkCii8RBQ - [0;31mERROR:[0m [youtube] rhYkCii8RBQ: Requested format is not available. Use --list-formats for a list of available formats
2026-03-13 03:55:17,768 - ERROR - エラー: https://www.youtube.com/watch?v=9nxGMT51JK4 - [0;31mERROR:[0m [youtube] 9nxGMT51JK4: The following content is not available on this app.. Watch on the latest version of YouTube.
2026-03-13 03:55:18,865 - ERROR - エラー: https://www.youtube.com/watch?v=48Gw6uH2pVQ - [0;31mERROR:[0m [youtube] 48Gw6uH2pVQ: The following content is not available on this app.. Watch on the latest version of YouTube.
2026-03-13 03:55:19,267 - ERROR - エラー: https://www.youtube.com/watch?v=9ts9BIOHp8k - [0;31mERROR:[0m [youtube] 9ts9BIOHp8k: The following content is not available on this app.. Watch on the latest version of YouTube.
2026-03-13 03:55:20,222 - ERROR - エラー: https://www.youtube.com/watch?v=QDf5UNps3hs - [0;31mERROR:[0m [youtube] QDf5UNps3hs: The following content is not available on this app.. Watch on the latest version of YouTube.
2026-03-13 03:55:20,983 - ERROR - エラー: https://www.youtube.com/watch?v=CopcvUnwOpg - [0;31mERROR:[0m [youtube] CopcvUnwOpg: The following content is not available on this app.. Watch on the latest version of YouTube.
2026-03-13 03:55:22,749 - ERROR - エラー: https://www.youtube.com/watch?v=_nlFtNE4BDc - [0;31mERROR:[0m [youtube] _nlFtNE4BDc: The following content is not available on this app.. Watch on the latest version of YouTube.
2026-03-13 03:55:22,996 - ERROR - エラー: https://www.youtube.com/watch?v=vamtciPsLHk - [0;31mERROR:[0m [youtube] vamtciPsLHk: The following content is not available on this app.. Watch on the latest version of YouTube.
2026-03-13 03:55:24,074 - ERROR - エラー: https://www.youtube.com/watch?v=aVhZHUV5GpE - [0;31mERROR:[0m [youtube] aVhZHUV5GpE: The following content is not available on this app.. Watch on the latest version of YouTube.
2026-03-13 03:55:24,669 - ERROR - エラー: https://www.youtube.com/watch?v=CN5lxAECiNc - [0;31mERROR:[0m [youtube] CN5lxAECiNc: The following content is not available on this app.. Watch on the latest version of YouTube.
2026-03-13 03:55:26,418 - ERROR - エラー: https://www.youtube.com/watch?v=vOLeLTLQRnc - [0;31mERROR:[0m [youtube] vOLeLTLQRnc: Requested format is not available. Use --list-formats for a list of available formats
2026-03-13 03:55:26,776 - ERROR - エラー: https://www.youtube.com/watch?v=9e3PbO8Jqvc - [0;31mERROR:[0m [youtube] 9e3PbO8Jqvc: The following content is not available on this app.. Watch on the latest version of YouTube.
2026-03-13 03:55:26,807 - ERROR - エラー: https://www.youtube.com/watch?v=oaPnKBWgf9A - [0;31mERROR:[0m [youtube] oaPnKBWgf9A: The following content is not available on this app.. Watch on the latest version of YouTube.
2026-03-13 03:55:28,297 - ERROR - エラー: https://www.youtube.com/watch?v=xUY9i6dPFLI - [0;31mERROR:[0m [youtube] xUY9i6dPFLI: The following content is not available on this app.. Watch on the latest version of YouTube.
2026-03-13 03:55:30,419 - ERROR - エラー: https://www.youtube.com/watch?v=uCENntBFntk - [0;31mERROR:[0m [youtube] uCENntBFntk: The following content is not available on this app.. Watch on the latest version of YouTube.
2026-03-13 03:55:31,172 - ERROR - エラー: https://www.youtube.com/watch?v=ETlWbN7ViMM - [0;31mERROR:[0m [youtube] ETlWbN7ViMM: The following content is not available on this app.. Watch on the latest version of YouTube.
2026-03-13 03:55:32,627 - ERROR - エラー: https://www.youtube.com/watch?v=54OMvx3Wkm8 - [0;31mERROR:[0m [youtube] 54OMvx3Wkm8: The following content is not available on this app.. Watch on the latest version of YouTube.
2026-03-13 03:55:34,511 - ERROR - エラー: https://www.youtube.com/watch?v=TMYQQ_s5GQs - [0;31mERROR:[0m [youtube] TMYQQ_s5GQs: The following content is not available on this app.. Watch on the latest version of YouTube.
2026-03-13 03:55:35,507 - ERROR - エラー: https://www.youtube.com/watch?v=K2aWbnHWLjk - [0;31mERROR:[0m [youtube] K2aWbnHWLjk: The following content is not available on this app.. Watch on the latest version of YouTube.
2026-03-13 03:55:35,812 - ERROR - エラー: https://www.youtube.com/watch?v=nUDYW-mA2hk - [0;31mERROR:[0m [youtube] nUDYW-mA2hk: Requested format is not available. Use --list-formats for a list of available formats
2026-03-13 03:55:36,911 - ERROR - エラー: https://www.youtube.com/watch?v=7fZeLpD6JRY - [0;31mERROR:[0m [youtube] 7fZeLpD6JRY: The following content is not available on this app.. Watch on the latest version of YouTube.
2026-03-13 03:55:37,522 - ERROR - エラー: https://www.youtube.com/watch?v=4iuUN9hDBas - [0;31mERROR:[0m [youtube] 4iuUN9hDBas: Requested format is not available. Use --list-formats for a list of available formats
2026-03-13 03:55:38,413 - ERROR - エラー: https://www.youtube.com/watch?v=K8L1Z0bnUG8 - [0;31mERROR:[0m [youtube] K8L1Z0bnUG8: The following content is not available on this app.. Watch on the latest version of YouTube.
2026-03-13 03:55:39,522 - ERROR - エラー: https://www.youtube.com/watch?v=iCO7Xjrl_h8 - [0;31mERROR:[0m [youtube] iCO7Xjrl_h8: The following content is not available on this app.. Watch on the latest version of YouTube.
2026-03-13 03:55:40,134 - ERROR - エラー: https://www.youtube.com/watch?v=4wReu0eTbxw - [0;31mERROR:[0m [youtube] 4wReu0eTbxw: The following content is not available on this app.. Watch on the latest version of YouTube.
2026-03-13 03:55:40,225 - ERROR - エラー: https://www.youtube.com/watch?v=W9Pyg1mchmI - [0;31mERROR:[0m 'cookies.txt' does not look like a Netscape format cookies file
2026-03-13 03:55:40,894 - ERROR - エラー: https://www.youtube.com/watch?v=xGLtu7H5CzM - [0;31mERROR:[0m [youtube] xGLtu7H5CzM: The following content is not available on this app.. Watch on the latest version of YouTube.
2026-03-13 03:55:41,916 - ERROR - エラー: https://www.youtube.com/watch?v=AOXcrXCQ11s - [0;31mERROR:[0m [youtube] AOXcrXCQ11s: The following content is not available on this app.. Watch on the latest version of YouTube.
2026-03-13 03:55:42,245 - ERROR - エラー: https://www.youtube.com/watch?v=upa74ZXq8Ls - [0;31mERROR:[0m [youtube] upa74ZXq8Ls: The following content is not available on this app.. Watch on the latest version of YouTube.
2026-03-13 03:55:43,698 - ERROR - エラー: https://www.youtube.com/watch?v=pgEW9xYpv9k - [0;31mERROR:[0m [youtube] pgEW9xYpv9k: The following content is not available on this app.. Watch on the latest version of YouTube.
2026-03-13 03:55:44,127 - ERROR - エラー: https://www.youtube.com/watch?v=pBYcM_1Ma1k - [0;31mERROR:[0m [youtube] pBYcM_1Ma1k: The following content is not available on this app.. Watch on the latest version of YouTube.
2026-03-13 03:55:45,265 - ERROR - エラー: https://www.youtube.com/watch?v=4rlpTEkChHg - [0;31mERROR:[0m [youtube] 4rlpTEkChHg: The following content is not available on this app.. Watch on the latest version of YouTube.
2026-03-13 03:55:49,504 - ERROR - エラー: https://www.youtube.com/watch?v=l0aU52IokMQ - [0;31mERROR:[0m [youtube] l0aU52IokMQ: Requested format is not available. Use --list-formats for a list of available formats
2026-03-13 03:57:34,145 - ERROR - エラー: https://www.youtube.com/watch?v=EwS1ELPIREE - [0;31mERROR:[0m [youtube] EwS1ELPIREE: The following content is not available on this app.. Watch on the latest version of YouTube.
2026-03-13 03:57:34,923 - ERROR - エラー: https://www.youtube.com/watch?v=g6JLY-yoFz0 - [0;31mERROR:[0m [youtube] g6JLY-yoFz0: The following content is not available on this app.. Watch on the latest version of YouTube.
2026-03-13 03:57:35,062 - ERROR - エラー: https://www.youtube.com/watch?v=DRhOOpfRg9s - [0;31mERROR:[0m [youtube] DRhOOpfRg9s: The following content is not available on this app.. Watch on the latest version of YouTube.
2026-03-13 03:57:37,702 - ERROR - エラー: https://www.youtube.com/watch?v=SpO3Gf9MlXo - [0;31mERROR:[0m [youtube] SpO3Gf9MlXo: The following content is not available on this app.. Watch on the latest version of YouTube.
2026-03-13 03:57:38,772 - ERROR - エラー: https://www.youtube.com/watch?v=pfXJ9evoxjc - [0;31mERROR:[0m [youtube] pfXJ9evoxjc: The following content is not available on this app.. Watch on the latest version of YouTube.
2026-03-13 03:57:38,877 - ERROR - エラー: https://www.youtube.com/watch?v=eZrEYOPgDBg - [0;31mERROR:[0m [youtube] eZrEYOPgDBg: The following content is not available on this app.. Watch on the latest version of YouTube.
2026-03-13 03:57:40,471 - ERROR - エラー: https://www.youtube.com/watch?v=_qkf44qpAoc - [0;31mERROR:[0m [youtube] _qkf44qpAoc: Requested format is not available. Use --list-formats for a list of available formats
2026-03-13 03:57:41,137 - ERROR - エラー: https://www.youtube.com/watch?v=56j_zdZzP9Y - [0;31mERROR:[0m [youtube] 56j_zdZzP9Y: The following content is not available on this app.. Watch on the latest version of YouTube.
2026-03-13 03:57:42,402 - ERROR - エラー: https://www.youtube.com/watch?v=Uc0Rd5_5p28 - [0;31mERROR:[0m [youtube] Uc0Rd5_5p28: Requested format is not available. Use --list-formats for a list of available formats
2026-03-13 03:57:42,813 - ERROR - エラー: https://www.youtube.com/watch?v=NaXG4jukwuI - [0;31mERROR:[0m [youtube] NaXG4jukwuI: The following content is not available on this app.. Watch on the latest version of YouTube.
2026-03-13 03:57:42,885 - ERROR - エラー: https://www.youtube.com/watch?v=UkQXEkJhBVw - [0;31mERROR:[0m [youtube] UkQXEkJhBVw: The following content is not available on this app.. Watch on the latest version of YouTube.
2026-03-13 03:57:44,171 - ERROR - エラー: https://www.youtube.com/watch?v=_EKwxGTqj3U - [0;31mERROR:[0m [youtube] _EKwxGTqj3U: The following content is not available on this app.. Watch on the latest version of YouTube.
2026-03-13 03:57:44,750 - ERROR - エラー: https://www.youtube.com/watch?v=hNw1bgFBBTc - [0;31mERROR:[0m [youtube] hNw1bgFBBTc: The following content is not available on this app.. Watch on the latest version of YouTube.
2026-03-13 03:57:46,892 - ERROR - エラー: https://www.youtube.com/watch?v=jhRaccVRF3E - [0;31mERROR:[0m [youtube] jhRaccVRF3E: The following content is not available on this app.. Watch on the latest version of YouTube.
2026-03-13 03:57:46,930 - ERROR - エラー: https://www.youtube.com/watch?v=c2Dc740to8s - [0;31mERROR:[0m [youtube] c2Dc740to8s: The following content is not available on this app.. Watch on the latest version of YouTube.
2026-03-13 03:57:48,030 - ERROR - エラー: https://www.youtube.com/watch?v=DBgWESXLgGs - [0;31mERROR:[0m [youtube] DBgWESXLgGs: The following content is not available on this app.. Watch on the latest version of YouTube.
2026-03-13 03:57:48,590 - ERROR - エラー: https://www.youtube.com/watch?v=iih4mpGLNqo - [0;31mERROR:[0m [youtube] iih4mpGLNqo: The following content is not available on this app.. Watch on the latest version of YouTube.
2026-03-13 03:57:50,922 - ERROR - エラー: https://www.youtube.com/watch?v=0rElzRtYjSI - [0;31mERROR:[0m [youtube] 0rElzRtYjSI: The following content is not available on this app.. Watch on the latest version of YouTube.
2026-03-13 03:57:51,121 - ERROR - エラー: https://www.youtube.com/watch?v=HL6qCjKTVf0 - [0;31mERROR:[0m [youtube] HL6qCjKTVf0: The following content is not available on this app.. Watch on the latest version of YouTube.
2026-03-13 03:57:52,527 - ERROR - エラー: https://www.youtube.com/watch?v=rOLBOQB_7KU - [0;31mERROR:[0m [youtube] rOLBOQB_7KU: The following content is not available on this app.. Watch on the latest version of YouTube.
2026-03-13 03:57:53,391 - ERROR - エラー: https://www.youtube.com/watch?v=-qLQexAT4yc - [0;31mERROR:[0m [youtube] -qLQexAT4yc: The following content is not available on this app.. Watch on the latest version of YouTube.
2026-03-13 03:57:55,606 - ERROR - エラー: https://www.youtube.com/watch?v=Z7teVVFcPQc - [0;31mERROR:[0m [youtube] Z7teVVFcPQc: The following content is not available on this app.. Watch on the latest version of YouTube.
2026-03-13 03:57:56,087 - ERROR - エラー: https://www.youtube.com/watch?v=FJ8z-9P8BXM - [0;31mERROR:[0m [youtube] FJ8z-9P8BXM: The following content is not available on this app.. Watch on the latest version of YouTube.
2026-03-13 03:57:57,435 - ERROR - エラー: https://www.youtube.com/watch?v=KykKO0a6FUg - [0;31mERROR:[0m [youtube] KykKO0a6FUg: The following content is not available on this app.. Watch on the latest version of YouTube.
2026-03-13 03:57:57,467 - ERROR - エラー: https://www.youtube.com/watch?v=snk28lDmeN4 - [0;31mERROR:[0m [youtube] snk28lDmeN4: The following content is not available on this app.. Watch on the latest version of YouTube.
2026-03-13 03:57:59,200 - ERROR - エラー: https://www.youtube.com/watch?v=Xtvgxtc26jU - [0;31mERROR:[0m [youtube] Xtvgxtc26jU: The following content is not available on this app.. Watch on the latest version of YouTube.
2026-03-13 03:57:59,641 - ERROR - エラー: https://www.youtube.com/watch?v=bOgIjR0L1Rc - [0;31mERROR:[0m [youtube] bOgIjR0L1Rc: The following content is not available on this app.. Watch on the latest version of YouTube.
2026-03-13 03:58:01,084 - ERROR - エラー: https://www.youtube.com/watch?v=u4iSr_zP05U - [0;31mERROR:[0m [youtube] u4iSr_zP05U: The following content is not available on this app.. Watch on the latest version of YouTube.
2026-03-13 03:58:01,296 - ERROR - エラー: https://www.youtube.com/watch?v=6ul-RZMF7Yo - [0;31mERROR:[0m [youtube] 6ul-RZMF7Yo: The following content is not available on this app.. Watch on the latest version of YouTube.
2026-03-13 03:58:02,501 - ERROR - エラー: https://www.youtube.com/watch?v=Na9R6BmX1R4 - [0;31mERROR:[0m [youtube] Na9R6BmX1R4: The following content is not available on this app.. Watch on the latest version of YouTube.
2026-03-13 03:58:03,549 - ERROR - エラー: https://www.youtube.com/watch?v=vCToJH0R0vc - [0;31mERROR:[0m [youtube] vCToJH0R0vc: The following content is not available on this app.. Watch on the latest version of YouTube.
2026-03-13 03:58:04,690 - ERROR - エラー: https://www.youtube.com/watch?v=8E7lq8f5s4A - [0;31mERROR:[0m [youtube] 8E7lq8f5s4A: The following content is not available on this app.. Watch on the latest version of YouTube.
2026-03-13 03:58:04,968 - ERROR - エラー: https://www.youtube.com/watch?v=xsM9ezMea3o - [0;31mERROR:[0m [youtube] xsM9ezMea3o: The following content is not available on this app.. Watch on the latest version of YouTube.
2026-03-13 03:58:05,958 - ERROR - エラー: https://www.youtube.com/watch?v=Rd3uqBWNRGg - [0;31mERROR:[0m [youtube] Rd3uqBWNRGg: The following content is not available on this app.. Watch on the latest version of YouTube.
2026-03-13 03:58:06,892 - ERROR - エラー: https://www.youtube.com/watch?v=O0OGjcwLq14 - [0;31mERROR:[0m [youtube] O0OGjcwLq14: The following content is not available on this app.. Watch on the latest version of YouTube.
2026-03-13 03:58:08,389 - ERROR - エラー: https://www.youtube.com/watch?v=RNbZuoLMy1U - [0;31mERROR:[0m [youtube] RNbZuoLMy1U: The following content is not available on this app.. Watch on the latest version of YouTube.
2026-03-13 03:58:08,746 - ERROR - エラー: https://www.youtube.com/watch?v=8WhvJWSW3K8 - [0;31mERROR:[0m [youtube] 8WhvJWSW3K8: The following content is not available on this app.. Watch on the latest version of YouTube.
2026-03-13 03:58:09,524 - ERROR - エラー: https://www.youtube.com/watch?v=3HQHsZ5izkQ - [0;31mERROR:[0m [youtube] 3HQHsZ5izkQ: The following content is not available on this app.. Watch on the latest version of YouTube.
2026-03-13 03:58:10,473 - ERROR - エラー: https://www.youtube.com/watch?v=TtZQPo4U3UY - [0;31mERROR:[0m [youtube] TtZQPo4U3UY: The following content is not available on this app.. Watch on the latest version of YouTube.
2026-03-13 03:58:11,746 - ERROR - エラー: https://www.youtube.com/watch?v=fkBrgg-zyg0 - [0;31mERROR:[0m [youtube] fkBrgg-zyg0: The following content is not available on this app.. Watch on the latest version of YouTube.
2026-03-13 03:58:12,485 - ERROR - エラー: https://www.youtube.com/watch?v=f7dZtlksUwo - [0;31mERROR:[0m [youtube] f7dZtlksUwo: The following content is not available on this app.. Watch on the latest version of YouTube.
2026-03-13 03:58:13,226 - ERROR - エラー: https://www.youtube.com/watch?v=CGlQ8u179a4 - [0;31mERROR:[0m [youtube] CGlQ8u179a4: The following content is not available on this app.. Watch on the latest version of YouTube.
2026-03-13 03:58:14,356 - ERROR - エラー: https://www.youtube.com/watch?v=9Yu1bksIUJY - [0;31mERROR:[0m [youtube] 9Yu1bksIUJY: The following content is not available on this app.. Watch on the latest version of YouTube.
2026-03-13 03:58:15,357 - ERROR - エラー: https://www.youtube.com/watch?v=hhm84vX-r5s - [0;31mERROR:[0m [youtube] hhm84vX-r5s: The following content is not available on this app.. Watch on the latest version of YouTube.
2026-03-13 03:58:15,936 - ERROR - エラー: https://www.youtube.com/watch?v=j9HBTxptEUc - [0;31mERROR:[0m [youtube] j9HBTxptEUc: The following content is not available on this app.. Watch on the latest version of YouTube.
2026-03-13 03:58:16,941 - ERROR - エラー: https://www.youtube.com/watch?v=o9MduHYFBz0 - [0;31mERROR:[0m [youtube] o9MduHYFBz0: The following content is not available on this app.. Watch on the latest version of YouTube.
2026-03-13 03:58:17,910 - ERROR - エラー: https://www.youtube.com/watch?v=j_2nde857Dk - [0;31mERROR:[0m [youtube] j_2nde857Dk: The following content is not available on this app.. Watch on the latest version of YouTube.
2026-03-13 03:58:18,759 - ERROR - エラー: https://www.youtube.com/watch?v=SmLqpG6nR80 - [0;31mERROR:[0m [youtube] SmLqpG6nR80: The following content is not available on this app.. Watch on the latest version of YouTube.
2026-03-13 03:58:19,649 - ERROR - エラー: https://www.youtube.com/watch?v=1NENRF4n1MA - [0;31mERROR:[0m [youtube] 1NENRF4n1MA: The following content is not available on this app.. Watch on the latest version of YouTube.
2026-03-13 03:58:20,574 - ERROR - エラー: https://www.youtube.com/watch?v=_r5v9dU5kHw - [0;31mERROR:[0m [youtube] _r5v9dU5kHw: The following content is not available on this app.. Watch on the latest version of YouTube.
2026-03-13 03:58:21,572 - ERROR - エラー: https://www.youtube.com/watch?v=qmRxL5UA9BQ - [0;31mERROR:[0m [youtube] qmRxL5UA9BQ: The following content is not available on this app.. Watch on the latest version of YouTube.
2026-03-13 03:58:22,486 - ERROR - エラー: https://www.youtube.com/watch?v=b0srsrcnpWs - [0;31mERROR:[0m [youtube] b0srsrcnpWs: The following content is not available on this app.. Watch on the latest version of YouTube.
2026-03-13 03:58:23,304 - ERROR - エラー: https://www.youtube.com/watch?v=2dRw3vxoKMs - [0;31mERROR:[0m [youtube] 2dRw3vxoKMs: The following content is not available on this app.. Watch on the latest version of YouTube.
2026-03-13 03:58:24,300 - ERROR - エラー: https://www.youtube.com/watch?v=muynVYWq1w0 - [0;31mERROR:[0m [youtube] muynVYWq1w0: The following content is not available on this app.. Watch on the latest version of YouTube.
2026-03-13 03:58:25,091 - ERROR - エラー: https://www.youtube.com/watch?v=aBf9FgcYFO0 - [0;31mERROR:[0m [youtube] aBf9FgcYFO0: The following content is not available on this app.. Watch on the latest version of YouTube.
2026-03-13 03:58:26,713 - ERROR - エラー: https://www.youtube.com/watch?v=dCz3YlTzRKo - [0;31mERROR:[0m [youtube] dCz3YlTzRKo: The following content is not available on this app.. Watch on the latest version of YouTube.
2026-03-13 03:58:27,534 - ERROR - エラー: https://www.youtube.com/watch?v=1G54mxCubn4 - [0;31mERROR:[0m [youtube] 1G54mxCubn4: The following content is not available on this app.. Watch on the latest version of YouTube.
2026-03-13 03:58:28,610 - ERROR - エラー: https://www.youtube.com/watch?v=U23p6n_GGes - [0;31mERROR:[0m [youtube] U23p6n_GGes: The following content is not available on this app.. Watch on the latest version of YouTube.
2026-03-13 03:58:29,515 - ERROR - エラー: https://www.youtube.com/watch?v=BrmrDOF3qVo - [0;31mERROR:[0m [youtube] BrmrDOF3qVo: Requested format is not available. Use --list-formats for a list of available formats
2026-03-13 03:58:30,455 - ERROR - エラー: https://www.youtube.com/watch?v=-ZYell_iEbM - [0;31mERROR:[0m [youtube] -ZYell_iEbM: The following content is not available on this app.. Watch on the latest version of YouTube.
2026-03-13 03:58:31,056 - ERROR - エラー: https://www.youtube.com/watch?v=RcbAFtkhL4s - [0;31mERROR:[0m [youtube] RcbAFtkhL4s: The following content is not available on this app.. Watch on the latest version of YouTube.
2026-03-13 03:58:31,826 - ERROR - エラー: https://www.youtube.com/watch?v=C-zWjjvvmhA - [0;31mERROR:[0m [youtube] C-zWjjvvmhA: The following content is not available on this app.. Watch on the latest version of YouTube.
2026-03-13 03:58:32,986 - ERROR - エラー: https://www.youtube.com/watch?v=qXste2BXXVM - [0;31mERROR:[0m [youtube] qXste2BXXVM: The following content is not available on this app.. Watch on the latest version of YouTube.
2026-03-13 03:58:34,066 - ERROR - エラー: https://www.youtube.com/watch?v=ugNH_zmpuBI - [0;31mERROR:[0m [youtube] ugNH_zmpuBI: The following content is not available on this app.. Watch on the latest version of YouTube.
2026-03-13 03:58:34,927 - ERROR - エラー: https://www.youtube.com/watch?v=-80TRT6HwDk - [0;31mERROR:[0m [youtube] -80TRT6HwDk: The following content is not available on this app.. Watch on the latest version of YouTube.
2026-03-13 03:58:35,604 - ERROR - エラー: https://www.youtube.com/watch?v=McdsVOuoKXo - [0;31mERROR:[0m [youtube] McdsVOuoKXo: The following content is not available on this app.. Watch on the latest version of YouTube.
2026-03-13 03:58:36,643 - ERROR - エラー: https://www.youtube.com/watch?v=ZOA5A6HvT8k - [0;31mERROR:[0m [youtube] ZOA5A6HvT8k: The following content is not available on this app.. Watch on the latest version of YouTube.
2026-03-13 03:58:37,664 - ERROR - エラー: https://www.youtube.com/watch?v=JM9TVDn-0w8 - [0;31mERROR:[0m [youtube] JM9TVDn-0w8: The following content is not available on this app.. Watch on the latest version of YouTube.
2026-03-13 03:58:38,490 - ERROR - エラー: https://www.youtube.com/watch?v=ndvRrCp6_o4 - [0;31mERROR:[0m [youtube] ndvRrCp6_o4: The following content is not available on this app.. Watch on the latest version of YouTube.
2026-03-13 03:58:39,531 - ERROR - エラー: https://www.youtube.com/watch?v=Bn2UyPQa8-Y - [0;31mERROR:[0m [youtube] Bn2UyPQa8-Y: The following content is not available on this app.. Watch on the latest version of YouTube.
2026-03-13 03:58:40,357 - ERROR - エラー: https://www.youtube.com/watch?v=IQgDnWF8MkE - [0;31mERROR:[0m [youtube] IQgDnWF8MkE: The following content is not available on this app.. Watch on the latest version of YouTube.
2026-03-13 03:58:41,227 - ERROR - エラー: https://www.youtube.com/watch?v=I7i3z-WgIZc - [0;31mERROR:[0m [youtube] I7i3z-WgIZc: The following content is not available on this app.. Watch on the latest version of YouTube.
2026-03-13 03:58:42,077 - ERROR - エラー: https://www.youtube.com/watch?v=brx0GnFGTJ8 - [0;31mERROR:[0m [youtube] brx0GnFGTJ8: The following content is not available on this app.. Watch on the latest version of YouTube.
2026-03-13 03:58:42,987 - ERROR - エラー: https://www.youtube.com/watch?v=rUj21NCgfzg - [0;31mERROR:[0m [youtube] rUj21NCgfzg: The following content is not available on this app.. Watch on the latest version of YouTube.
2026-03-13 03:58:43,917 - ERROR - エラー: https://www.youtube.com/watch?v=0DairOKIkzs - [0;31mERROR:[0m [youtube] 0DairOKIkzs: The following content is not available on this app.. Watch on the latest version of YouTube.
2026-03-13 03:58:44,711 - ERROR - エラー: https://www.youtube.com/watch?v=Oi_MCUAQASM - [0;31mERROR:[0m [youtube] Oi_MCUAQASM: The following content is not available on this app.. Watch on the latest version of YouTube.
2026-03-13 03:58:45,718 - ERROR - エラー: https://www.youtube.com/watch?v=iwR4v7gR_tQ - [0;31mERROR:[0m [youtube] iwR4v7gR_tQ: The following content is not available on this app.. Watch on the latest version of YouTube.
2026-03-13 03:58:46,730 - ERROR - エラー: https://www.youtube.com/watch?v=_7AwgUCzqHY - [0;31mERROR:[0m [youtube] _7AwgUCzqHY: The following content is not available on this app.. Watch on the latest version of YouTube.
2026-03-13 03:58:47,331 - ERROR - エラー: https://www.youtube.com/watch?v=E54N9LGcpyc - [0;31mERROR:[0m [youtube] E54N9LGcpyc: The following content is not available on this app.. Watch on the latest version of YouTube.
2026-03-13 03:58:48,404 - ERROR - エラー: https://www.youtube.com/watch?v=grspnN9o6sk - [0;31mERROR:[0m [youtube] grspnN9o6sk: The following content is not available on this app.. Watch on the latest version of YouTube.
2026-03-13 03:58:49,484 - ERROR - エラー: https://www.youtube.com/watch?v=_OpXT3tP_Zo - [0;31mERROR:[0m [youtube] _OpXT3tP_Zo: The following content is not available on this app.. Watch on the latest version of YouTube.
2026-03-13 03:58:50,636 - ERROR - エラー: https://www.youtube.com/watch?v=UNkatFv5oJY - [0;31mERROR:[0m [youtube] UNkatFv5oJY: The following content is not available on this app.. Watch on the latest version of YouTube.
2026-03-13 03:58:51,175 - ERROR - エラー: https://www.youtube.com/watch?v=E277EDBp_XU - [0;31mERROR:[0m [youtube] E277EDBp_XU: The following content is not available on this app.. Watch on the latest version of YouTube.
2026-03-13 03:58:52,473 - ERROR - エラー: https://www.youtube.com/watch?v=Ao7_6Q6jwmE - [0;31mERROR:[0m [youtube] Ao7_6Q6jwmE: The following content is not available on this app.. Watch on the latest version of YouTube.
2026-03-13 03:58:53,012 - ERROR - エラー: https://www.youtube.com/watch?v=I6ItnW-z4dk - [0;31mERROR:[0m [youtube] I6ItnW-z4dk: The following content is not available on this app.. Watch on the latest version of YouTube.
2026-03-13 03:58:53,906 - ERROR - エラー: https://www.youtube.com/watch?v=ap466QzY_6c - [0;31mERROR:[0m [youtube] ap466QzY_6c: The following content is not available on this app.. Watch on the latest version of YouTube.
2026-03-13 03:58:54,855 - ERROR - エラー: https://www.youtube.com/watch?v=4DXYQ2GyTp4 - [0;31mERROR:[0m [youtube] 4DXYQ2GyTp4: The following content is not available on this app.. Watch on the latest version of YouTube.
2026-03-13 03:58:55,782 - ERROR - エラー: https://www.youtube.com/watch?v=tMDjt557Szk - [0;31mERROR:[0m [youtube] tMDjt557Szk: The following content is not available on this app.. Watch on the latest version of YouTube.
2026-03-13 03:58:56,802 - ERROR - エラー: https://www.youtube.com/watch?v=V5oVcO8wwUM - [0;31mERROR:[0m [youtube] V5oVcO8wwUM: The following content is not available on this app.. Watch on the latest version of YouTube.
2026-03-13 03:58:57,703 - ERROR - エラー: https://www.youtube.com/watch?v=IaOOxj8Dyeg - [0;31mERROR:[0m [youtube] IaOOxj8Dyeg: The following content is not available on this app.. Watch on the latest version of YouTube.
2026-03-13 03:58:59,028 - ERROR - エラー: https://www.youtube.com/watch?v=vol1j69UDs4 - [0;31mERROR:[0m [youtube] vol1j69UDs4: The following content is not available on this app.. Watch on the latest version of YouTube.
2026-03-13 03:58:59,817 - ERROR - エラー: https://www.youtube.com/watch?v=6lLNJQU99ek - [0;31mERROR:[0m [youtube] 6lLNJQU99ek: The following content is not available on this app.. Watch on the latest version of YouTube.
2026-03-13 03:59:01,035 - ERROR - エラー: https://www.youtube.com/watch?v=79Ae6mE2JiM - [0;31mERROR:[0m [youtube] 79Ae6mE2JiM: The following content is not available on this app.. Watch on the latest version of YouTube.
2026-03-13 03:59:01,124 - ERROR - エラー: https://www.youtube.com/watch?v=FBTxlSpAKts - [0;31mERROR:[0m [youtube] FBTxlSpAKts: The following content is not available on this app.. Watch on the latest version of YouTube.
2026-03-13 03:59:02,226 - ERROR - エラー: https://www.youtube.com/watch?v=jcOb5DmMEN0 - [0;31mERROR:[0m [youtube] jcOb5DmMEN0: The following content is not available on this app.. Watch on the latest version of YouTube.
2026-03-13 03:59:03,146 - ERROR - エラー: https://www.youtube.com/watch?v=HhC7HiTHFeM - [0;31mERROR:[0m [youtube] HhC7HiTHFeM: The following content is not available on this app.. Watch on the latest version of YouTube.
2026-03-13 03:59:03,626 - ERROR - エラー: https://www.youtube.com/watch?v=tyD5TYeXRH0 - [0;31mERROR:[0m [youtube] tyD5TYeXRH0: The following content is not available on this app.. Watch on the latest version of YouTube.
2026-03-13 03:59:05,199 - ERROR - エラー: https://www.youtube.com/watch?v=3i2ru_XG4TU - [0;31mERROR:[0m [youtube] 3i2ru_XG4TU: The following content is not available on this app.. Watch on the latest version of YouTube.
2026-03-13 03:59:05,327 - ERROR - エラー: https://www.youtube.com/watch?v=qmEVgvSC91k - [0;31mERROR:[0m [youtube] qmEVgvSC91k: The following content is not available on this app.. Watch on the latest version of YouTube.
2026-03-13 03:59:05,871 - ERROR - エラー: https://www.youtube.com/watch?v=hQS6r6Rdp0s - [0;31mERROR:[0m [youtube] hQS6r6Rdp0s: The following content is not available on this app.. Watch on the latest version of YouTube.
2026-03-13 03:59:07,181 - ERROR - エラー: https://www.youtube.com/watch?v=tY2OlJriwdg - [0;31mERROR:[0m [youtube] tY2OlJriwdg: The following content is not available on this app.. Watch on the latest version of YouTube.
2026-03-13 03:59:07,307 - ERROR - エラー: https://www.youtube.com/watch?v=MMtFn1sOUf4 - [0;31mERROR:[0m [youtube] MMtFn1sOUf4: The following content is not available on this app.. Watch on the latest version of YouTube.
2026-03-13 03:59:09,141 - ERROR - エラー: https://www.youtube.com/watch?v=3WZzq5UwHOY - [0;31mERROR:[0m [youtube] 3WZzq5UwHOY: The following content is not available on this app.. Watch on the latest version of YouTube.
2026-03-13 03:59:09,163 - ERROR - エラー: https://www.youtube.com/watch?v=Mljulqmjt9c - [0;31mERROR:[0m [youtube] Mljulqmjt9c: The following content is not available on this app.. Watch on the latest version of YouTube.
2026-03-13 03:59:09,725 - ERROR - エラー: https://www.youtube.com/watch?v=QhwEaOO4GRU - [0;31mERROR:[0m [youtube] QhwEaOO4GRU: The following content is not available on this app.. Watch on the latest version of YouTube.
2026-03-13 03:59:10,962 - ERROR - エラー: https://www.youtube.com/watch?v=X-g7clEy1JE - [0;31mERROR:[0m [youtube] X-g7clEy1JE: The following content is not available on this app.. Watch on the latest version of YouTube.
2026-03-13 03:59:11,191 - ERROR - エラー: https://www.youtube.com/watch?v=YRqCWVsnv8A - [0;31mERROR:[0m [youtube] YRqCWVsnv8A: The following content is not available on this app.. Watch on the latest version of YouTube.
2026-03-13 03:59:13,134 - ERROR - エラー: https://www.youtube.com/watch?v=VLoCBKMVfxQ - [0;31mERROR:[0m [youtube] VLoCBKMVfxQ: The following content is not available on this app.. Watch on the latest version of YouTube.
2026-03-13 03:59:13,615 - ERROR - エラー: https://www.youtube.com/watch?v=WEKbFGBaRJw - [0;31mERROR:[0m [youtube] WEKbFGBaRJw: The following content is not available on this app.. Watch on the latest version of YouTube.
2026-03-13 03:59:13,711 - ERROR - エラー: https://www.youtube.com/watch?v=vcAIIaiM-Fw - [0;31mERROR:[0m [youtube] vcAIIaiM-Fw: The following content is not available on this app.. Watch on the latest version of YouTube.
2026-03-13 03:59:14,661 - ERROR - エラー: https://www.youtube.com/watch?v=McARcBr9hPs - [0;31mERROR:[0m [youtube] McARcBr9hPs: The following content is not available on this app.. Watch on the latest version of YouTube.
2026-03-13 03:59:14,931 - ERROR - エラー: https://www.youtube.com/watch?v=z74siZyU2Sk - [0;31mERROR:[0m [youtube] z74siZyU2Sk: The following content is not available on this app.. Watch on the latest version of YouTube.
2026-03-13 03:59:16,764 - ERROR - エラー: https://www.youtube.com/watch?v=2ZXxiaWHQ1Q - [0;31mERROR:[0m [youtube] 2ZXxiaWHQ1Q: The following content is not available on this app.. Watch on the latest version of YouTube.
2026-03-13 03:59:17,427 - ERROR - エラー: https://www.youtube.com/watch?v=gjj-ExwWVVI - [0;31mERROR:[0m [youtube] gjj-ExwWVVI: The following content is not available on this app.. Watch on the latest version of YouTube.
2026-03-13 03:59:17,582 - ERROR - エラー: https://www.youtube.com/watch?v=POtZubHAcuQ - [0;31mERROR:[0m [youtube] POtZubHAcuQ: The following content is not available on this app.. Watch on the latest version of YouTube.
2026-03-13 03:59:18,238 - ERROR - エラー: https://www.youtube.com/watch?v=yIZ0_VM2eSs - [0;31mERROR:[0m [youtube] yIZ0_VM2eSs: The following content is not available on this app.. Watch on the latest version of YouTube.
2026-03-13 03:59:18,413 - ERROR - エラー: https://www.youtube.com/watch?v=zder6-_yrXg - [0;31mERROR:[0m [youtube] zder6-_yrXg: The following content is not available on this app.. Watch on the latest version of YouTube.
2026-03-13 04:01:09,752 - ERROR - エラー: https://www.youtube.com/watch?v=b39AS0GR7O8 - [0;31mERROR:[0m [youtube] b39AS0GR7O8: The following content is not available on this app.. Watch on the latest version of YouTube.
2026-03-13 04:01:09,879 - ERROR - エラー: https://www.youtube.com/watch?v=ZJAbHn-T9mQ - [0;31mERROR:[0m [youtube] ZJAbHn-T9mQ: The following content is not available on this app.. Watch on the latest version of YouTube.
2026-03-13 04:01:17,268 - ERROR - エラー: https://www.youtube.com/watch?v=SILDVbpb4QE - [0;31mERROR:[0m [youtube] SILDVbpb4QE: The following content is not available on this app.. Watch on the latest version of YouTube.
2026-03-13 04:01:17,268 - ERROR - エラー: https://www.youtube.com/watch?v=sj0AiUyIDq4 - [0;31mERROR:[0m [youtube] sj0AiUyIDq4: The following content is not available on this app.. Watch on the latest version of YouTube.
2026-03-13 04:01:22,019 - ERROR - エラー: https://www.youtube.com/watch?v=nhS2p5CeVaM - [0;31mERROR:[0m [youtube] nhS2p5CeVaM: The following content is not available on this app.. Watch on the latest version of YouTube.
2026-03-13 04:01:22,020 - ERROR - エラー: https://www.youtube.com/watch?v=2rEo_F5KPzI - [0;31mERROR:[0m [youtube] 2rEo_F5KPzI: The following content is not available on this app.. Watch on the latest version of YouTube.
2026-03-13 04:01:25,945 - ERROR - エラー: https://www.youtube.com/watch?v=YsYNmUs6qEU - [0;31mERROR:[0m [youtube] YsYNmUs6qEU: The following content is not available on this app.. Watch on the latest version of YouTube.
2026-03-13 04:01:26,091 - ERROR - エラー: https://www.youtube.com/watch?v=43Z3Y3JpT-A - [0;31mERROR:[0m [youtube] 43Z3Y3JpT-A: The following content is not available on this app.. Watch on the latest version of YouTube.
2026-03-13 04:01:28,911 - ERROR - エラー: https://www.youtube.com/watch?v=bZhC86jx1OE - [0;31mERROR:[0m [youtube] bZhC86jx1OE: The following content is not available on this app.. Watch on the latest version of YouTube.
2026-03-13 04:01:29,597 - ERROR - エラー: https://www.youtube.com/watch?v=YjpYZuFpLDA - [0;31mERROR:[0m [youtube] YjpYZuFpLDA: The following content is not available on this app.. Watch on the latest version of YouTube.
2026-03-13 04:01:29,787 - ERROR - エラー: https://www.youtube.com/watch?v=xxrWOIdq47M - [0;31mERROR:[0m [youtube] xxrWOIdq47M: The following content is not available on this app.. Watch on the latest version of YouTube.
2026-03-13 04:01:32,166 - ERROR - エラー: https://www.youtube.com/watch?v=tsiwIZO_6Dc - [0;31mERROR:[0m [youtube] tsiwIZO_6Dc: The following content is not available on this app.. Watch on the latest version of YouTube.
2026-03-13 04:01:32,969 - ERROR - エラー: https://www.youtube.com/watch?v=9rQqp3b8CNs - [0;31mERROR:[0m [youtube] 9rQqp3b8CNs: The following content is not available on this app.. Watch on the latest version of YouTube.
2026-03-13 04:01:33,264 - ERROR - エラー: https://www.youtube.com/watch?v=Y-oJj37o_qM - [0;31mERROR:[0m [youtube] Y-oJj37o_qM: The following content is not available on this app.. Watch on the latest version of YouTube.
2026-03-13 04:01:35,285 - ERROR - エラー: https://www.youtube.com/watch?v=QlUgagTd7T0 - [0;31mERROR:[0m [youtube] QlUgagTd7T0: The following content is not available on this app.. Watch on the latest version of YouTube.
2026-03-13 04:01:36,449 - ERROR - エラー: https://www.youtube.com/watch?v=AcM_ZNhsYSc - [0;31mERROR:[0m [youtube] AcM_ZNhsYSc: The following content is not available on this app.. Watch on the latest version of YouTube.
2026-03-13 04:01:36,947 - ERROR - エラー: https://www.youtube.com/watch?v=Zwp6LjU2dw8 - [0;31mERROR:[0m [youtube] Zwp6LjU2dw8: The following content is not available on this app.. Watch on the latest version of YouTube.
2026-03-13 04:01:38,623 - ERROR - エラー: https://www.youtube.com/watch?v=_CSYb8__43M - [0;31mERROR:[0m [youtube] _CSYb8__43M: The following content is not available on this app.. Watch on the latest version of YouTube.
2026-03-13 04:01:39,415 - ERROR - エラー: https://www.youtube.com/watch?v=kiGqtuaaeyY - [0;31mERROR:[0m [youtube] kiGqtuaaeyY: The following content is not available on this app.. Watch on the latest version of YouTube.
2026-03-13 04:01:40,459 - ERROR - エラー: https://www.youtube.com/watch?v=MoyB3iKw8Xo - [0;31mERROR:[0m [youtube] MoyB3iKw8Xo: The following content is not available on this app.. Watch on the latest version of YouTube.
2026-03-13 04:01:40,724 - ERROR - エラー: https://www.youtube.com/watch?v=DaLG6sNNod8 - [0;31mERROR:[0m [youtube] DaLG6sNNod8: The following content is not available on this app.. Watch on the latest version of YouTube.
2026-03-13 04:01:41,971 - ERROR - エラー: https://www.youtube.com/watch?v=RLwRuAsbTuk - [0;31mERROR:[0m [youtube] RLwRuAsbTuk: The following content is not available on this app.. Watch on the latest version of YouTube.
2026-03-13 04:01:42,942 - ERROR - エラー: https://www.youtube.com/watch?v=uQOcXjdviWA - [0;31mERROR:[0m [youtube] uQOcXjdviWA: The following content is not available on this app.. Watch on the latest version of YouTube.
2026-03-13 04:01:44,143 - ERROR - エラー: https://www.youtube.com/watch?v=Oxw7pcPBW90 - [0;31mERROR:[0m [youtube] Oxw7pcPBW90: The following content is not available on this app.. Watch on the latest version of YouTube.
2026-03-13 04:01:44,167 - ERROR - エラー: https://www.youtube.com/watch?v=TNKO1sYaXD8 - [0;31mERROR:[0m [youtube] TNKO1sYaXD8: The following content is not available on this app.. Watch on the latest version of YouTube.
2026-03-13 04:01:45,476 - ERROR - エラー: https://www.youtube.com/watch?v=OX1c8xi7C8Q - [0;31mERROR:[0m [youtube] OX1c8xi7C8Q: The following content is not available on this app.. Watch on the latest version of YouTube.
2026-03-13 04:01:46,780 - ERROR - エラー: https://www.youtube.com/watch?v=VLrmC-1U9Lk - [0;31mERROR:[0m [youtube] VLrmC-1U9Lk: The following content is not available on this app.. Watch on the latest version of YouTube.
2026-03-13 04:01:48,033 - ERROR - エラー: https://www.youtube.com/watch?v=8vc0DdZ-XYI - [0;31mERROR:[0m [youtube] 8vc0DdZ-XYI: The following content is not available on this app.. Watch on the latest version of YouTube.
2026-03-13 04:01:48,046 - ERROR - エラー: https://www.youtube.com/watch?v=yy8MfZW-MvY - [0;31mERROR:[0m [youtube] yy8MfZW-MvY: The following content is not available on this app.. Watch on the latest version of YouTube.
2026-03-13 04:01:49,899 - ERROR - エラー: https://www.youtube.com/watch?v=nhzKToagr4w - [0;31mERROR:[0m [youtube] nhzKToagr4w: The following content is not available on this app.. Watch on the latest version of YouTube.
2026-03-13 04:01:50,394 - ERROR - エラー: https://www.youtube.com/watch?v=_xR29r2Q6Ro - [0;31mERROR:[0m [youtube] _xR29r2Q6Ro: The following content is not available on this app.. Watch on the latest version of YouTube.
2026-03-13 04:01:51,605 - ERROR - エラー: https://www.youtube.com/watch?v=-0a28xNfnAk - [0;31mERROR:[0m [youtube] -0a28xNfnAk: The following content is not available on this app.. Watch on the latest version of YouTube.
2026-03-13 04:01:51,652 - ERROR - エラー: https://www.youtube.com/watch?v=ZBWzSRCuzRc - [0;31mERROR:[0m [youtube] ZBWzSRCuzRc: The following content is not available on this app.. Watch on the latest version of YouTube.
2026-03-13 04:01:52,955 - ERROR - エラー: https://www.youtube.com/watch?v=U-oofbH9tbc - [0;31mERROR:[0m [youtube] U-oofbH9tbc: The following content is not available on this app.. Watch on the latest version of YouTube.
2026-03-13 04:01:53,951 - ERROR - エラー: https://www.youtube.com/watch?v=w8M2at2Wtd0 - [0;31mERROR:[0m [youtube] w8M2at2Wtd0: The following content is not available on this app.. Watch on the latest version of YouTube.
2026-03-13 04:01:54,519 - ERROR - エラー: https://www.youtube.com/watch?v=LsBVT3oyI4U - [0;31mERROR:[0m [youtube] LsBVT3oyI4U: The following content is not available on this app.. Watch on the latest version of YouTube.
2026-03-13 04:01:55,368 - ERROR - エラー: https://www.youtube.com/watch?v=FGJjuwO9AN8 - [0;31mERROR:[0m [youtube] FGJjuwO9AN8: The following content is not available on this app.. Watch on the latest version of YouTube.
2026-03-13 04:01:55,721 - ERROR - エラー: https://www.youtube.com/watch?v=8Sa9XOBXWrc - [0;31mERROR:[0m [youtube] 8Sa9XOBXWrc: The following content is not available on this app.. Watch on the latest version of YouTube.
2026-03-13 04:01:56,857 - ERROR - エラー: https://www.youtube.com/watch?v=wVmj0QBjwKE - [0;31mERROR:[0m [youtube] wVmj0QBjwKE: The following content is not available on this app.. Watch on the latest version of YouTube.
2026-03-13 04:01:57,868 - ERROR - エラー: https://www.youtube.com/watch?v=BHajBwcIVMo - [0;31mERROR:[0m [youtube] BHajBwcIVMo: The following content is not available on this app.. Watch on the latest version of YouTube.
2026-03-13 04:01:58,409 - ERROR - エラー: https://www.youtube.com/watch?v=wvRwvgXFe_A - [0;31mERROR:[0m [youtube] wvRwvgXFe_A: The following content is not available on this app.. Watch on the latest version of YouTube.
2026-03-13 04:01:59,395 - ERROR - エラー: https://www.youtube.com/watch?v=L9KkJtChcfM - [0;31mERROR:[0m [youtube] L9KkJtChcfM: The following content is not available on this app.. Watch on the latest version of YouTube.
2026-03-13 04:01:59,542 - ERROR - エラー: https://www.youtube.com/watch?v=xW0EpWntkA0 - [0;31mERROR:[0m [youtube] xW0EpWntkA0: The following content is not available on this app.. Watch on the latest version of YouTube.
2026-03-13 04:02:00,280 - ERROR - エラー: https://www.youtube.com/watch?v=Xi4MSYY2BKw - [0;31mERROR:[0m [youtube] Xi4MSYY2BKw: The following content is not available on this app.. Watch on the latest version of YouTube.
2026-03-13 04:02:00,789 - ERROR - エラー: https://www.youtube.com/watch?v=RqNdejFQFYc - [0;31mERROR:[0m [youtube] RqNdejFQFYc: The following content is not available on this app.. Watch on the latest version of YouTube.
2026-03-13 04:04:03,860 - ERROR - エラー: https://www.youtube.com/watch?v=v7iuu8PsutY - [0;31mERROR:[0m [youtube] v7iuu8PsutY: The following content is not available on this app.. Watch on the latest version of YouTube.
2026-03-13 04:04:03,889 - ERROR - エラー: https://www.youtube.com/watch?v=ags_Q_YfeiY - [0;31mERROR:[0m [youtube] ags_Q_YfeiY: The following content is not available on this app.. Watch on the latest version of YouTube.
2026-03-13 04:04:04,587 - ERROR - エラー: https://www.youtube.com/watch?v=uKOs6J8H43Y - [0;31mERROR:[0m [youtube] uKOs6J8H43Y: The following content is not available on this app.. Watch on the latest version of YouTube.
2026-03-13 04:04:04,736 - ERROR - エラー: https://www.youtube.com/watch?v=QNC79kYSW4U - [0;31mERROR:[0m [youtube] QNC79kYSW4U: The following content is not available on this app.. Watch on the latest version of YouTube.
2026-03-13 04:04:07,938 - ERROR - エラー: https://www.youtube.com/watch?v=F9YH3pDQqqo - [0;31mERROR:[0m [youtube] F9YH3pDQqqo: The following content is not available on this app.. Watch on the latest version of YouTube.
2026-03-13 04:04:08,711 - ERROR - エラー: https://www.youtube.com/watch?v=2XgDv-lF2mY - [0;31mERROR:[0m [youtube] 2XgDv-lF2mY: The following content is not available on this app.. Watch on the latest version of YouTube.
2026-03-13 04:04:09,275 - ERROR - エラー: https://www.youtube.com/watch?v=mbzjPZD4uRk - [0;31mERROR:[0m [youtube] mbzjPZD4uRk: The following content is not available on this app.. Watch on the latest version of YouTube.
2026-03-13 04:04:09,292 - ERROR - エラー: https://www.youtube.com/watch?v=40_BBlJCNPo - [0;31mERROR:[0m [youtube] 40_BBlJCNPo: Requested format is not available. Use --list-formats for a list of available formats
2026-03-13 04:04:11,119 - ERROR - エラー: https://www.youtube.com/watch?v=YuFV7mK1XKY - [0;31mERROR:[0m [youtube] YuFV7mK1XKY: The following content is not available on this app.. Watch on the latest version of YouTube.
2026-03-13 04:04:13,600 - ERROR - エラー: https://www.youtube.com/watch?v=Akxc6UN5wLw - [0;31mERROR:[0m [youtube] Akxc6UN5wLw: The following content is not available on this app.. Watch on the latest version of YouTube.
2026-03-13 04:04:13,682 - ERROR - エラー: https://www.youtube.com/watch?v=PV_n7h9aaY4 - [0;31mERROR:[0m [youtube] PV_n7h9aaY4: The following content is not available on this app.. Watch on the latest version of YouTube.
2026-03-13 04:04:14,065 - ERROR - エラー: https://www.youtube.com/watch?v=UNs7faaUELM - [0;31mERROR:[0m [youtube] UNs7faaUELM: The following content is not available on this app.. Watch on the latest version of YouTube.
2026-03-13 04:04:14,241 - ERROR - エラー: https://www.youtube.com/watch?v=ibDssquclDc - [0;31mERROR:[0m 'cookies.txt' does not look like a Netscape format cookies file
2026-03-13 04:04:15,696 - ERROR - エラー: https://www.youtube.com/watch?v=rVKsuzga0bE - [0;31mERROR:[0m [youtube] rVKsuzga0bE: The following content is not available on this app.. Watch on the latest version of YouTube.
2026-03-13 04:04:17,547 - ERROR - エラー: https://www.youtube.com/watch?v=gpTs3dBzyFg - [0;31mERROR:[0m [youtube] gpTs3dBzyFg: The following content is not available on this app.. Watch on the latest version of YouTube.
2026-03-13 04:04:18,369 - ERROR - エラー: https://www.youtube.com/watch?v=XgTu62vYhFE - [0;31mERROR:[0m [youtube] XgTu62vYhFE: The following content is not available on this app.. Watch on the latest version of YouTube.
2026-03-13 04:04:19,113 - ERROR - エラー: https://www.youtube.com/watch?v=xXZl317qcJ8 - [0;31mERROR:[0m [youtube] xXZl317qcJ8: The following content is not available on this app.. Watch on the latest version of YouTube.
2026-03-13 04:04:20,013 - ERROR - エラー: https://www.youtube.com/watch?v=ZbofFOjyIGo - [0;31mERROR:[0m [youtube] ZbofFOjyIGo: The following content is not available on this app.. Watch on the latest version of YouTube.
2026-03-13 04:04:20,912 - ERROR - エラー: https://www.youtube.com/watch?v=0rOp8AN6Xr0 - [0;31mERROR:[0m [youtube] 0rOp8AN6Xr0: The following content is not available on this app.. Watch on the latest version of YouTube.
2026-03-13 04:04:21,772 - ERROR - エラー: https://www.youtube.com/watch?v=MyzQaUn_qQM - [0;31mERROR:[0m [youtube] MyzQaUn_qQM: The following content is not available on this app.. Watch on the latest version of YouTube.
2026-03-13 04:04:22,725 - ERROR - エラー: https://www.youtube.com/watch?v=IRAx3M5wF14 - [0;31mERROR:[0m [youtube] IRAx3M5wF14: The following content is not available on this app.. Watch on the latest version of YouTube.
2026-03-13 04:04:23,654 - ERROR - エラー: https://www.youtube.com/watch?v=1StaxTRVw10 - [0;31mERROR:[0m [youtube] 1StaxTRVw10: The following content is not available on this app.. Watch on the latest version of YouTube.
2026-03-13 04:04:24,597 - ERROR - エラー: https://www.youtube.com/watch?v=AEOBgDRn5No - [0;31mERROR:[0m [youtube] AEOBgDRn5No: The following content is not available on this app.. Watch on the latest version of YouTube.
2026-03-13 04:04:25,450 - ERROR - エラー: https://www.youtube.com/watch?v=gHykLl5MjPw - [0;31mERROR:[0m [youtube] gHykLl5MjPw: The following content is not available on this app.. Watch on the latest version of YouTube.
2026-03-13 04:04:26,648 - ERROR - エラー: https://www.youtube.com/watch?v=f9F80A10xx4 - [0;31mERROR:[0m [youtube] f9F80A10xx4: The following content is not available on this app.. Watch on the latest version of YouTube.
2026-03-13 04:04:27,015 - ERROR - エラー: https://www.youtube.com/watch?v=u-cYjQKGXxs - [0;31mERROR:[0m [youtube] u-cYjQKGXxs: The following content is not available on this app.. Watch on the latest version of YouTube.
2026-03-13 04:04:28,283 - ERROR - エラー: https://www.youtube.com/watch?v=Xl2UkwDFPqM - [0;31mERROR:[0m [youtube] Xl2UkwDFPqM: The following content is not available on this app.. Watch on the latest version of YouTube.
2026-03-13 04:04:29,380 - ERROR - エラー: https://www.youtube.com/watch?v=TOAsb4llt3c - [0;31mERROR:[0m [youtube] TOAsb4llt3c: The following content is not available on this app.. Watch on the latest version of YouTube.
2026-03-13 04:04:30,740 - ERROR - エラー: https://www.youtube.com/watch?v=VOc7iQY9I0Y - [0;31mERROR:[0m [youtube] VOc7iQY9I0Y: The following content is not available on this app.. Watch on the latest version of YouTube.
2026-03-13 04:04:31,193 - ERROR - エラー: https://www.youtube.com/watch?v=10Fwqd9RTBM - [0;31mERROR:[0m [youtube] 10Fwqd9RTBM: The following content is not available on this app.. Watch on the latest version of YouTube.
2026-03-13 04:04:31,619 - ERROR - エラー: https://www.youtube.com/watch?v=ypnjKNVS8x8 - [0;31mERROR:[0m [youtube] ypnjKNVS8x8: The following content is not available on this app.. Watch on the latest version of YouTube.
2026-03-13 04:04:32,628 - ERROR - エラー: https://www.youtube.com/watch?v=UPyygv3cF_w - [0;31mERROR:[0m [youtube] UPyygv3cF_w: The following content is not available on this app.. Watch on the latest version of YouTube.
2026-03-13 04:04:32,919 - ERROR - エラー: https://www.youtube.com/watch?v=eOWP4CS0gdY - [0;31mERROR:[0m [youtube] eOWP4CS0gdY: The following content is not available on this app.. Watch on the latest version of YouTube.
2026-03-13 04:04:34,331 - ERROR - エラー: https://www.youtube.com/watch?v=pN62xf-fgIM - [0;31mERROR:[0m [youtube] pN62xf-fgIM: The following content is not available on this app.. Watch on the latest version of YouTube.
2026-03-13 04:04:35,279 - ERROR - エラー: https://www.youtube.com/watch?v=mVaDJHEs1hE - [0;31mERROR:[0m [youtube] mVaDJHEs1hE: The following content is not available on this app.. Watch on the latest version of YouTube.
2026-03-13 04:04:35,829 - ERROR - エラー: https://www.youtube.com/watch?v=N6Ly3J86RAw - [0;31mERROR:[0m [youtube] N6Ly3J86RAw: The following content is not available on this app.. Watch on the latest version of YouTube.
2026-03-13 04:04:36,780 - ERROR - エラー: https://www.youtube.com/watch?v=Y8a83bXfAHY - [0;31mERROR:[0m [youtube] Y8a83bXfAHY: The following content is not available on this app.. Watch on the latest version of YouTube.
2026-03-13 04:04:36,832 - ERROR - エラー: https://www.youtube.com/watch?v=qgeMBPXUUJM - [0;31mERROR:[0m [youtube] qgeMBPXUUJM: The following content is not available on this app.. Watch on the latest version of YouTube.
2026-03-13 04:04:38,007 - ERROR - エラー: https://www.youtube.com/watch?v=dYp88gI-XGg - [0;31mERROR:[0m [youtube] dYp88gI-XGg: The following content is not available on this app.. Watch on the latest version of YouTube.
2026-03-13 04:04:38,747 - ERROR - エラー: https://www.youtube.com/watch?v=Wxbt3VJUJl0 - [0;31mERROR:[0m [youtube] Wxbt3VJUJl0: The following content is not available on this app.. Watch on the latest version of YouTube.
2026-03-13 04:04:39,604 - ERROR - エラー: https://www.youtube.com/watch?v=PbdiuKLO614 - [0;31mERROR:[0m [youtube] PbdiuKLO614: The following content is not available on this app.. Watch on the latest version of YouTube.
2026-03-13 04:04:41,168 - ERROR - エラー: https://www.youtube.com/watch?v=9QGZTFUWtaY - [0;31mERROR:[0m [youtube] 9QGZTFUWtaY: The following content is not available on this app.. Watch on the latest version of YouTube.
2026-03-13 04:04:41,312 - ERROR - エラー: https://www.youtube.com/watch?v=7tfH6GNBh6s - [0;31mERROR:[0m [youtube] 7tfH6GNBh6s: The following content is not available on this app.. Watch on the latest version of YouTube.
2026-03-13 04:04:42,079 - ERROR - エラー: https://www.youtube.com/watch?v=G0LoERps_E8 - [0;31mERROR:[0m [youtube] G0LoERps_E8: The following content is not available on this app.. Watch on the latest version of YouTube.
2026-03-13 04:04:42,428 - ERROR - エラー: https://www.youtube.com/watch?v=SSflR23DLXA - [0;31mERROR:[0m [youtube] SSflR23DLXA: The following content is not available on this app.. Watch on the latest version of YouTube.
2026-03-13 04:04:43,362 - ERROR - エラー: https://www.youtube.com/watch?v=R21To6HqN9I - [0;31mERROR:[0m [youtube] R21To6HqN9I: The following content is not available on this app.. Watch on the latest version of YouTube.
2026-03-13 04:04:45,055 - ERROR - エラー: https://www.youtube.com/watch?v=uC70h_GVQIg - [0;31mERROR:[0m [youtube] uC70h_GVQIg: The following content is not available on this app.. Watch on the latest version of YouTube.
2026-03-13 04:04:45,223 - ERROR - エラー: https://www.youtube.com/watch?v=bSThCfeMJT4 - [0;31mERROR:[0m [youtube] bSThCfeMJT4: The following content is not available on this app.. Watch on the latest version of YouTube.
2026-03-13 04:04:46,202 - ERROR - エラー: https://www.youtube.com/watch?v=jkZENMaBSzQ - [0;31mERROR:[0m [youtube] jkZENMaBSzQ: The following content is not available on this app.. Watch on the latest version of YouTube.
2026-03-13 04:04:46,601 - ERROR - エラー: https://www.youtube.com/watch?v=TU59gnyCfgM - [0;31mERROR:[0m [youtube] TU59gnyCfgM: The following content is not available on this app.. Watch on the latest version of YouTube.
2026-03-13 04:04:47,316 - ERROR - エラー: https://www.youtube.com/watch?v=KBuApGbyZOo - [0;31mERROR:[0m [youtube] KBuApGbyZOo: The following content is not available on this app.. Watch on the latest version of YouTube.
2026-03-13 04:04:48,361 - ERROR - エラー: https://www.youtube.com/watch?v=9UuT6JUDWKA - [0;31mERROR:[0m [youtube] 9UuT6JUDWKA: The following content is not available on this app.. Watch on the latest version of YouTube.
2026-03-13 04:04:49,392 - ERROR - エラー: https://www.youtube.com/watch?v=LSlr78Yw1mE - [0;31mERROR:[0m [youtube] LSlr78Yw1mE: The following content is not available on this app.. Watch on the latest version of YouTube.
2026-03-13 04:04:50,230 - ERROR - エラー: https://www.youtube.com/watch?v=0M42CiX_MvY - [0;31mERROR:[0m [youtube] 0M42CiX_MvY: The following content is not available on this app.. Watch on the latest version of YouTube.
2026-03-13 04:04:50,504 - ERROR - エラー: https://www.youtube.com/watch?v=mlkiWe_TIOk - [0;31mERROR:[0m [youtube] mlkiWe_TIOk: The following content is not available on this app.. Watch on the latest version of YouTube.
2026-03-13 04:04:51,591 - ERROR - エラー: https://www.youtube.com/watch?v=tG5aWprK4WM - [0;31mERROR:[0m [youtube] tG5aWprK4WM: The following content is not available on this app.. Watch on the latest version of YouTube.
2026-03-13 04:04:52,472 - ERROR - エラー: https://www.youtube.com/watch?v=a-apdHZ7K38 - [0;31mERROR:[0m [youtube] a-apdHZ7K38: The following content is not available on this app.. Watch on the latest version of YouTube.
2026-03-13 04:04:53,337 - ERROR - エラー: https://www.youtube.com/watch?v=jay4Kfszwx0 - [0;31mERROR:[0m [youtube] jay4Kfszwx0: The following content is not available on this app.. Watch on the latest version of YouTube.
2026-03-13 04:04:54,262 - ERROR - エラー: https://www.youtube.com/watch?v=NjsVhpags5E - [0;31mERROR:[0m [youtube] NjsVhpags5E: The following content is not available on this app.. Watch on the latest version of YouTube.
2026-03-13 04:04:54,748 - ERROR - エラー: https://www.youtube.com/watch?v=cVjOWYWgunA - [0;31mERROR:[0m [youtube] cVjOWYWgunA: The following content is not available on this app.. Watch on the latest version of YouTube.
2026-03-13 04:04:55,581 - ERROR - エラー: https://www.youtube.com/watch?v=Df1x139f1k4 - [0;31mERROR:[0m [youtube] Df1x139f1k4: The following content is not available on this app.. Watch on the latest version of YouTube.
2026-03-13 04:04:56,709 - ERROR - エラー: https://www.youtube.com/watch?v=cT3PKdy_eVc - [0;31mERROR:[0m [youtube] cT3PKdy_eVc: The following content is not available on this app.. Watch on the latest version of YouTube.
2026-03-13 04:04:57,073 - ERROR - エラー: https://www.youtube.com/watch?v=b_RNFYZG8PM - [0;31mERROR:[0m [youtube] b_RNFYZG8PM: The following content is not available on this app.. Watch on the latest version of YouTube.
2026-03-13 04:04:57,840 - ERROR - エラー: https://www.youtube.com/watch?v=60TEFly-d8g - [0;31mERROR:[0m [youtube] 60TEFly-d8g: The following content is not available on this app.. Watch on the latest version of YouTube.
2026-03-13 04:04:58,465 - ERROR - エラー: https://www.youtube.com/watch?v=rsbdH5AiCa8 - [0;31mERROR:[0m [youtube] rsbdH5AiCa8: The following content is not available on this app.. Watch on the latest version of YouTube.
2026-03-13 04:04:59,567 - ERROR - エラー: https://www.youtube.com/watch?v=nrtesX2z1uM - [0;31mERROR:[0m [youtube] nrtesX2z1uM: The following content is not available on this app.. Watch on the latest version of YouTube.
2026-03-13 04:05:00,982 - ERROR - エラー: https://www.youtube.com/watch?v=Rs1hIIielcs - [0;31mERROR:[0m [youtube] Rs1hIIielcs: The following content is not available on this app.. Watch on the latest version of YouTube.
2026-03-13 04:05:01,377 - ERROR - エラー: https://www.youtube.com/watch?v=GOOAN1HzJMg - [0;31mERROR:[0m [youtube] GOOAN1HzJMg: The following content is not available on this app.. Watch on the latest version of YouTube.
2026-03-13 04:05:02,303 - ERROR - エラー: https://www.youtube.com/watch?v=Qdb30xkAvjQ - [0;31mERROR:[0m [youtube] Qdb30xkAvjQ: The following content is not available on this app.. Watch on the latest version of YouTube.
2026-03-13 04:05:03,176 - ERROR - エラー: https://www.youtube.com/watch?v=W6CPswLROpQ - [0;31mERROR:[0m [youtube] W6CPswLROpQ: The following content is not available on this app.. Watch on the latest version of YouTube.
2026-03-13 04:05:04,066 - ERROR - エラー: https://www.youtube.com/watch?v=8qNowj8ATKw - [0;31mERROR:[0m [youtube] 8qNowj8ATKw: The following content is not available on this app.. Watch on the latest version of YouTube.
2026-03-13 04:05:04,936 - ERROR - エラー: https://www.youtube.com/watch?v=8tCRwn7v6f8 - [0;31mERROR:[0m [youtube] 8tCRwn7v6f8: The following content is not available on this app.. Watch on the latest version of YouTube.
2026-03-13 04:05:05,062 - ERROR - エラー: https://www.youtube.com/watch?v=l9Z4Q-IgSS8 - [0;31mERROR:[0m [youtube] l9Z4Q-IgSS8: The following content is not available on this app.. Watch on the latest version of YouTube.
2026-03-13 04:05:05,885 - ERROR - エラー: https://www.youtube.com/watch?v=6IL77aehWjc - [0;31mERROR:[0m [youtube] 6IL77aehWjc: The following content is not available on this app.. Watch on the latest version of YouTube.
2026-03-13 04:05:06,861 - ERROR - エラー: https://www.youtube.com/watch?v=m93HTw95v-0 - [0;31mERROR:[0m [youtube] m93HTw95v-0: The following content is not available on this app.. Watch on the latest version of YouTube.
2026-03-13 04:05:07,957 - ERROR - エラー: https://www.youtube.com/watch?v=Ocvcwg69GeA - [0;31mERROR:[0m [youtube] Ocvcwg69GeA: The following content is not available on this app.. Watch on the latest version of YouTube.
2026-03-13 04:05:08,933 - ERROR - エラー: https://www.youtube.com/watch?v=NkZc2JT1zc8 - [0;31mERROR:[0m [youtube] NkZc2JT1zc8: The following content is not available on this app.. Watch on the latest version of YouTube.
2026-03-13 04:05:09,253 - ERROR - エラー: https://www.youtube.com/watch?v=hVwYrpIevXg - [0;31mERROR:[0m [youtube] hVwYrpIevXg: The following content is not available on this app.. Watch on the latest version of YouTube.
2026-03-13 04:05:09,972 - ERROR - エラー: https://www.youtube.com/watch?v=464_VA03fI4 - [0;31mERROR:[0m [youtube] 464_VA03fI4: The following content is not available on this app.. Watch on the latest version of YouTube.
2026-03-13 04:05:10,850 - ERROR - エラー: https://www.youtube.com/watch?v=aHNW_43kC-0 - [0;31mERROR:[0m [youtube] aHNW_43kC-0: The following content is not available on this app.. Watch on the latest version of YouTube.
2026-03-13 04:05:11,769 - ERROR - エラー: https://www.youtube.com/watch?v=OfVr9efKHb0 - [0;31mERROR:[0m [youtube] OfVr9efKHb0: The following content is not available on this app.. Watch on the latest version of YouTube.
2026-03-13 04:05:12,862 - ERROR - エラー: https://www.youtube.com/watch?v=0ZTO_eTDEyY - [0;31mERROR:[0m [youtube] 0ZTO_eTDEyY: The following content is not available on this app.. Watch on the latest version of YouTube.
2026-03-13 04:05:13,167 - ERROR - エラー: https://www.youtube.com/watch?v=4Sk5kWvOE-4 - [0;31mERROR:[0m [youtube] 4Sk5kWvOE-4: The following content is not available on this app.. Watch on the latest version of YouTube.
2026-03-13 04:05:13,762 - ERROR - エラー: https://www.youtube.com/watch?v=Mvo2trrM5nE - [0;31mERROR:[0m [youtube] Mvo2trrM5nE: The following content is not available on this app.. Watch on the latest version of YouTube.
2026-03-13 04:05:14,332 - ERROR - エラー: https://www.youtube.com/watch?v=-LteNfR4Doo - [0;31mERROR:[0m [youtube] -LteNfR4Doo: The following content is not available on this app.. Watch on the latest version of YouTube.
2026-03-13 04:05:14,804 - ERROR - エラー: https://www.youtube.com/watch?v=FkAdRk-8VrU - [0;31mERROR:[0m [youtube] FkAdRk-8VrU: The following content is not available on this app.. Watch on the latest version of YouTube.
2026-03-13 04:07:02,870 - ERROR - エラー: https://www.youtube.com/watch?v=24cirMAg1rA - [0;31mERROR:[0m [youtube] 24cirMAg1rA: The following content is not available on this app.. Watch on the latest version of YouTube.
2026-03-13 04:07:03,226 - ERROR - エラー: https://www.youtube.com/watch?v=n8KOqjGbx_U - [0;31mERROR:[0m [youtube] n8KOqjGbx_U: The following content is not available on this app.. Watch on the latest version of YouTube.
2026-03-13 04:07:03,476 - ERROR - エラー: https://www.youtube.com/watch?v=P8p_N7np5Jw - [0;31mERROR:[0m [youtube] P8p_N7np5Jw: The following content is not available on this app.. Watch on the latest version of YouTube.
2026-03-13 04:07:03,601 - ERROR - エラー: https://www.youtube.com/watch?v=n4Rd9o58vzw - [0;31mERROR:[0m [youtube] n4Rd9o58vzw: The following content is not available on this app.. Watch on the latest version of YouTube.
2026-03-13 04:07:03,687 - ERROR - エラー: https://www.youtube.com/watch?v=z_Wxlbey_t0 - [0;31mERROR:[0m [youtube] z_Wxlbey_t0: The following content is not available on this app.. Watch on the latest version of YouTube.
2026-03-13 04:07:06,986 - ERROR - エラー: https://www.youtube.com/watch?v=AeeNxyichYI - [0;31mERROR:[0m [youtube] AeeNxyichYI: The following content is not available on this app.. Watch on the latest version of YouTube.
2026-03-13 04:07:07,413 - ERROR - エラー: https://www.youtube.com/watch?v=t9Iqep5VTsg - [0;31mERROR:[0m [youtube] t9Iqep5VTsg: The following content is not available on this app.. Watch on the latest version of YouTube.
2026-03-13 04:07:08,269 - ERROR - エラー: https://www.youtube.com/watch?v=Amuz5-mn2fU - [0;31mERROR:[0m [youtube] Amuz5-mn2fU: The following content is not available on this app.. Watch on the latest version of YouTube.
2026-03-13 04:07:08,324 - ERROR - エラー: https://www.youtube.com/watch?v=G8sYtCywSeM - [0;31mERROR:[0m [youtube] G8sYtCywSeM: The following content is not available on this app.. Watch on the latest version of YouTube.
2026-03-13 04:07:08,534 - ERROR - エラー: https://www.youtube.com/watch?v=l_zwLwMlz3Y - [0;31mERROR:[0m [youtube] l_zwLwMlz3Y: The following content is not available on this app.. Watch on the latest version of YouTube.
2026-03-13 04:07:10,120 - ERROR - エラー: https://www.youtube.com/watch?v=flF2KouxFag - [0;31mERROR:[0m [youtube] flF2KouxFag: The following content is not available on this app.. Watch on the latest version of YouTube.
2026-03-13 04:07:11,142 - ERROR - エラー: https://www.youtube.com/watch?v=nX3l1P151ko - [0;31mERROR:[0m [youtube] nX3l1P151ko: The following content is not available on this app.. Watch on the latest version of YouTube.
2026-03-13 04:07:12,325 - ERROR - エラー: https://www.youtube.com/watch?v=7cdzpDmdh4o - [0;31mERROR:[0m [youtube] 7cdzpDmdh4o: The following content is not available on this app.. Watch on the latest version of YouTube.
2026-03-13 04:07:12,731 - ERROR - エラー: https://www.youtube.com/watch?v=tIUTh9_goek - [0;31mERROR:[0m [youtube] tIUTh9_goek: The following content is not available on this app.. Watch on the latest version of YouTube.
2026-03-13 04:07:12,861 - ERROR - エラー: https://www.youtube.com/watch?v=NlAd2tUI1Bk - [0;31mERROR:[0m [youtube] NlAd2tUI1Bk: The following content is not available on this app.. Watch on the latest version of YouTube.
2026-03-13 04:07:14,176 - ERROR - エラー: https://www.youtube.com/watch?v=uQq7H-fkFVs - [0;31mERROR:[0m [youtube] uQq7H-fkFVs: The following content is not available on this app.. Watch on the latest version of YouTube.
2026-03-13 04:07:16,156 - ERROR - エラー: https://www.youtube.com/watch?v=sy4PJN-vbpY - [0;31mERROR:[0m [youtube] sy4PJN-vbpY: The following content is not available on this app.. Watch on the latest version of YouTube.
2026-03-13 04:07:16,349 - ERROR - エラー: https://www.youtube.com/watch?v=QSjp2mgWZ0g - [0;31mERROR:[0m [youtube] QSjp2mgWZ0g: The following content is not available on this app.. Watch on the latest version of YouTube.
2026-03-13 04:07:17,010 - ERROR - エラー: https://www.youtube.com/watch?v=-YIHHPYoR_Y - [0;31mERROR:[0m [youtube] -YIHHPYoR_Y: The following content is not available on this app.. Watch on the latest version of YouTube.
2026-03-13 04:07:17,790 - ERROR - エラー: https://www.youtube.com/watch?v=JaFwFX9zi3E - [0;31mERROR:[0m [youtube] JaFwFX9zi3E: The following content is not available on this app.. Watch on the latest version of YouTube.
2026-03-13 04:07:20,678 - ERROR - エラー: https://www.youtube.com/watch?v=h3vJcTwZw3E - [0;31mERROR:[0m [youtube] h3vJcTwZw3E: The following content is not available on this app.. Watch on the latest version of YouTube.
2026-03-13 04:07:20,739 - ERROR - エラー: https://www.youtube.com/watch?v=HBsq1TBcZL0 - [0;31mERROR:[0m [youtube] HBsq1TBcZL0: The following content is not available on this app.. Watch on the latest version of YouTube.
2026-03-13 04:07:22,571 - ERROR - エラー: https://www.youtube.com/watch?v=CtR6SirRuS8 - [0;31mERROR:[0m [youtube] CtR6SirRuS8: The following content is not available on this app.. Watch on the latest version of YouTube.
2026-03-13 04:07:22,642 - ERROR - エラー: https://www.youtube.com/watch?v=zl9_kuMaZfI - [0;31mERROR:[0m [youtube] zl9_kuMaZfI: The following content is not available on this app.. Watch on the latest version of YouTube.
2026-03-13 04:07:24,466 - ERROR - エラー: https://www.youtube.com/watch?v=rsMulcOCC88 - [0;31mERROR:[0m [youtube] rsMulcOCC88: The following content is not available on this app.. Watch on the latest version of YouTube.
2026-03-13 04:07:25,483 - ERROR - エラー: https://www.youtube.com/watch?v=gyn2u6STxBk - [0;31mERROR:[0m [youtube] gyn2u6STxBk: The following content is not available on this app.. Watch on the latest version of YouTube.
2026-03-13 04:07:27,463 - ERROR - エラー: https://www.youtube.com/watch?v=q-tf4XG5rGA - [0;31mERROR:[0m [youtube] q-tf4XG5rGA: The following content is not available on this app.. Watch on the latest version of YouTube.
2026-03-13 04:07:27,612 - ERROR - エラー: https://www.youtube.com/watch?v=j-BsDzppTRk - [0;31mERROR:[0m [youtube] j-BsDzppTRk: The following content is not available on this app.. Watch on the latest version of YouTube.
2026-03-13 04:07:29,341 - ERROR - エラー: https://www.youtube.com/watch?v=lSizCisu1i8 - [0;31mERROR:[0m [youtube] lSizCisu1i8: The following content is not available on this app.. Watch on the latest version of YouTube.
2026-03-13 04:07:30,687 - ERROR - エラー: https://www.youtube.com/watch?v=mURwdan3vio - [0;31mERROR:[0m [youtube] mURwdan3vio: The following content is not available on this app.. Watch on the latest version of YouTube.
2026-03-13 04:07:31,738 - ERROR - エラー: https://www.youtube.com/watch?v=tKPS8HuwYTs - [0;31mERROR:[0m [youtube] tKPS8HuwYTs: The following content is not available on this app.. Watch on the latest version of YouTube.
2026-03-13 04:07:32,437 - ERROR - エラー: https://www.youtube.com/watch?v=31yWUb_jezA - [0;31mERROR:[0m [youtube] 31yWUb_jezA: The following content is not available on this app.. Watch on the latest version of YouTube.
2026-03-13 04:07:33,087 - ERROR - エラー: https://www.youtube.com/watch?v=zwDoXs_sFeM - [0;31mERROR:[0m [youtube] zwDoXs_sFeM: The following content is not available on this app.. Watch on the latest version of YouTube.
2026-03-13 04:07:34,159 - ERROR - エラー: https://www.youtube.com/watch?v=SxJjoBW66vo - [0;31mERROR:[0m [youtube] SxJjoBW66vo: The following content is not available on this app.. Watch on the latest version of YouTube.
2026-03-13 04:07:35,175 - ERROR - エラー: https://www.youtube.com/watch?v=n4d4aZlRb8s - [0;31mERROR:[0m [youtube] n4d4aZlRb8s: The following content is not available on this app.. Watch on the latest version of YouTube.
2026-03-13 04:07:36,004 - ERROR - エラー: https://www.youtube.com/watch?v=8q5szytTBvY - [0;31mERROR:[0m [youtube] 8q5szytTBvY: The following content is not available on this app.. Watch on the latest version of YouTube.
2026-03-13 04:07:36,696 - ERROR - エラー: https://www.youtube.com/watch?v=tGjy4e6K0BY - [0;31mERROR:[0m [youtube] tGjy4e6K0BY: The following content is not available on this app.. Watch on the latest version of YouTube.
2026-03-13 04:07:37,650 - ERROR - エラー: https://www.youtube.com/watch?v=O7PU5J2wmUs - [0;31mERROR:[0m [youtube] O7PU5J2wmUs: The following content is not available on this app.. Watch on the latest version of YouTube.
2026-03-13 04:07:38,826 - ERROR - エラー: https://www.youtube.com/watch?v=1dgXRj_p8-M - [0;31mERROR:[0m [youtube] 1dgXRj_p8-M: The following content is not available on this app.. Watch on the latest version of YouTube.
2026-03-13 04:07:39,659 - ERROR - エラー: https://www.youtube.com/watch?v=3i4lT9uLmYI - [0;31mERROR:[0m [youtube] 3i4lT9uLmYI: The following content is not available on this app.. Watch on the latest version of YouTube.
2026-03-13 04:07:40,540 - ERROR - エラー: https://www.youtube.com/watch?v=Nf7JU62CP8E - [0;31mERROR:[0m [youtube] Nf7JU62CP8E: The following content is not available on this app.. Watch on the latest version of YouTube.
2026-03-13 04:07:41,392 - ERROR - エラー: https://www.youtube.com/watch?v=Tk5ZCvC3JRc - [0;31mERROR:[0m [youtube] Tk5ZCvC3JRc: The following content is not available on this app.. Watch on the latest version of YouTube.
2026-03-13 04:07:42,283 - ERROR - エラー: https://www.youtube.com/watch?v=TzgRhrRJzb8 - [0;31mERROR:[0m [youtube] TzgRhrRJzb8: The following content is not available on this app.. Watch on the latest version of YouTube.
2026-03-13 04:07:43,200 - ERROR - エラー: https://www.youtube.com/watch?v=XMTrRnnS7tA - [0;31mERROR:[0m [youtube] XMTrRnnS7tA: The following content is not available on this app.. Watch on the latest version of YouTube.
2026-03-13 04:07:44,162 - ERROR - エラー: https://www.youtube.com/watch?v=W9ZR7HdXFmg - [0;31mERROR:[0m [youtube] W9ZR7HdXFmg: The following content is not available on this app.. Watch on the latest version of YouTube.
2026-03-13 04:07:44,981 - ERROR - エラー: https://www.youtube.com/watch?v=JnAi5GHBFGE - [0;31mERROR:[0m [youtube] JnAi5GHBFGE: The following content is not available on this app.. Watch on the latest version of YouTube.
2026-03-13 04:07:45,849 - ERROR - エラー: https://www.youtube.com/watch?v=00jJc2GBdNY - [0;31mERROR:[0m [youtube] 00jJc2GBdNY: The following content is not available on this app.. Watch on the latest version of YouTube.
2026-03-13 04:07:46,751 - ERROR - エラー: https://www.youtube.com/watch?v=5p05ly6pJiE - [0;31mERROR:[0m [youtube] 5p05ly6pJiE: The following content is not available on this app.. Watch on the latest version of YouTube.
2026-03-13 04:07:47,639 - ERROR - エラー: https://www.youtube.com/watch?v=k3gklYuAhL4 - [0;31mERROR:[0m [youtube] k3gklYuAhL4: The following content is not available on this app.. Watch on the latest version of YouTube.
2026-03-13 04:07:48,500 - ERROR - エラー: https://www.youtube.com/watch?v=9N897GcDD84 - [0;31mERROR:[0m [youtube] 9N897GcDD84: The following content is not available on this app.. Watch on the latest version of YouTube.
2026-03-13 04:07:49,369 - ERROR - エラー: https://www.youtube.com/watch?v=fsHuPi5VZ9s - [0;31mERROR:[0m [youtube] fsHuPi5VZ9s: The following content is not available on this app.. Watch on the latest version of YouTube.
2026-03-13 04:07:50,217 - ERROR - エラー: https://www.youtube.com/watch?v=YLvKd0YxOd0 - [0;31mERROR:[0m [youtube] YLvKd0YxOd0: The following content is not available on this app.. Watch on the latest version of YouTube.
2026-03-13 04:07:51,309 - ERROR - エラー: https://www.youtube.com/watch?v=f_l8-1oW1ng - [0;31mERROR:[0m [youtube] f_l8-1oW1ng: The following content is not available on this app.. Watch on the latest version of YouTube.
2026-03-13 04:07:52,754 - ERROR - エラー: https://www.youtube.com/watch?v=WNkc9B1DRkg - [0;31mERROR:[0m [youtube] WNkc9B1DRkg: The following content is not available on this app.. Watch on the latest version of YouTube.
2026-03-13 04:07:53,542 - ERROR - エラー: https://www.youtube.com/watch?v=cPTR5m__aTU - [0;31mERROR:[0m [youtube] cPTR5m__aTU: The following content is not available on this app.. Watch on the latest version of YouTube.
2026-03-13 04:07:54,397 - ERROR - エラー: https://www.youtube.com/watch?v=mVKTHSIZ7IM - [0;31mERROR:[0m [youtube] mVKTHSIZ7IM: The following content is not available on this app.. Watch on the latest version of YouTube.
2026-03-13 04:07:55,684 - ERROR - エラー: https://www.youtube.com/watch?v=9MlCdLgZr_4 - [0;31mERROR:[0m [youtube] 9MlCdLgZr_4: Requested format is not available. Use --list-formats for a list of available formats
2026-03-13 04:07:56,073 - ERROR - エラー: https://www.youtube.com/watch?v=5nP01eFNtd4 - [0;31mERROR:[0m [youtube] 5nP01eFNtd4: The following content is not available on this app.. Watch on the latest version of YouTube.
2026-03-13 04:07:57,196 - ERROR - エラー: https://www.youtube.com/watch?v=Eq6s3I9-VLk - [0;31mERROR:[0m [youtube] Eq6s3I9-VLk: The following content is not available on this app.. Watch on the latest version of YouTube.
2026-03-13 04:07:58,097 - ERROR - エラー: https://www.youtube.com/watch?v=Gr1_QRZ0Hxc - [0;31mERROR:[0m [youtube] Gr1_QRZ0Hxc: The following content is not available on this app.. Watch on the latest version of YouTube.
2026-03-13 04:07:59,374 - ERROR - エラー: https://www.youtube.com/watch?v=1QYSNkZXGY4 - [0;31mERROR:[0m [youtube] 1QYSNkZXGY4: The following content is not available on this app.. Watch on the latest version of YouTube.
2026-03-13 04:07:59,541 - ERROR - エラー: https://www.youtube.com/watch?v=N4ahSMLnmVw - [0;31mERROR:[0m [youtube] N4ahSMLnmVw: The following content is not available on this app.. Watch on the latest version of YouTube.
2026-03-13 04:08:01,178 - ERROR - エラー: https://www.youtube.com/watch?v=ZyB4U5Fzvak - [0;31mERROR:[0m [youtube] ZyB4U5Fzvak: The following content is not available on this app.. Watch on the latest version of YouTube.
2026-03-13 04:08:01,575 - ERROR - エラー: https://www.youtube.com/watch?v=dll7o1gzPpw - [0;31mERROR:[0m [youtube] dll7o1gzPpw: The following content is not available on this app.. Watch on the latest version of YouTube.
2026-03-13 04:08:03,301 - ERROR - エラー: https://www.youtube.com/watch?v=VBOFliHELdo - [0;31mERROR:[0m [youtube] VBOFliHELdo: The following content is not available on this app.. Watch on the latest version of YouTube.
2026-03-13 04:08:04,821 - ERROR - エラー: https://www.youtube.com/watch?v=f9w408vEWpY - [0;31mERROR:[0m [youtube] f9w408vEWpY: The following content is not available on this app.. Watch on the latest version of YouTube.
2026-03-13 04:08:05,269 - ERROR - エラー: https://www.youtube.com/watch?v=lLXNrEuWb2I - [0;31mERROR:[0m [youtube] lLXNrEuWb2I: The following content is not available on this app.. Watch on the latest version of YouTube.
2026-03-13 04:08:06,649 - ERROR - エラー: https://www.youtube.com/watch?v=wjjBPnMRNv8 - [0;31mERROR:[0m [youtube] wjjBPnMRNv8: The following content is not available on this app.. Watch on the latest version of YouTube.
2026-03-13 04:08:07,342 - ERROR - エラー: https://www.youtube.com/watch?v=XkI-DDAis9k - [0;31mERROR:[0m [youtube] XkI-DDAis9k: Requested format is not available. Use --list-formats for a list of available formats
2026-03-13 04:08:08,129 - ERROR - エラー: https://www.youtube.com/watch?v=hcOYQXPsZtE - [0;31mERROR:[0m [youtube] hcOYQXPsZtE: The following content is not available on this app.. Watch on the latest version of YouTube.
2026-03-13 04:08:08,843 - ERROR - エラー: https://www.youtube.com/watch?v=p6VHe20Crvw - [0;31mERROR:[0m [youtube] p6VHe20Crvw: The following content is not available on this app.. Watch on the latest version of YouTube.
2026-03-13 04:08:09,949 - ERROR - エラー: https://www.youtube.com/watch?v=b8F3VhTuUQk - [0;31mERROR:[0m [youtube] b8F3VhTuUQk: The following content is not available on this app.. Watch on the latest version of YouTube.
2026-03-13 04:08:10,764 - ERROR - エラー: https://www.youtube.com/watch?v=8KEIlfycdLw - [0;31mERROR:[0m [youtube] 8KEIlfycdLw: The following content is not available on this app.. Watch on the latest version of YouTube.
2026-03-13 04:08:12,219 - ERROR - エラー: https://www.youtube.com/watch?v=DbuyF7MMxTE - [0;31mERROR:[0m [youtube] DbuyF7MMxTE: The following content is not available on this app.. Watch on the latest version of YouTube.
2026-03-13 04:08:12,741 - ERROR - エラー: https://www.youtube.com/watch?v=qLzXXSRmbOA - [0;31mERROR:[0m [youtube] qLzXXSRmbOA: The following content is not available on this app.. Watch on the latest version of YouTube.
2026-03-13 04:08:13,632 - ERROR - エラー: https://www.youtube.com/watch?v=7BlQ_JVp3vI - [0;31mERROR:[0m [youtube] 7BlQ_JVp3vI: The following content is not available on this app.. Watch on the latest version of YouTube.
2026-03-13 04:08:14,631 - ERROR - エラー: https://www.youtube.com/watch?v=9tW3VKYeCi4 - [0;31mERROR:[0m [youtube] 9tW3VKYeCi4: The following content is not available on this app.. Watch on the latest version of YouTube.
2026-03-13 04:08:15,624 - ERROR - エラー: https://www.youtube.com/watch?v=6LNPi4gaSAo - [0;31mERROR:[0m [youtube] 6LNPi4gaSAo: The following content is not available on this app.. Watch on the latest version of YouTube.
2026-03-13 04:08:16,466 - ERROR - エラー: https://www.youtube.com/watch?v=uJGj0Zmyv_o - [0;31mERROR:[0m [youtube] uJGj0Zmyv_o: The following content is not available on this app.. Watch on the latest version of YouTube.
2026-03-13 04:08:17,267 - ERROR - エラー: https://www.youtube.com/watch?v=2bszwh1Cb_c - [0;31mERROR:[0m [youtube] 2bszwh1Cb_c: The following content is not available on this app.. Watch on the latest version of YouTube.
2026-03-13 04:08:18,062 - ERROR - エラー: https://www.youtube.com/watch?v=9BQLVWcX0oA - [0;31mERROR:[0m [youtube] 9BQLVWcX0oA: The following content is not available on this app.. Watch on the latest version of YouTube.
2026-03-13 04:08:19,005 - ERROR - エラー: https://www.youtube.com/watch?v=X7U1d8IsSeA - [0;31mERROR:[0m [youtube] X7U1d8IsSeA: The following content is not available on this app.. Watch on the latest version of YouTube.
2026-03-13 04:08:19,902 - ERROR - エラー: https://www.youtube.com/watch?v=XM-tivAGTww - [0;31mERROR:[0m [youtube] XM-tivAGTww: The following content is not available on this app.. Watch on the latest version of YouTube.
2026-03-13 04:08:20,716 - ERROR - エラー: https://www.youtube.com/watch?v=iW7DF11AHOY - [0;31mERROR:[0m [youtube] iW7DF11AHOY: The following content is not available on this app.. Watch on the latest version of YouTube.
2026-03-13 04:08:21,648 - ERROR - エラー: https://www.youtube.com/watch?v=Z5Z_yEBf4Ns - [0;31mERROR:[0m [youtube] Z5Z_yEBf4Ns: The following content is not available on this app.. Watch on the latest version of YouTube.
2026-03-13 04:08:22,581 - ERROR - エラー: https://www.youtube.com/watch?v=rP_Svopboy4 - [0;31mERROR:[0m [youtube] rP_Svopboy4: The following content is not available on this app.. Watch on the latest version of YouTube.
2026-03-13 04:08:23,631 - ERROR - エラー: https://www.youtube.com/watch?v=XR312gmvNSI - [0;31mERROR:[0m [youtube] XR312gmvNSI: The following content is not available on this app.. Watch on the latest version of YouTube.
2026-03-13 04:08:24,550 - ERROR - エラー: https://www.youtube.com/watch?v=c2Ah9He6kHg - [0;31mERROR:[0m [youtube] c2Ah9He6kHg: The following content is not available on this app.. Watch on the latest version of YouTube.
2026-03-13 04:08:25,283 - ERROR - エラー: https://www.youtube.com/watch?v=mCEJIiEF47o - [0;31mERROR:[0m [youtube] mCEJIiEF47o: The following content is not available on this app.. Watch on the latest version of YouTube.
2026-03-13 04:08:26,196 - ERROR - エラー: https://www.youtube.com/watch?v=zzMpev8kt9Y - [0;31mERROR:[0m [youtube] zzMpev8kt9Y: The following content is not available on this app.. Watch on the latest version of YouTube.
2026-03-13 04:08:27,194 - ERROR - エラー: https://www.youtube.com/watch?v=5oROoPB65H8 - [0;31mERROR:[0m [youtube] 5oROoPB65H8: The following content is not available on this app.. Watch on the latest version of YouTube.
2026-03-13 04:08:28,055 - ERROR - エラー: https://www.youtube.com/watch?v=lahFJBGNOV8 - [0;31mERROR:[0m [youtube] lahFJBGNOV8: The following content is not available on this app.. Watch on the latest version of YouTube.
2026-03-13 04:08:29,037 - ERROR - エラー: https://www.youtube.com/watch?v=qmJ6nHiUKaA - [0;31mERROR:[0m [youtube] qmJ6nHiUKaA: The following content is not available on this app.. Watch on the latest version of YouTube.
2026-03-13 04:08:30,269 - ERROR - エラー: https://www.youtube.com/watch?v=RqMdjhVFrPs - [0;31mERROR:[0m [youtube] RqMdjhVFrPs: The following content is not available on this app.. Watch on the latest version of YouTube.
2026-03-13 04:08:31,241 - ERROR - エラー: https://www.youtube.com/watch?v=WQs1lLz3nGo - [0;31mERROR:[0m [youtube] WQs1lLz3nGo: The following content is not available on this app.. Watch on the latest version of YouTube.
2026-03-13 04:08:32,359 - ERROR - エラー: https://www.youtube.com/watch?v=6ZwjJcsljTs - [0;31mERROR:[0m [youtube] 6ZwjJcsljTs: The following content is not available on this app.. Watch on the latest version of YouTube.
2026-03-13 04:08:33,316 - ERROR - エラー: https://www.youtube.com/watch?v=1pGJ7x129YY - [0;31mERROR:[0m [youtube] 1pGJ7x129YY: The following content is not available on this app.. Watch on the latest version of YouTube.
2026-03-13 04:08:33,440 - ERROR - エラー: https://www.youtube.com/watch?v=9leE7G4p9Rk - [0;31mERROR:[0m [youtube] 9leE7G4p9Rk: The following content is not available on this app.. Watch on the latest version of YouTube.
2026-03-13 04:08:34,938 - ERROR - エラー: https://www.youtube.com/watch?v=Fwl-ZLvrQnk - [0;31mERROR:[0m [youtube] Fwl-ZLvrQnk: The following content is not available on this app.. Watch on the latest version of YouTube.
2026-03-13 04:08:35,235 - ERROR - エラー: https://www.youtube.com/watch?v=o37qiL6T2rE - [0;31mERROR:[0m [youtube] o37qiL6T2rE: The following content is not available on this app.. Watch on the latest version of YouTube.
2026-03-13 04:08:36,252 - ERROR - エラー: https://www.youtube.com/watch?v=W3N5sdj-bp4 - [0;31mERROR:[0m [youtube] W3N5sdj-bp4: The following content is not available on this app.. Watch on the latest version of YouTube.
2026-03-13 04:08:37,181 - ERROR - エラー: https://www.youtube.com/watch?v=dOIumWomIMI - [0;31mERROR:[0m [youtube] dOIumWomIMI: The following content is not available on this app.. Watch on the latest version of YouTube.
2026-03-13 04:08:37,229 - ERROR - エラー: https://www.youtube.com/watch?v=qJbn4smL8W0 - [0;31mERROR:[0m [youtube] qJbn4smL8W0: The following content is not available on this app.. Watch on the latest version of YouTube.
2026-03-13 04:08:38,320 - ERROR - エラー: https://www.youtube.com/watch?v=dxIFScWuje4 - [0;31mERROR:[0m [youtube] dxIFScWuje4: The following content is not available on this app.. Watch on the latest version of YouTube.
2026-03-13 04:08:38,419 - ERROR - エラー: https://www.youtube.com/watch?v=kM8K1L4rGSs - [0;31mERROR:[0m [youtube] kM8K1L4rGSs: The following content is not available on this app.. Watch on the latest version of YouTube.
2026-03-13 04:10:32,447 - ERROR - エラー: https://www.youtube.com/watch?v=2GcfyRFRxD4 - [0;31mERROR:[0m [youtube] 2GcfyRFRxD4: The following content is not available on this app.. Watch on the latest version of YouTube.
2026-03-13 04:10:32,466 - ERROR - エラー: https://www.youtube.com/watch?v=H__mBlv7rZE - [0;31mERROR:[0m [youtube] H__mBlv7rZE: The following content is not available on this app.. Watch on the latest version of YouTube.
2026-03-13 04:10:32,714 - ERROR - エラー: https://www.youtube.com/watch?v=KT3w9rc0u54 - [0;31mERROR:[0m [youtube] KT3w9rc0u54: The following content is not available on this app.. Watch on the latest version of YouTube.
2026-03-13 04:10:32,749 - ERROR - エラー: https://www.youtube.com/watch?v=m7qWZk1ujxo - [0;31mERROR:[0m [youtube] m7qWZk1ujxo: The following content is not available on this app.. Watch on the latest version of YouTube.
2026-03-13 04:10:33,324 - ERROR - エラー: https://www.youtube.com/watch?v=GZqCiFKkaW4 - [0;31mERROR:[0m [youtube] GZqCiFKkaW4: The following content is not available on this app.. Watch on the latest version of YouTube.
2026-03-13 04:10:36,415 - ERROR - エラー: https://www.youtube.com/watch?v=UL5YLIDaGfQ - [0;31mERROR:[0m [youtube] UL5YLIDaGfQ: The following content is not available on this app.. Watch on the latest version of YouTube.
2026-03-13 04:10:36,731 - ERROR - エラー: https://www.youtube.com/watch?v=D-Mh0htFwDE - [0;31mERROR:[0m [youtube] D-Mh0htFwDE: The following content is not available on this app.. Watch on the latest version of YouTube.
2026-03-13 04:10:37,046 - ERROR - エラー: https://www.youtube.com/watch?v=AvShdSD3sho - [0;31mERROR:[0m [youtube] AvShdSD3sho: The following content is not available on this app.. Watch on the latest version of YouTube.
2026-03-13 04:10:37,526 - ERROR - エラー: https://www.youtube.com/watch?v=t_LJcPI_HE4 - [0;31mERROR:[0m [youtube] t_LJcPI_HE4: The following content is not available on this app.. Watch on the latest version of YouTube.
2026-03-13 04:10:38,263 - ERROR - エラー: https://www.youtube.com/watch?v=TyvbUYY9Mn4 - [0;31mERROR:[0m [youtube] TyvbUYY9Mn4: The following content is not available on this app.. Watch on the latest version of YouTube.
2026-03-13 04:10:40,114 - ERROR - エラー: https://www.youtube.com/watch?v=Kivx8OlMSl4 - [0;31mERROR:[0m [youtube] Kivx8OlMSl4: The following content is not available on this app.. Watch on the latest version of YouTube.
2026-03-13 04:10:40,749 - ERROR - エラー: https://www.youtube.com/watch?v=V9QLa9pQzCQ - [0;31mERROR:[0m [youtube] V9QLa9pQzCQ: The following content is not available on this app.. Watch on the latest version of YouTube.
2026-03-13 04:10:41,065 - ERROR - エラー: https://www.youtube.com/watch?v=LA7d2WJwEos - [0;31mERROR:[0m [youtube] LA7d2WJwEos: The following content is not available on this app.. Watch on the latest version of YouTube.
2026-03-13 04:10:41,906 - ERROR - エラー: https://www.youtube.com/watch?v=Yvjd4zlMIJY - [0;31mERROR:[0m [youtube] Yvjd4zlMIJY: The following content is not available on this app.. Watch on the latest version of YouTube.
2026-03-13 04:10:42,419 - ERROR - エラー: https://www.youtube.com/watch?v=Ttsq0HNhS_Q - [0;31mERROR:[0m [youtube] Ttsq0HNhS_Q: The following content is not available on this app.. Watch on the latest version of YouTube.
2026-03-13 04:10:43,801 - ERROR - エラー: https://www.youtube.com/watch?v=yzr0O7O1nMc - [0;31mERROR:[0m [youtube] yzr0O7O1nMc: The following content is not available on this app.. Watch on the latest version of YouTube.
2026-03-13 04:10:44,809 - ERROR - エラー: https://www.youtube.com/watch?v=wF01RkPuk3M - [0;31mERROR:[0m [youtube] wF01RkPuk3M: The following content is not available on this app.. Watch on the latest version of YouTube.
2026-03-13 04:10:44,958 - ERROR - エラー: https://www.youtube.com/watch?v=v35d_dEx0Ps - [0;31mERROR:[0m [youtube] v35d_dEx0Ps: The following content is not available on this app.. Watch on the latest version of YouTube.
2026-03-13 04:10:45,862 - ERROR - エラー: https://www.youtube.com/watch?v=YUQzySXe_y4 - [0;31mERROR:[0m [youtube] YUQzySXe_y4: The following content is not available on this app.. Watch on the latest version of YouTube.
2026-03-13 04:10:46,239 - ERROR - エラー: https://www.youtube.com/watch?v=m9XiPDxhJxg - [0;31mERROR:[0m [youtube] m9XiPDxhJxg: The following content is not available on this app.. Watch on the latest version of YouTube.
2026-03-13 04:10:47,583 - ERROR - エラー: https://www.youtube.com/watch?v=KnT4yDXSiko - [0;31mERROR:[0m [youtube] KnT4yDXSiko: The following content is not available on this app.. Watch on the latest version of YouTube.
2026-03-13 04:10:48,737 - ERROR - エラー: https://www.youtube.com/watch?v=tj4yNtCURDE - [0;31mERROR:[0m [youtube] tj4yNtCURDE: The following content is not available on this app.. Watch on the latest version of YouTube.
2026-03-13 04:10:49,241 - ERROR - エラー: https://www.youtube.com/watch?v=61QiF7LYlQ4 - [0;31mERROR:[0m [youtube] 61QiF7LYlQ4: The following content is not available on this app.. Watch on the latest version of YouTube.
2026-03-13 04:10:50,092 - ERROR - エラー: https://www.youtube.com/watch?v=X4mYxJUdlnk - [0;31mERROR:[0m [youtube] X4mYxJUdlnk: The following content is not available on this app.. Watch on the latest version of YouTube.
2026-03-13 04:10:50,247 - ERROR - エラー: https://www.youtube.com/watch?v=MPG4g6xCiDk - [0;31mERROR:[0m [youtube] MPG4g6xCiDk: The following content is not available on this app.. Watch on the latest version of YouTube.
2026-03-13 04:10:51,242 - ERROR - エラー: https://www.youtube.com/watch?v=3UlU_4h8OYs - [0;31mERROR:[0m [youtube] 3UlU_4h8OYs: The following content is not available on this app.. Watch on the latest version of YouTube.
2026-03-13 04:10:52,260 - ERROR - エラー: https://www.youtube.com/watch?v=IFBm1A0DBbw - [0;31mERROR:[0m [youtube] IFBm1A0DBbw: The following content is not available on this app.. Watch on the latest version of YouTube.
2026-03-13 04:10:53,165 - ERROR - エラー: https://www.youtube.com/watch?v=d5tK31vZZsM - [0;31mERROR:[0m [youtube] d5tK31vZZsM: The following content is not available on this app.. Watch on the latest version of YouTube.
2026-03-13 04:10:54,105 - ERROR - エラー: https://www.youtube.com/watch?v=H3k8JZ1PtiI - [0;31mERROR:[0m [youtube] H3k8JZ1PtiI: The following content is not available on this app.. Watch on the latest version of YouTube.
2026-03-13 04:10:54,156 - ERROR - エラー: https://www.youtube.com/watch?v=F6dMrmEDfyU - [0;31mERROR:[0m [youtube] F6dMrmEDfyU: The following content is not available on this app.. Watch on the latest version of YouTube.
2026-03-13 04:10:55,211 - ERROR - エラー: https://www.youtube.com/watch?v=ZvkcuPj2zPE - [0;31mERROR:[0m [youtube] ZvkcuPj2zPE: The following content is not available on this app.. Watch on the latest version of YouTube.
2026-03-13 04:10:56,187 - ERROR - エラー: https://www.youtube.com/watch?v=6HJNq-54dQ0 - [0;31mERROR:[0m [youtube] 6HJNq-54dQ0: The following content is not available on this app.. Watch on the latest version of YouTube.
2026-03-13 04:10:57,121 - ERROR - エラー: https://www.youtube.com/watch?v=5amEVpZ8GTY - [0;31mERROR:[0m [youtube] 5amEVpZ8GTY: The following content is not available on this app.. Watch on the latest version of YouTube.
2026-03-13 04:10:58,085 - ERROR - エラー: https://www.youtube.com/watch?v=28IlZieYT6s - [0;31mERROR:[0m [youtube] 28IlZieYT6s: The following content is not available on this app.. Watch on the latest version of YouTube.
2026-03-13 04:10:58,338 - ERROR - エラー: https://www.youtube.com/watch?v=Z9Wn1MgQI3Y - [0;31mERROR:[0m [youtube] Z9Wn1MgQI3Y: The following content is not available on this app.. Watch on the latest version of YouTube.
2026-03-13 04:10:59,401 - ERROR - エラー: https://www.youtube.com/watch?v=l5riJRvpPRA - [0;31mERROR:[0m [youtube] l5riJRvpPRA: The following content is not available on this app.. Watch on the latest version of YouTube.
2026-03-13 04:11:00,516 - ERROR - エラー: https://www.youtube.com/watch?v=8AqEMXYk-j4 - [0;31mERROR:[0m [youtube] 8AqEMXYk-j4: The following content is not available on this app.. Watch on the latest version of YouTube.
2026-03-13 04:11:00,841 - ERROR - エラー: https://www.youtube.com/watch?v=ym7jEhi3xgk - [0;31mERROR:[0m [youtube] ym7jEhi3xgk: The following content is not available on this app.. Watch on the latest version of YouTube.
2026-03-13 04:11:02,195 - ERROR - エラー: https://www.youtube.com/watch?v=K0B1Qn0c1ok - [0;31mERROR:[0m [youtube] K0B1Qn0c1ok: The following content is not available on this app.. Watch on the latest version of YouTube.
2026-03-13 04:11:02,216 - ERROR - エラー: https://www.youtube.com/watch?v=Shh-RCBjZ1o - [0;31mERROR:[0m [youtube] Shh-RCBjZ1o: The following content is not available on this app.. Watch on the latest version of YouTube.
2026-03-13 04:11:03,531 - ERROR - エラー: https://www.youtube.com/watch?v=0LJ-WyLCGS0 - [0;31mERROR:[0m [youtube] 0LJ-WyLCGS0: The following content is not available on this app.. Watch on the latest version of YouTube.
2026-03-13 04:11:04,800 - ERROR - エラー: https://www.youtube.com/watch?v=P23S885eTA8 - [0;31mERROR:[0m [youtube] P23S885eTA8: The following content is not available on this app.. Watch on the latest version of YouTube.
2026-03-13 04:11:04,911 - ERROR - エラー: https://www.youtube.com/watch?v=lpjMjOVKhHQ - [0;31mERROR:[0m [youtube] lpjMjOVKhHQ: The following content is not available on this app.. Watch on the latest version of YouTube.
2026-03-13 04:11:06,126 - ERROR - エラー: https://www.youtube.com/watch?v=GbWTuaeNppY - [0;31mERROR:[0m [youtube] GbWTuaeNppY: The following content is not available on this app.. Watch on the latest version of YouTube.
2026-03-13 04:11:06,614 - ERROR - エラー: https://www.youtube.com/watch?v=UvKPJs0rJRM - [0;31mERROR:[0m [youtube] UvKPJs0rJRM: The following content is not available on this app.. Watch on the latest version of YouTube.
2026-03-13 04:11:07,292 - ERROR - エラー: https://www.youtube.com/watch?v=JYyJcLJsmY8 - [0;31mERROR:[0m [youtube] JYyJcLJsmY8: The following content is not available on this app.. Watch on the latest version of YouTube.
2026-03-13 04:11:08,651 - ERROR - エラー: https://www.youtube.com/watch?v=Ywp1hnDHnoE - [0;31mERROR:[0m [youtube] Ywp1hnDHnoE: The following content is not available on this app.. Watch on the latest version of YouTube.
2026-03-13 04:11:08,746 - ERROR - エラー: https://www.youtube.com/watch?v=1NmxJXopr_s - [0;31mERROR:[0m [youtube] 1NmxJXopr_s: The following content is not available on this app.. Watch on the latest version of YouTube.
2026-03-13 04:11:10,527 - ERROR - エラー: https://www.youtube.com/watch?v=pmu26v6Cywo - [0;31mERROR:[0m [youtube] pmu26v6Cywo: The following content is not available on this app.. Watch on the latest version of YouTube.
2026-03-13 04:11:10,633 - ERROR - エラー: https://www.youtube.com/watch?v=5Ee28hpySxM - [0;31mERROR:[0m [youtube] 5Ee28hpySxM: The following content is not available on this app.. Watch on the latest version of YouTube.
2026-03-13 04:11:11,306 - ERROR - エラー: https://www.youtube.com/watch?v=6Q1ccXLlfi4 - [0;31mERROR:[0m [youtube] 6Q1ccXLlfi4: The following content is not available on this app.. Watch on the latest version of YouTube.
2026-03-13 04:11:12,538 - ERROR - エラー: https://www.youtube.com/watch?v=IluuYQ9Mctk - [0;31mERROR:[0m [youtube] IluuYQ9Mctk: The following content is not available on this app.. Watch on the latest version of YouTube.
2026-03-13 04:11:12,542 - ERROR - エラー: https://www.youtube.com/watch?v=5TVJJKQpNv0 - [0;31mERROR:[0m [youtube] 5TVJJKQpNv0: The following content is not available on this app.. Watch on the latest version of YouTube.
2026-03-13 04:11:14,300 - ERROR - エラー: https://www.youtube.com/watch?v=e_PQVeCszq4 - [0;31mERROR:[0m [youtube] e_PQVeCszq4: The following content is not available on this app.. Watch on the latest version of YouTube.
2026-03-13 04:11:14,396 - ERROR - エラー: https://www.youtube.com/watch?v=WZbtNeyp2j8 - [0;31mERROR:[0m [youtube] WZbtNeyp2j8: The following content is not available on this app.. Watch on the latest version of YouTube.
2026-03-13 04:11:15,308 - ERROR - エラー: https://www.youtube.com/watch?v=UJyFaa0H5YY - [0;31mERROR:[0m [youtube] UJyFaa0H5YY: The following content is not available on this app.. Watch on the latest version of YouTube.
2026-03-13 04:11:16,271 - ERROR - エラー: https://www.youtube.com/watch?v=D28N1mAn4ck - [0;31mERROR:[0m [youtube] D28N1mAn4ck: The following content is not available on this app.. Watch on the latest version of YouTube.
2026-03-13 04:11:16,384 - ERROR - エラー: https://www.youtube.com/watch?v=7SI1VG0cDOY - [0;31mERROR:[0m [youtube] 7SI1VG0cDOY: The following content is not available on this app.. Watch on the latest version of YouTube.
2026-03-13 04:11:18,277 - ERROR - エラー: https://www.youtube.com/watch?v=bYoSVYq0ijo - [0;31mERROR:[0m [youtube] bYoSVYq0ijo: The following content is not available on this app.. Watch on the latest version of YouTube.
2026-03-13 04:11:18,485 - ERROR - エラー: https://www.youtube.com/watch?v=QBlNYxQPSKo - [0;31mERROR:[0m [youtube] QBlNYxQPSKo: The following content is not available on this app.. Watch on the latest version of YouTube.
2026-03-13 04:11:19,225 - ERROR - エラー: https://www.youtube.com/watch?v=52nYrf2QeQ4 - [0;31mERROR:[0m [youtube] 52nYrf2QeQ4: The following content is not available on this app.. Watch on the latest version of YouTube.
2026-03-13 04:11:20,286 - ERROR - エラー: https://www.youtube.com/watch?v=V4jgN0Onx8M - [0;31mERROR:[0m [youtube] V4jgN0Onx8M: The following content is not available on this app.. Watch on the latest version of YouTube.
2026-03-13 04:11:20,345 - ERROR - エラー: https://www.youtube.com/watch?v=htNsBsW1fmc - [0;31mERROR:[0m [youtube] htNsBsW1fmc: The following content is not available on this app.. Watch on the latest version of YouTube.
2026-03-13 04:11:22,452 - ERROR - エラー: https://www.youtube.com/watch?v=ZKEsF-P1GzU - [0;31mERROR:[0m [youtube] ZKEsF-P1GzU: The following content is not available on this app.. Watch on the latest version of YouTube.
2026-03-13 04:11:22,468 - ERROR - エラー: https://www.youtube.com/watch?v=DDBNudSe57I - [0;31mERROR:[0m [youtube] DDBNudSe57I: The following content is not available on this app.. Watch on the latest version of YouTube.
2026-03-13 04:11:23,259 - ERROR - エラー: https://www.youtube.com/watch?v=33RlyWY10v4 - [0;31mERROR:[0m [youtube] 33RlyWY10v4: The following content is not available on this app.. Watch on the latest version of YouTube.
2026-03-13 04:11:24,362 - ERROR - エラー: https://www.youtube.com/watch?v=ZRt8Wfcwbzc - [0;31mERROR:[0m [youtube] ZRt8Wfcwbzc: The following content is not available on this app.. Watch on the latest version of YouTube.
2026-03-13 04:11:24,426 - ERROR - エラー: https://www.youtube.com/watch?v=Tm_769RCcks - [0;31mERROR:[0m [youtube] Tm_769RCcks: The following content is not available on this app.. Watch on the latest version of YouTube.
2026-03-13 04:11:26,578 - ERROR - エラー: https://www.youtube.com/watch?v=Q9ZtXVzZ7hE - [0;31mERROR:[0m [youtube] Q9ZtXVzZ7hE: The following content is not available on this app.. Watch on the latest version of YouTube.
2026-03-13 04:11:26,735 - ERROR - エラー: https://www.youtube.com/watch?v=qyq9y5FqjMk - [0;31mERROR:[0m [youtube] qyq9y5FqjMk: The following content is not available on this app.. Watch on the latest version of YouTube.
2026-03-13 04:11:27,469 - ERROR - エラー: https://www.youtube.com/watch?v=uX76k34-S4Y - [0;31mERROR:[0m [youtube] uX76k34-S4Y: The following content is not available on this app.. Watch on the latest version of YouTube.
2026-03-13 04:11:28,172 - ERROR - エラー: https://www.youtube.com/watch?v=fVOl5VET2yI - [0;31mERROR:[0m [youtube] fVOl5VET2yI: The following content is not available on this app.. Watch on the latest version of YouTube.
2026-03-13 04:11:28,911 - ERROR - エラー: https://www.youtube.com/watch?v=IG7wV8gH52c - [0;31mERROR:[0m [youtube] IG7wV8gH52c: The following content is not available on this app.. Watch on the latest version of YouTube.
2026-03-13 04:11:30,313 - ERROR - エラー: https://www.youtube.com/watch?v=kydNeAAbzAk - [0;31mERROR:[0m [youtube] kydNeAAbzAk: The following content is not available on this app.. Watch on the latest version of YouTube.
2026-03-13 04:11:30,893 - ERROR - エラー: https://www.youtube.com/watch?v=dtTB3eaI2YU - [0;31mERROR:[0m [youtube] dtTB3eaI2YU: The following content is not available on this app.. Watch on the latest version of YouTube.
2026-03-13 04:11:31,887 - ERROR - エラー: https://www.youtube.com/watch?v=QI3JaOFqrDU - [0;31mERROR:[0m [youtube] QI3JaOFqrDU: The following content is not available on this app.. Watch on the latest version of YouTube.
2026-03-13 04:11:32,543 - ERROR - エラー: https://www.youtube.com/watch?v=z7ZzvWvlgls - [0;31mERROR:[0m [youtube] z7ZzvWvlgls: The following content is not available on this app.. Watch on the latest version of YouTube.
2026-03-13 04:11:32,814 - ERROR - エラー: https://www.youtube.com/watch?v=IaT2K9Qs_2I - [0;31mERROR:[0m [youtube] IaT2K9Qs_2I: The following content is not available on this app.. Watch on the latest version of YouTube.
2026-03-13 04:11:34,217 - ERROR - エラー: https://www.youtube.com/watch?v=Zl5FkaEX6Co - [0;31mERROR:[0m [youtube] Zl5FkaEX6Co: The following content is not available on this app.. Watch on the latest version of YouTube.
2026-03-13 04:11:34,707 - ERROR - エラー: https://www.youtube.com/watch?v=3fRc8FISmlg - [0;31mERROR:[0m [youtube] 3fRc8FISmlg: The following content is not available on this app.. Watch on the latest version of YouTube.
2026-03-13 04:11:35,866 - ERROR - エラー: https://www.youtube.com/watch?v=8ZqxLrLD3YI - [0;31mERROR:[0m [youtube] 8ZqxLrLD3YI: The following content is not available on this app.. Watch on the latest version of YouTube.
2026-03-13 04:11:36,167 - ERROR - エラー: https://www.youtube.com/watch?v=EKcFiguw9X8 - [0;31mERROR:[0m [youtube] EKcFiguw9X8: The following content is not available on this app.. Watch on the latest version of YouTube.
2026-03-13 04:11:37,030 - ERROR - エラー: https://www.youtube.com/watch?v=Qog758ej6Uw - [0;31mERROR:[0m [youtube] Qog758ej6Uw: The following content is not available on this app.. Watch on the latest version of YouTube.
2026-03-13 04:11:38,241 - ERROR - エラー: https://www.youtube.com/watch?v=5_B1tl26mfQ - [0;31mERROR:[0m [youtube] 5_B1tl26mfQ: The following content is not available on this app.. Watch on the latest version of YouTube.
2026-03-13 04:11:38,464 - ERROR - エラー: https://www.youtube.com/watch?v=vThEzXiSHxc - [0;31mERROR:[0m [youtube] vThEzXiSHxc: The following content is not available on this app.. Watch on the latest version of YouTube.
2026-03-13 04:11:39,548 - ERROR - エラー: https://www.youtube.com/watch?v=D2B3i2nwwmw - [0;31mERROR:[0m [youtube] D2B3i2nwwmw: The following content is not available on this app.. Watch on the latest version of YouTube.
2026-03-13 04:11:39,839 - ERROR - エラー: https://www.youtube.com/watch?v=RBWMFJwoutY - [0;31mERROR:[0m [youtube] RBWMFJwoutY: The following content is not available on this app.. Watch on the latest version of YouTube.
2026-03-13 04:11:40,139 - ERROR - エラー: https://www.youtube.com/watch?v=MYysfpcRWsY - [0;31mERROR:[0m [youtube] MYysfpcRWsY: The following content is not available on this app.. Watch on the latest version of YouTube.
2026-03-13 04:13:27,324 - ERROR - エラー: https://www.youtube.com/watch?v=f6hu4qK41C8 - [0;31mERROR:[0m [youtube] f6hu4qK41C8: The following content is not available on this app.. Watch on the latest version of YouTube.
2026-03-13 04:13:27,399 - ERROR - エラー: https://www.youtube.com/watch?v=pWBX2wCZJWQ - [0;31mERROR:[0m [youtube] pWBX2wCZJWQ: The following content is not available on this app.. Watch on the latest version of YouTube.
2026-03-13 04:13:27,475 - ERROR - エラー: https://www.youtube.com/watch?v=BFRbhLyqHrg - [0;31mERROR:[0m [youtube] BFRbhLyqHrg: The following content is not available on this app.. Watch on the latest version of YouTube.
2026-03-13 04:13:27,483 - ERROR - エラー: https://www.youtube.com/watch?v=8Dl8muZo05U - [0;31mERROR:[0m [youtube] 8Dl8muZo05U: The following content is not available on this app.. Watch on the latest version of YouTube.
2026-03-13 04:13:27,521 - ERROR - エラー: https://www.youtube.com/watch?v=D-pYyhOWkLA - [0;31mERROR:[0m [youtube] D-pYyhOWkLA: The following content is not available on this app.. Watch on the latest version of YouTube.
2026-03-13 04:13:31,617 - ERROR - エラー: https://www.youtube.com/watch?v=voFgRoAMXbs - [0;31mERROR:[0m [youtube] voFgRoAMXbs: The following content is not available on this app.. Watch on the latest version of YouTube.
2026-03-13 04:13:32,379 - ERROR - エラー: https://www.youtube.com/watch?v=jzwWCyhYY-U - [0;31mERROR:[0m [youtube] jzwWCyhYY-U: The following content is not available on this app.. Watch on the latest version of YouTube.
2026-03-13 04:13:32,402 - ERROR - エラー: https://www.youtube.com/watch?v=SeLrBHlx9Pk - [0;31mERROR:[0m [youtube] SeLrBHlx9Pk: The following content is not available on this app.. Watch on the latest version of YouTube.
2026-03-13 04:13:32,577 - ERROR - エラー: https://www.youtube.com/watch?v=lJb-YwMBPmM - [0;31mERROR:[0m [youtube] lJb-YwMBPmM: The following content is not available on this app.. Watch on the latest version of YouTube.
2026-03-13 04:13:32,722 - ERROR - エラー: https://www.youtube.com/watch?v=I4dxfULR79A - [0;31mERROR:[0m [youtube] I4dxfULR79A: The following content is not available on this app.. Watch on the latest version of YouTube.
2026-03-13 04:13:35,335 - ERROR - エラー: https://www.youtube.com/watch?v=3zvsh2ZLw9s - [0;31mERROR:[0m [youtube] 3zvsh2ZLw9s: The following content is not available on this app.. Watch on the latest version of YouTube.
2026-03-13 04:13:36,247 - ERROR - エラー: https://www.youtube.com/watch?v=JFCfufcQ1Jk - [0;31mERROR:[0m [youtube] JFCfufcQ1Jk: The following content is not available on this app.. Watch on the latest version of YouTube.
2026-03-13 04:13:37,055 - ERROR - エラー: https://www.youtube.com/watch?v=3uADmbSDXuc - [0;31mERROR:[0m [youtube] 3uADmbSDXuc: The following content is not available on this app.. Watch on the latest version of YouTube.
2026-03-13 04:13:37,065 - ERROR - エラー: https://www.youtube.com/watch?v=CjhfDJ7H_ok - [0;31mERROR:[0m [youtube] CjhfDJ7H_ok: The following content is not available on this app.. Watch on the latest version of YouTube.
2026-03-13 04:13:37,116 - ERROR - エラー: https://www.youtube.com/watch?v=znq613Tu8B0 - [0;31mERROR:[0m [youtube] znq613Tu8B0: The following content is not available on this app.. Watch on the latest version of YouTube.
2026-03-13 04:13:38,872 - ERROR - エラー: https://www.youtube.com/watch?v=l-eW5jjcLQ4 - [0;31mERROR:[0m [youtube] l-eW5jjcLQ4: The following content is not available on this app.. Watch on the latest version of YouTube.
2026-03-13 04:13:39,858 - ERROR - エラー: https://www.youtube.com/watch?v=Ko5cHKOLGSE - [0;31mERROR:[0m [youtube] Ko5cHKOLGSE: The following content is not available on this app.. Watch on the latest version of YouTube.
2026-03-13 04:13:41,114 - ERROR - エラー: https://www.youtube.com/watch?v=nqgeEJeal7s - [0;31mERROR:[0m [youtube] nqgeEJeal7s: The following content is not available on this app.. Watch on the latest version of YouTube.
2026-03-13 04:13:41,600 - ERROR - エラー: https://www.youtube.com/watch?v=wc2m9FniO0I - [0;31mERROR:[0m [youtube] wc2m9FniO0I: The following content is not available on this app.. Watch on the latest version of YouTube.
2026-03-13 04:13:41,608 - ERROR - エラー: https://www.youtube.com/watch?v=v87pPEgv2OY - [0;31mERROR:[0m [youtube] v87pPEgv2OY: The following content is not available on this app.. Watch on the latest version of YouTube.
2026-03-13 04:13:42,601 - ERROR - エラー: https://www.youtube.com/watch?v=ZgEfM05yKBs - [0;31mERROR:[0m [youtube] ZgEfM05yKBs: The following content is not available on this app.. Watch on the latest version of YouTube.
2026-03-13 04:13:43,578 - ERROR - エラー: https://www.youtube.com/watch?v=3PtZzfhfhZs - [0;31mERROR:[0m [youtube] 3PtZzfhfhZs: The following content is not available on this app.. Watch on the latest version of YouTube.
2026-03-13 04:13:44,510 - ERROR - エラー: https://www.youtube.com/watch?v=2bhLefU8BNg - [0;31mERROR:[0m [youtube] 2bhLefU8BNg: The following content is not available on this app.. Watch on the latest version of YouTube.
2026-03-13 04:13:45,520 - ERROR - エラー: https://www.youtube.com/watch?v=-3DnJdBrZEA - [0;31mERROR:[0m [youtube] -3DnJdBrZEA: The following content is not available on this app.. Watch on the latest version of YouTube.
2026-03-13 04:13:45,578 - ERROR - エラー: https://www.youtube.com/watch?v=V0wDv6YOVmg - [0;31mERROR:[0m [youtube] V0wDv6YOVmg: The following content is not available on this app.. Watch on the latest version of YouTube.
2026-03-13 04:13:47,261 - ERROR - エラー: https://www.youtube.com/watch?v=Dci6m8vCuSU - [0;31mERROR:[0m [youtube] Dci6m8vCuSU: The following content is not available on this app.. Watch on the latest version of YouTube.
2026-03-13 04:13:48,469 - ERROR - エラー: https://www.youtube.com/watch?v=BoEkedfVFSo - [0;31mERROR:[0m [youtube] BoEkedfVFSo: The following content is not available on this app.. Watch on the latest version of YouTube.
2026-03-13 04:13:49,528 - ERROR - エラー: https://www.youtube.com/watch?v=aRCGvRcwaFc - [0;31mERROR:[0m [youtube] aRCGvRcwaFc: The following content is not available on this app.. Watch on the latest version of YouTube.
2026-03-13 04:13:49,557 - ERROR - エラー: https://www.youtube.com/watch?v=cVqW3Pf4wus - [0;31mERROR:[0m [youtube] cVqW3Pf4wus: The following content is not available on this app.. Watch on the latest version of YouTube.
2026-03-13 04:13:50,859 - ERROR - エラー: https://www.youtube.com/watch?v=gr9FeEBSn50 - [0;31mERROR:[0m [youtube] gr9FeEBSn50: The following content is not available on this app.. Watch on the latest version of YouTube.
2026-03-13 04:13:51,979 - ERROR - エラー: https://www.youtube.com/watch?v=2h8boq7p5o8 - [0;31mERROR:[0m [youtube] 2h8boq7p5o8: The following content is not available on this app.. Watch on the latest version of YouTube.
2026-03-13 04:13:54,720 - ERROR - エラー: https://www.youtube.com/watch?v=iSnZ6E22Zgo - [0;31mERROR:[0m [youtube] iSnZ6E22Zgo: The following content is not available on this app.. Watch on the latest version of YouTube.
2026-03-13 04:13:55,061 - ERROR - エラー: https://www.youtube.com/watch?v=1w9AL3iunrg - [0;31mERROR:[0m [youtube] 1w9AL3iunrg: The following content is not available on this app.. Watch on the latest version of YouTube.
2026-03-13 04:13:56,080 - ERROR - エラー: https://www.youtube.com/watch?v=xAcK1iV-nSs - [0;31mERROR:[0m [youtube] xAcK1iV-nSs: The following content is not available on this app.. Watch on the latest version of YouTube.
2026-03-13 04:13:57,106 - ERROR - エラー: https://www.youtube.com/watch?v=XZxG9qKBWjQ - [0;31mERROR:[0m [youtube] XZxG9qKBWjQ: The following content is not available on this app.. Watch on the latest version of YouTube.
2026-03-13 04:13:58,301 - ERROR - エラー: https://www.youtube.com/watch?v=g8mukmMdP6I - [0;31mERROR:[0m [youtube] g8mukmMdP6I: The following content is not available on this app.. Watch on the latest version of YouTube.
2026-03-13 04:13:58,871 - ERROR - エラー: https://www.youtube.com/watch?v=6-mYgYqbxvA - [0;31mERROR:[0m [youtube] 6-mYgYqbxvA: The following content is not available on this app.. Watch on the latest version of YouTube.
2026-03-13 04:13:59,802 - ERROR - エラー: https://www.youtube.com/watch?v=c5O2XDbwLs4 - [0;31mERROR:[0m [youtube] c5O2XDbwLs4: The following content is not available on this app.. Watch on the latest version of YouTube.
2026-03-13 04:14:00,943 - ERROR - エラー: https://www.youtube.com/watch?v=v9H2nBPn0aQ - [0;31mERROR:[0m [youtube] v9H2nBPn0aQ: The following content is not available on this app.. Watch on the latest version of YouTube.
2026-03-13 04:14:01,914 - ERROR - エラー: https://www.youtube.com/watch?v=eYm5yhUxvII - [0;31mERROR:[0m [youtube] eYm5yhUxvII: The following content is not available on this app.. Watch on the latest version of YouTube.
2026-03-13 04:14:02,739 - ERROR - エラー: https://www.youtube.com/watch?v=kG_FzWNNBYg - [0;31mERROR:[0m [youtube] kG_FzWNNBYg: The following content is not available on this app.. Watch on the latest version of YouTube.
2026-03-13 04:14:03,613 - ERROR - エラー: https://www.youtube.com/watch?v=Qn6vf0KQWYA - [0;31mERROR:[0m [youtube] Qn6vf0KQWYA: The following content is not available on this app.. Watch on the latest version of YouTube.
2026-03-13 04:14:04,505 - ERROR - エラー: https://www.youtube.com/watch?v=GQIkJuxpwMo - [0;31mERROR:[0m [youtube] GQIkJuxpwMo: The following content is not available on this app.. Watch on the latest version of YouTube.
2026-03-13 04:14:05,358 - ERROR - エラー: https://www.youtube.com/watch?v=4Yl-DuN-Ba0 - [0;31mERROR:[0m [youtube] 4Yl-DuN-Ba0: The following content is not available on this app.. Watch on the latest version of YouTube.
2026-03-13 04:14:06,323 - ERROR - エラー: https://www.youtube.com/watch?v=9c5wEQzcN1A - [0;31mERROR:[0m [youtube] 9c5wEQzcN1A: The following content is not available on this app.. Watch on the latest version of YouTube.
2026-03-13 04:14:07,330 - ERROR - エラー: https://www.youtube.com/watch?v=yQGb2yqobh8 - [0;31mERROR:[0m [youtube] yQGb2yqobh8: The following content is not available on this app.. Watch on the latest version of YouTube.
2026-03-13 04:14:08,128 - ERROR - エラー: https://www.youtube.com/watch?v=Jvo1W45_P9c - [0;31mERROR:[0m [youtube] Jvo1W45_P9c: The following content is not available on this app.. Watch on the latest version of YouTube.
2026-03-13 04:14:09,016 - ERROR - エラー: https://www.youtube.com/watch?v=jG8EkrdmuFg - [0;31mERROR:[0m [youtube] jG8EkrdmuFg: The following content is not available on this app.. Watch on the latest version of YouTube.
2026-03-13 04:14:10,000 - ERROR - エラー: https://www.youtube.com/watch?v=XXjATm0r6hQ - [0;31mERROR:[0m [youtube] XXjATm0r6hQ: The following content is not available on this app.. Watch on the latest version of YouTube.
2026-03-13 04:14:10,865 - ERROR - エラー: https://www.youtube.com/watch?v=rjumiNbNOos - [0;31mERROR:[0m [youtube] rjumiNbNOos: The following content is not available on this app.. Watch on the latest version of YouTube.
2026-03-13 04:14:11,752 - ERROR - エラー: https://www.youtube.com/watch?v=JxJpp0GFFqI - [0;31mERROR:[0m [youtube] JxJpp0GFFqI: The following content is not available on this app.. Watch on the latest version of YouTube.
2026-03-13 04:14:12,627 - ERROR - エラー: https://www.youtube.com/watch?v=BWxDmUY1kCQ - [0;31mERROR:[0m [youtube] BWxDmUY1kCQ: The following content is not available on this app.. Watch on the latest version of YouTube.
2026-03-13 04:14:13,777 - ERROR - エラー: https://www.youtube.com/watch?v=h3e8s5y9Jk4 - [0;31mERROR:[0m [youtube] h3e8s5y9Jk4: The following content is not available on this app.. Watch on the latest version of YouTube.
2026-03-13 04:14:14,492 - ERROR - エラー: https://www.youtube.com/watch?v=qKobCrAe4xg - [0;31mERROR:[0m [youtube] qKobCrAe4xg: The following content is not available on this app.. Watch on the latest version of YouTube.
2026-03-13 04:14:15,322 - ERROR - エラー: https://www.youtube.com/watch?v=UaXfYEP0334 - [0;31mERROR:[0m [youtube] UaXfYEP0334: The following content is not available on this app.. Watch on the latest version of YouTube.
2026-03-13 04:14:16,316 - ERROR - エラー: https://www.youtube.com/watch?v=Bg8XGP3QDsc - [0;31mERROR:[0m [youtube] Bg8XGP3QDsc: The following content is not available on this app.. Watch on the latest version of YouTube.
2026-03-13 04:14:17,244 - ERROR - エラー: https://www.youtube.com/watch?v=h8A_KDn8S6I - [0;31mERROR:[0m [youtube] h8A_KDn8S6I: The following content is not available on this app.. Watch on the latest version of YouTube.
2026-03-13 04:14:18,132 - ERROR - エラー: https://www.youtube.com/watch?v=uzXTEKhsbUA - [0;31mERROR:[0m [youtube] uzXTEKhsbUA: The following content is not available on this app.. Watch on the latest version of YouTube.
2026-03-13 04:14:18,925 - ERROR - エラー: https://www.youtube.com/watch?v=hdG5rPEAwIc - [0;31mERROR:[0m [youtube] hdG5rPEAwIc: The following content is not available on this app.. Watch on the latest version of YouTube.
2026-03-13 04:14:19,973 - ERROR - エラー: https://www.youtube.com/watch?v=YAqIyMCFKo4 - [0;31mERROR:[0m [youtube] YAqIyMCFKo4: The following content is not available on this app.. Watch on the latest version of YouTube.
2026-03-13 04:14:20,779 - ERROR - エラー: https://www.youtube.com/watch?v=ONUSyixVYyQ - [0;31mERROR:[0m [youtube] ONUSyixVYyQ: The following content is not available on this app.. Watch on the latest version of YouTube.
2026-03-13 04:14:21,676 - ERROR - エラー: https://www.youtube.com/watch?v=pJphmzbDpj8 - [0;31mERROR:[0m [youtube] pJphmzbDpj8: The following content is not available on this app.. Watch on the latest version of YouTube.
2026-03-13 04:14:22,569 - ERROR - エラー: https://www.youtube.com/watch?v=YFB-VfP9Q1g - [0;31mERROR:[0m [youtube] YFB-VfP9Q1g: The following content is not available on this app.. Watch on the latest version of YouTube.
2026-03-13 04:14:23,474 - ERROR - エラー: https://www.youtube.com/watch?v=RT4q6eoCZJ0 - [0;31mERROR:[0m [youtube] RT4q6eoCZJ0: The following content is not available on this app.. Watch on the latest version of YouTube.
2026-03-13 04:14:24,386 - ERROR - エラー: https://www.youtube.com/watch?v=qwDcwk104m0 - [0;31mERROR:[0m [youtube] qwDcwk104m0: The following content is not available on this app.. Watch on the latest version of YouTube.
2026-03-13 04:14:25,411 - ERROR - エラー: https://www.youtube.com/watch?v=3awP1-iDiyY - [0;31mERROR:[0m [youtube] 3awP1-iDiyY: The following content is not available on this app.. Watch on the latest version of YouTube.
2026-03-13 04:14:26,230 - ERROR - エラー: https://www.youtube.com/watch?v=FGaZChMUyn8 - [0;31mERROR:[0m [youtube] FGaZChMUyn8: The following content is not available on this app.. Watch on the latest version of YouTube.
2026-03-13 04:14:27,182 - ERROR - エラー: https://www.youtube.com/watch?v=kpVAUjVVpAY - [0;31mERROR:[0m [youtube] kpVAUjVVpAY: The following content is not available on this app.. Watch on the latest version of YouTube.
2026-03-13 04:14:28,038 - ERROR - エラー: https://www.youtube.com/watch?v=cTK9UTBZuVg - [0;31mERROR:[0m [youtube] cTK9UTBZuVg: The following content is not available on this app.. Watch on the latest version of YouTube.
2026-03-13 04:14:28,851 - ERROR - エラー: https://www.youtube.com/watch?v=79MJGgNbfr4 - [0;31mERROR:[0m [youtube] 79MJGgNbfr4: The following content is not available on this app.. Watch on the latest version of YouTube.
2026-03-13 04:14:29,862 - ERROR - エラー: https://www.youtube.com/watch?v=2EheSsY1QrY - [0;31mERROR:[0m [youtube] 2EheSsY1QrY: The following content is not available on this app.. Watch on the latest version of YouTube.
2026-03-13 04:14:30,740 - ERROR - エラー: https://www.youtube.com/watch?v=TygQ6ioMDWo - [0;31mERROR:[0m [youtube] TygQ6ioMDWo: The following content is not available on this app.. Watch on the latest version of YouTube.
2026-03-13 04:14:31,582 - ERROR - エラー: https://www.youtube.com/watch?v=Eh4dHY_SkBA - [0;31mERROR:[0m [youtube] Eh4dHY_SkBA: The following content is not available on this app.. Watch on the latest version of YouTube.
2026-03-13 04:14:32,531 - ERROR - エラー: https://www.youtube.com/watch?v=1q_4zMjSE10 - [0;31mERROR:[0m [youtube] 1q_4zMjSE10: The following content is not available on this app.. Watch on the latest version of YouTube.
2026-03-13 04:14:33,318 - ERROR - エラー: https://www.youtube.com/watch?v=yTa5TCqOTZ4 - [0;31mERROR:[0m [youtube] yTa5TCqOTZ4: The following content is not available on this app.. Watch on the latest version of YouTube.
2026-03-13 04:14:34,157 - ERROR - エラー: https://www.youtube.com/watch?v=xcK9afaJ2Ig - [0;31mERROR:[0m [youtube] xcK9afaJ2Ig: The following content is not available on this app.. Watch on the latest version of YouTube.
2026-03-13 04:14:35,199 - ERROR - エラー: https://www.youtube.com/watch?v=dJRRcRdsbMA - [0;31mERROR:[0m [youtube] dJRRcRdsbMA: The following content is not available on this app.. Watch on the latest version of YouTube.
2026-03-13 04:14:36,268 - ERROR - エラー: https://www.youtube.com/watch?v=bfabZT6FDWU - [0;31mERROR:[0m [youtube] bfabZT6FDWU: The following content is not available on this app.. Watch on the latest version of YouTube.
2026-03-13 04:14:37,036 - ERROR - エラー: https://www.youtube.com/watch?v=TQH7Ar6d45Q - [0;31mERROR:[0m [youtube] TQH7Ar6d45Q: The following content is not available on this app.. Watch on the latest version of YouTube.
2026-03-13 04:14:37,911 - ERROR - エラー: https://www.youtube.com/watch?v=NdULBSX0_dc - [0;31mERROR:[0m [youtube] NdULBSX0_dc: The following content is not available on this app.. Watch on the latest version of YouTube.
2026-03-13 04:14:38,751 - ERROR - エラー: https://www.youtube.com/watch?v=0bet4dizAxc - [0;31mERROR:[0m [youtube] 0bet4dizAxc: The following content is not available on this app.. Watch on the latest version of YouTube.
2026-03-13 04:14:39,682 - ERROR - エラー: https://www.youtube.com/watch?v=c6YkyyRFVkg - [0;31mERROR:[0m [youtube] c6YkyyRFVkg: The following content is not available on this app.. Watch on the latest version of YouTube.
2026-03-13 04:14:40,569 - ERROR - エラー: https://www.youtube.com/watch?v=Hw6_NyNDsKg - [0;31mERROR:[0m [youtube] Hw6_NyNDsKg: The following content is not available on this app.. Watch on the latest version of YouTube.
2026-03-13 04:14:41,483 - ERROR - エラー: https://www.youtube.com/watch?v=cZEBWmkixno - [0;31mERROR:[0m [youtube] cZEBWmkixno: The following content is not available on this app.. Watch on the latest version of YouTube.
2026-03-13 04:14:42,293 - ERROR - エラー: https://www.youtube.com/watch?v=mOwP6ag72qk - [0;31mERROR:[0m [youtube] mOwP6ag72qk: The following content is not available on this app.. Watch on the latest version of YouTube.
2026-03-13 04:14:43,067 - ERROR - エラー: https://www.youtube.com/watch?v=ymzwgE4_DJg - [0;31mERROR:[0m [youtube] ymzwgE4_DJg: The following content is not available on this app.. Watch on the latest version of YouTube.
2026-03-13 04:14:44,201 - ERROR - エラー: https://www.youtube.com/watch?v=EHXNoJ2JwnA - [0;31mERROR:[0m [youtube] EHXNoJ2JwnA: The following content is not available on this app.. Watch on the latest version of YouTube.
2026-03-13 04:14:45,152 - ERROR - エラー: https://www.youtube.com/watch?v=FEICouyXLoE - [0;31mERROR:[0m [youtube] FEICouyXLoE: The following content is not available on this app.. Watch on the latest version of YouTube.
2026-03-13 04:14:46,236 - ERROR - エラー: https://www.youtube.com/watch?v=4zgreVqXTj0 - [0;31mERROR:[0m [youtube] 4zgreVqXTj0: The following content is not available on this app.. Watch on the latest version of YouTube.
2026-03-13 04:14:46,944 - ERROR - エラー: https://www.youtube.com/watch?v=1y9ZwpsOqkg - [0;31mERROR:[0m [youtube] 1y9ZwpsOqkg: The following content is not available on this app.. Watch on the latest version of YouTube.
2026-03-13 04:14:47,815 - ERROR - エラー: https://www.youtube.com/watch?v=aPbi0xPenrI - [0;31mERROR:[0m [youtube] aPbi0xPenrI: The following content is not available on this app.. Watch on the latest version of YouTube.
2026-03-13 04:14:48,788 - ERROR - エラー: https://www.youtube.com/watch?v=o8o7bfQiRaI - [0;31mERROR:[0m [youtube] o8o7bfQiRaI: The following content is not available on this app.. Watch on the latest version of YouTube.
2026-03-13 04:14:49,854 - ERROR - エラー: https://www.youtube.com/watch?v=DEfLd-jTriw - [0;31mERROR:[0m [youtube] DEfLd-jTriw: The following content is not available on this app.. Watch on the latest version of YouTube.
2026-03-13 04:14:50,455 - ERROR - エラー: https://www.youtube.com/watch?v=BcyxmklJ01U - [0;31mERROR:[0m [youtube] BcyxmklJ01U: The following content is not available on this app.. Watch on the latest version of YouTube.
2026-03-13 04:14:51,390 - ERROR - エラー: https://www.youtube.com/watch?v=UWIeP-hwPOQ - [0;31mERROR:[0m [youtube] UWIeP-hwPOQ: The following content is not available on this app.. Watch on the latest version of YouTube.
2026-03-13 04:14:52,298 - ERROR - エラー: https://www.youtube.com/watch?v=LBASYoeQDz8 - [0;31mERROR:[0m [youtube] LBASYoeQDz8: The following content is not available on this app.. Watch on the latest version of YouTube.
2026-03-13 04:14:53,299 - ERROR - エラー: https://www.youtube.com/watch?v=eZ_JtYla8Y0 - [0;31mERROR:[0m [youtube] eZ_JtYla8Y0: The following content is not available on this app.. Watch on the latest version of YouTube.
2026-03-13 04:14:54,130 - ERROR - エラー: https://www.youtube.com/watch?v=2UUT8-p0U6k - [0;31mERROR:[0m [youtube] 2UUT8-p0U6k: The following content is not available on this app.. Watch on the latest version of YouTube.
2026-03-13 04:14:55,412 - ERROR - エラー: https://www.youtube.com/watch?v=4sAI4-u8Yy4 - [0;31mERROR:[0m [youtube] 4sAI4-u8Yy4: The following content is not available on this app.. Watch on the latest version of YouTube.
2026-03-13 04:14:56,062 - ERROR - エラー: https://www.youtube.com/watch?v=jtIPZuSNa-8 - [0;31mERROR:[0m [youtube] jtIPZuSNa-8: The following content is not available on this app.. Watch on the latest version of YouTube.
2026-03-13 04:14:56,678 - ERROR - エラー: https://www.youtube.com/watch?v=98va7lDSGFQ - [0;31mERROR:[0m [youtube] 98va7lDSGFQ: The following content is not available on this app.. Watch on the latest version of YouTube.
2026-03-13 04:14:57,711 - ERROR - エラー: https://www.youtube.com/watch?v=tS1waI_Oxyk - [0;31mERROR:[0m [youtube] tS1waI_Oxyk: The following content is not available on this app.. Watch on the latest version of YouTube.
2026-03-13 04:14:58,588 - ERROR - エラー: https://www.youtube.com/watch?v=3x_mqtLzWOE - [0;31mERROR:[0m [youtube] 3x_mqtLzWOE: The following content is not available on this app.. Watch on the latest version of YouTube.
2026-03-13 04:14:59,273 - ERROR - エラー: https://www.youtube.com/watch?v=ZAnKvwDsL9g - [0;31mERROR:[0m [youtube] ZAnKvwDsL9g: The following content is not available on this app.. Watch on the latest version of YouTube.
2026-03-13 04:14:59,887 - ERROR - エラー: https://www.youtube.com/watch?v=N_jpLgYYPls - [0;31mERROR:[0m [youtube] N_jpLgYYPls: The following content is not available on this app.. Watch on the latest version of YouTube.
2026-03-13 04:17:04,041 - ERROR - エラー: https://www.youtube.com/watch?v=EvYthgmLpTM - [0;31mERROR:[0m [youtube] EvYthgmLpTM: The following content is not available on this app.. Watch on the latest version of YouTube.
2026-03-13 04:17:04,185 - ERROR - エラー: https://www.youtube.com/watch?v=DihnD5lSJOQ - [0;31mERROR:[0m [youtube] DihnD5lSJOQ: The following content is not available on this app.. Watch on the latest version of YouTube.
2026-03-13 04:17:04,327 - ERROR - エラー: https://www.youtube.com/watch?v=6OvFB3GL-Nw - [0;31mERROR:[0m [youtube] 6OvFB3GL-Nw: The following content is not available on this app.. Watch on the latest version of YouTube.
2026-03-13 04:17:04,421 - ERROR - エラー: https://www.youtube.com/watch?v=9OlkQFCAO5E - [0;31mERROR:[0m [youtube] 9OlkQFCAO5E: The following content is not available on this app.. Watch on the latest version of YouTube.
2026-03-13 04:17:04,677 - ERROR - エラー: https://www.youtube.com/watch?v=olx30wrSqZc - [0;31mERROR:[0m [youtube] olx30wrSqZc: The following content is not available on this app.. Watch on the latest version of YouTube.
2026-03-13 04:17:07,660 - ERROR - エラー: https://www.youtube.com/watch?v=DaX8y2Xu-Zc - [0;31mERROR:[0m [youtube] DaX8y2Xu-Zc: The following content is not available on this app.. Watch on the latest version of YouTube.
2026-03-13 04:17:08,607 - ERROR - エラー: https://www.youtube.com/watch?v=3O4pNmc4ZBE - [0;31mERROR:[0m [youtube] 3O4pNmc4ZBE: The following content is not available on this app.. Watch on the latest version of YouTube.
2026-03-13 04:17:09,120 - ERROR - エラー: https://www.youtube.com/watch?v=mKQjY76tLeg - [0;31mERROR:[0m [youtube] mKQjY76tLeg: The following content is not available on this app.. Watch on the latest version of YouTube.
2026-03-13 04:17:09,159 - ERROR - エラー: https://www.youtube.com/watch?v=ZkY12lp-IJw - [0;31mERROR:[0m [youtube] ZkY12lp-IJw: The following content is not available on this app.. Watch on the latest version of YouTube.
2026-03-13 04:17:09,209 - ERROR - エラー: https://www.youtube.com/watch?v=FHA9qo7YslU - [0;31mERROR:[0m [youtube] FHA9qo7YslU: The following content is not available on this app.. Watch on the latest version of YouTube.
2026-03-13 04:17:11,095 - ERROR - エラー: https://www.youtube.com/watch?v=afb-XdWV414 - [0;31mERROR:[0m [youtube] afb-XdWV414: The following content is not available on this app.. Watch on the latest version of YouTube.
2026-03-13 04:17:12,132 - ERROR - エラー: https://www.youtube.com/watch?v=KKoDNvfMPYk - [0;31mERROR:[0m [youtube] KKoDNvfMPYk: The following content is not available on this app.. Watch on the latest version of YouTube.
2026-03-13 04:17:13,332 - ERROR - エラー: https://www.youtube.com/watch?v=1j6Px7RFyO0 - [0;31mERROR:[0m [youtube] 1j6Px7RFyO0: The following content is not available on this app.. Watch on the latest version of YouTube.
2026-03-13 04:17:13,356 - ERROR - エラー: https://www.youtube.com/watch?v=fJQw2fzI7ys - [0;31mERROR:[0m [youtube] fJQw2fzI7ys: The following content is not available on this app.. Watch on the latest version of YouTube.
2026-03-13 04:17:13,657 - ERROR - エラー: https://www.youtube.com/watch?v=7tC9Y0hyDBI - [0;31mERROR:[0m [youtube] 7tC9Y0hyDBI: The following content is not available on this app.. Watch on the latest version of YouTube.
2026-03-13 04:17:15,165 - ERROR - エラー: https://www.youtube.com/watch?v=YjyTRXEna7I - [0;31mERROR:[0m [youtube] YjyTRXEna7I: The following content is not available on this app.. Watch on the latest version of YouTube.
2026-03-13 04:17:15,323 - ERROR - エラー: https://www.youtube.com/watch?v=PmhqknMiVNQ - [0;31mERROR:[0m [youtube] PmhqknMiVNQ: The following content is not available on this app.. Watch on the latest version of YouTube.
2026-03-13 04:17:17,227 - ERROR - エラー: https://www.youtube.com/watch?v=onm0miSsF84 - [0;31mERROR:[0m [youtube] onm0miSsF84: The following content is not available on this app.. Watch on the latest version of YouTube.
2026-03-13 04:17:17,282 - ERROR - エラー: https://www.youtube.com/watch?v=66lHQUdQG7Q - [0;31mERROR:[0m [youtube] 66lHQUdQG7Q: The following content is not available on this app.. Watch on the latest version of YouTube.
2026-03-13 04:17:17,910 - ERROR - エラー: https://www.youtube.com/watch?v=kBI-E5IKO9k - [0;31mERROR:[0m [youtube] kBI-E5IKO9k: The following content is not available on this app.. Watch on the latest version of YouTube.
2026-03-13 04:17:19,017 - ERROR - エラー: https://www.youtube.com/watch?v=Zn5K0DERlS4 - [0;31mERROR:[0m [youtube] Zn5K0DERlS4: The following content is not available on this app.. Watch on the latest version of YouTube.
2026-03-13 04:17:19,186 - ERROR - エラー: https://www.youtube.com/watch?v=705rZK5NC6w - [0;31mERROR:[0m [youtube] 705rZK5NC6w: The following content is not available on this app.. Watch on the latest version of YouTube.
2026-03-13 04:17:21,182 - ERROR - エラー: https://www.youtube.com/watch?v=ecAB6voRt70 - [0;31mERROR:[0m [youtube] ecAB6voRt70: The following content is not available on this app.. Watch on the latest version of YouTube.
2026-03-13 04:17:21,941 - ERROR - エラー: https://www.youtube.com/watch?v=zYNVnF2SUOg - [0;31mERROR:[0m [youtube] zYNVnF2SUOg: The following content is not available on this app.. Watch on the latest version of YouTube.
2026-03-13 04:17:22,101 - ERROR - エラー: https://www.youtube.com/watch?v=DZj449E4RMs - [0;31mERROR:[0m [youtube] DZj449E4RMs: The following content is not available on this app.. Watch on the latest version of YouTube.
2026-03-13 04:17:23,372 - ERROR - エラー: https://www.youtube.com/watch?v=MTXx70ip6LU - [0;31mERROR:[0m [youtube] MTXx70ip6LU: The following content is not available on this app.. Watch on the latest version of YouTube.
2026-03-13 04:17:23,577 - ERROR - エラー: https://www.youtube.com/watch?v=ZhKb5bSrfu4 - [0;31mERROR:[0m [youtube] ZhKb5bSrfu4: The following content is not available on this app.. Watch on the latest version of YouTube.
2026-03-13 04:17:24,901 - ERROR - エラー: https://www.youtube.com/watch?v=2tGEEyxCKZM - [0;31mERROR:[0m [youtube] 2tGEEyxCKZM: The following content is not available on this app.. Watch on the latest version of YouTube.
2026-03-13 04:17:26,162 - ERROR - エラー: https://www.youtube.com/watch?v=0N2IiHwjZo4 - [0;31mERROR:[0m [youtube] 0N2IiHwjZo4: The following content is not available on this app.. Watch on the latest version of YouTube.
2026-03-13 04:17:26,212 - ERROR - エラー: https://www.youtube.com/watch?v=z_3o_2_p0Sg - [0;31mERROR:[0m [youtube] z_3o_2_p0Sg: The following content is not available on this app.. Watch on the latest version of YouTube.
2026-03-13 04:17:27,327 - ERROR - エラー: https://www.youtube.com/watch?v=MGrf464lvK0 - [0;31mERROR:[0m [youtube] MGrf464lvK0: The following content is not available on this app.. Watch on the latest version of YouTube.
2026-03-13 04:17:28,202 - ERROR - エラー: https://www.youtube.com/watch?v=jyVd9k_mc5U - [0;31mERROR:[0m [youtube] jyVd9k_mc5U: The following content is not available on this app.. Watch on the latest version of YouTube.
2026-03-13 04:17:28,452 - ERROR - エラー: https://www.youtube.com/watch?v=hj1Lnk9syqA - [0;31mERROR:[0m [youtube] hj1Lnk9syqA: The following content is not available on this app.. Watch on the latest version of YouTube.
2026-03-13 04:17:30,384 - ERROR - エラー: https://www.youtube.com/watch?v=kq8T-_AOiYE - [0;31mERROR:[0m [youtube] kq8T-_AOiYE: The following content is not available on this app.. Watch on the latest version of YouTube.
2026-03-13 04:17:30,432 - ERROR - エラー: https://www.youtube.com/watch?v=8CQs-hY3Ouo - [0;31mERROR:[0m [youtube] 8CQs-hY3Ouo: The following content is not available on this app.. Watch on the latest version of YouTube.
2026-03-13 04:17:31,503 - ERROR - エラー: https://www.youtube.com/watch?v=yFkG0SWizXY - [0;31mERROR:[0m [youtube] yFkG0SWizXY: The following content is not available on this app.. Watch on the latest version of YouTube.
2026-03-13 04:17:32,137 - ERROR - エラー: https://www.youtube.com/watch?v=ZSG0REf3MoY - [0;31mERROR:[0m [youtube] ZSG0REf3MoY: The following content is not available on this app.. Watch on the latest version of YouTube.
2026-03-13 04:17:32,752 - ERROR - エラー: https://www.youtube.com/watch?v=XeL7N7buEQg - [0;31mERROR:[0m [youtube] XeL7N7buEQg: The following content is not available on this app.. Watch on the latest version of YouTube.
2026-03-13 04:17:34,424 - ERROR - エラー: https://www.youtube.com/watch?v=yXm6RZKtmY4 - [0;31mERROR:[0m [youtube] yXm6RZKtmY4: The following content is not available on this app.. Watch on the latest version of YouTube.
2026-03-13 04:17:34,564 - ERROR - エラー: https://www.youtube.com/watch?v=vm6lYFwX5q4 - [0;31mERROR:[0m [youtube] vm6lYFwX5q4: The following content is not available on this app.. Watch on the latest version of YouTube.
2026-03-13 04:17:35,590 - ERROR - エラー: https://www.youtube.com/watch?v=Z3vLzbkMeLE - [0;31mERROR:[0m [youtube] Z3vLzbkMeLE: The following content is not available on this app.. Watch on the latest version of YouTube.
2026-03-13 04:17:36,289 - ERROR - エラー: https://www.youtube.com/watch?v=a-MK0_gd1Ho - [0;31mERROR:[0m [youtube] a-MK0_gd1Ho: The following content is not available on this app.. Watch on the latest version of YouTube.
2026-03-13 04:17:36,424 - ERROR - エラー: https://www.youtube.com/watch?v=P3Z58q19SOo - [0;31mERROR:[0m [youtube] P3Z58q19SOo: The following content is not available on this app.. Watch on the latest version of YouTube.
2026-03-13 04:17:38,226 - ERROR - エラー: https://www.youtube.com/watch?v=aWfWIvJQM7I - [0;31mERROR:[0m [youtube] aWfWIvJQM7I: The following content is not available on this app.. Watch on the latest version of YouTube.
2026-03-13 04:17:38,230 - ERROR - エラー: https://www.youtube.com/watch?v=YU-sC4FFxd0 - [0;31mERROR:[0m [youtube] YU-sC4FFxd0: The following content is not available on this app.. Watch on the latest version of YouTube.
2026-03-13 04:17:39,602 - ERROR - エラー: https://www.youtube.com/watch?v=E1utFrV2dMg - [0;31mERROR:[0m [youtube] E1utFrV2dMg: The following content is not available on this app.. Watch on the latest version of YouTube.
2026-03-13 04:17:40,757 - ERROR - エラー: https://www.youtube.com/watch?v=82uZ_mgDRes - [0;31mERROR:[0m [youtube] 82uZ_mgDRes: The following content is not available on this app.. Watch on the latest version of YouTube.
2026-03-13 04:17:40,766 - ERROR - エラー: https://www.youtube.com/watch?v=tmvX6zu2fZ4 - [0;31mERROR:[0m [youtube] tmvX6zu2fZ4: The following content is not available on this app.. Watch on the latest version of YouTube.
2026-03-13 04:17:42,037 - ERROR - エラー: https://www.youtube.com/watch?v=zpMMRxekfgk - [0;31mERROR:[0m [youtube] zpMMRxekfgk: The following content is not available on this app.. Watch on the latest version of YouTube.
2026-03-13 04:17:42,562 - ERROR - エラー: https://www.youtube.com/watch?v=Thkd4ekwRk4 - [0;31mERROR:[0m [youtube] Thkd4ekwRk4: The following content is not available on this app.. Watch on the latest version of YouTube.
2026-03-13 04:17:43,705 - ERROR - エラー: https://www.youtube.com/watch?v=rCl-_eE5XMA - [0;31mERROR:[0m [youtube] rCl-_eE5XMA: The following content is not available on this app.. Watch on the latest version of YouTube.
2026-03-13 04:17:44,746 - ERROR - エラー: https://www.youtube.com/watch?v=_TVZvtsJRp0 - [0;31mERROR:[0m [youtube] _TVZvtsJRp0: The following content is not available on this app.. Watch on the latest version of YouTube.
2026-03-13 04:17:44,975 - ERROR - エラー: https://www.youtube.com/watch?v=MR8V_ts7cV8 - [0;31mERROR:[0m [youtube] MR8V_ts7cV8: The following content is not available on this app.. Watch on the latest version of YouTube.
2026-03-13 04:17:45,682 - ERROR - エラー: https://www.youtube.com/watch?v=sCingql6kug - [0;31mERROR:[0m [youtube] sCingql6kug: The following content is not available on this app.. Watch on the latest version of YouTube.
2026-03-13 04:17:46,804 - ERROR - エラー: https://www.youtube.com/watch?v=ST3FNQY7Yxs - [0;31mERROR:[0m [youtube] ST3FNQY7Yxs: The following content is not available on this app.. Watch on the latest version of YouTube.
2026-03-13 04:17:47,817 - ERROR - エラー: https://www.youtube.com/watch?v=O_pCqPSD5m4 - [0;31mERROR:[0m [youtube] O_pCqPSD5m4: The following content is not available on this app.. Watch on the latest version of YouTube.
2026-03-13 04:17:48,772 - ERROR - エラー: https://www.youtube.com/watch?v=rFMYUgO0nDY - [0;31mERROR:[0m [youtube] rFMYUgO0nDY: The following content is not available on this app.. Watch on the latest version of YouTube.
2026-03-13 04:17:49,140 - ERROR - エラー: https://www.youtube.com/watch?v=RqEti_43IvE - [0;31mERROR:[0m [youtube] RqEti_43IvE: The following content is not available on this app.. Watch on the latest version of YouTube.
2026-03-13 04:17:49,941 - ERROR - エラー: https://www.youtube.com/watch?v=dqt98y6IcNQ - [0;31mERROR:[0m [youtube] dqt98y6IcNQ: The following content is not available on this app.. Watch on the latest version of YouTube.
2026-03-13 04:17:50,928 - ERROR - エラー: https://www.youtube.com/watch?v=9BRCZQs-mf4 - [0;31mERROR:[0m [youtube] 9BRCZQs-mf4: The following content is not available on this app.. Watch on the latest version of YouTube.
2026-03-13 04:17:51,961 - ERROR - エラー: https://www.youtube.com/watch?v=-3aWGqgO_zc - [0;31mERROR:[0m [youtube] -3aWGqgO_zc: The following content is not available on this app.. Watch on the latest version of YouTube.
2026-03-13 04:17:52,839 - ERROR - エラー: https://www.youtube.com/watch?v=cqHbFfnlEKk - [0;31mERROR:[0m [youtube] cqHbFfnlEKk: The following content is not available on this app.. Watch on the latest version of YouTube.
2026-03-13 04:17:53,102 - ERROR - エラー: https://www.youtube.com/watch?v=T4Vhaahugl0 - [0;31mERROR:[0m [youtube] T4Vhaahugl0: The following content is not available on this app.. Watch on the latest version of YouTube.
2026-03-13 04:17:54,131 - ERROR - エラー: https://www.youtube.com/watch?v=VCMoFQ_jLxc - [0;31mERROR:[0m [youtube] VCMoFQ_jLxc: The following content is not available on this app.. Watch on the latest version of YouTube.
2026-03-13 04:17:54,942 - ERROR - エラー: https://www.youtube.com/watch?v=Z7HmfEtvXgE - [0;31mERROR:[0m [youtube] Z7HmfEtvXgE: The following content is not available on this app.. Watch on the latest version of YouTube.
2026-03-13 04:17:56,050 - ERROR - エラー: https://www.youtube.com/watch?v=W6O3iz6ej0w - [0;31mERROR:[0m [youtube] W6O3iz6ej0w: The following content is not available on this app.. Watch on the latest version of YouTube.
2026-03-13 04:17:57,068 - ERROR - エラー: https://www.youtube.com/watch?v=K24rmT8f184 - [0;31mERROR:[0m [youtube] K24rmT8f184: The following content is not available on this app.. Watch on the latest version of YouTube.
2026-03-13 04:17:57,101 - ERROR - エラー: https://www.youtube.com/watch?v=bPUb20sW-dc - [0;31mERROR:[0m [youtube] bPUb20sW-dc: The following content is not available on this app.. Watch on the latest version of YouTube.
2026-03-13 04:17:58,221 - ERROR - エラー: https://www.youtube.com/watch?v=UxMmK6lBR0Y - [0;31mERROR:[0m [youtube] UxMmK6lBR0Y: The following content is not available on this app.. Watch on the latest version of YouTube.
2026-03-13 04:17:59,087 - ERROR - エラー: https://www.youtube.com/watch?v=Kae8L1NBtbE - [0;31mERROR:[0m [youtube] Kae8L1NBtbE: The following content is not available on this app.. Watch on the latest version of YouTube.
2026-03-13 04:18:00,230 - ERROR - エラー: https://www.youtube.com/watch?v=XIf7nUjz0yg - [0;31mERROR:[0m [youtube] XIf7nUjz0yg: The following content is not available on this app.. Watch on the latest version of YouTube.
2026-03-13 04:18:01,407 - ERROR - エラー: https://www.youtube.com/watch?v=YIX666vnlig - [0;31mERROR:[0m [youtube] YIX666vnlig: The following content is not available on this app.. Watch on the latest version of YouTube.
2026-03-13 04:18:01,647 - ERROR - エラー: https://www.youtube.com/watch?v=TvJoyIHarP4 - [0;31mERROR:[0m [youtube] TvJoyIHarP4: The following content is not available on this app.. Watch on the latest version of YouTube.
2026-03-13 04:18:02,410 - ERROR - エラー: https://www.youtube.com/watch?v=_3PziYr5zpQ - [0;31mERROR:[0m [youtube] _3PziYr5zpQ: The following content is not available on this app.. Watch on the latest version of YouTube.
2026-03-13 04:18:03,155 - ERROR - エラー: https://www.youtube.com/watch?v=yxg8rMKtvmA - [0;31mERROR:[0m [youtube] yxg8rMKtvmA: The following content is not available on this app.. Watch on the latest version of YouTube.
2026-03-13 04:18:04,270 - ERROR - エラー: https://www.youtube.com/watch?v=Fq-2FAhQSmM - [0;31mERROR:[0m [youtube] Fq-2FAhQSmM: The following content is not available on this app.. Watch on the latest version of YouTube.
2026-03-13 04:18:05,367 - ERROR - エラー: https://www.youtube.com/watch?v=bMT-GoCe2aY - [0;31mERROR:[0m [youtube] bMT-GoCe2aY: The following content is not available on this app.. Watch on the latest version of YouTube.
2026-03-13 04:18:05,793 - ERROR - エラー: https://www.youtube.com/watch?v=JWUzpqOE8qs - [0;31mERROR:[0m [youtube] JWUzpqOE8qs: The following content is not available on this app.. Watch on the latest version of YouTube.
2026-03-13 04:18:06,949 - ERROR - エラー: https://www.youtube.com/watch?v=Th3TEWYQL7k - [0;31mERROR:[0m [youtube] Th3TEWYQL7k: The following content is not available on this app.. Watch on the latest version of YouTube.
2026-03-13 04:18:07,007 - ERROR - エラー: https://www.youtube.com/watch?v=gCHPWTSMbzc - [0;31mERROR:[0m [youtube] gCHPWTSMbzc: The following content is not available on this app.. Watch on the latest version of YouTube.
2026-03-13 04:18:07,941 - ERROR - エラー: https://www.youtube.com/watch?v=Lx1mqQgK00c - [0;31mERROR:[0m [youtube] Lx1mqQgK00c: The following content is not available on this app.. Watch on the latest version of YouTube.
2026-03-13 04:18:08,951 - ERROR - エラー: https://www.youtube.com/watch?v=olRACljwamk - [0;31mERROR:[0m [youtube] olRACljwamk: The following content is not available on this app.. Watch on the latest version of YouTube.
2026-03-13 04:18:10,056 - ERROR - エラー: https://www.youtube.com/watch?v=tJ9OAvt4Y2U - [0;31mERROR:[0m [youtube] tJ9OAvt4Y2U: The following content is not available on this app.. Watch on the latest version of YouTube.
2026-03-13 04:18:11,075 - ERROR - エラー: https://www.youtube.com/watch?v=ikSb10yyksw - [0;31mERROR:[0m [youtube] ikSb10yyksw: The following content is not available on this app.. Watch on the latest version of YouTube.
2026-03-13 04:18:11,301 - ERROR - エラー: https://www.youtube.com/watch?v=4mrGCAGT2nU - [0;31mERROR:[0m [youtube] 4mrGCAGT2nU: The following content is not available on this app.. Watch on the latest version of YouTube.
2026-03-13 04:18:12,159 - ERROR - エラー: https://www.youtube.com/watch?v=DA7fjueBr_M - [0;31mERROR:[0m [youtube] DA7fjueBr_M: The following content is not available on this app.. Watch on the latest version of YouTube.
2026-03-13 04:18:13,191 - ERROR - エラー: https://www.youtube.com/watch?v=URZleNHGeHk - [0;31mERROR:[0m [youtube] URZleNHGeHk: The following content is not available on this app.. Watch on the latest version of YouTube.
2026-03-13 04:18:14,111 - ERROR - エラー: https://www.youtube.com/watch?v=0R3NDJz4yw4 - [0;31mERROR:[0m [youtube] 0R3NDJz4yw4: The following content is not available on this app.. Watch on the latest version of YouTube.
2026-03-13 04:18:14,700 - ERROR - エラー: https://www.youtube.com/watch?v=roRE1nKwo6I - [0;31mERROR:[0m [youtube] roRE1nKwo6I: The following content is not available on this app.. Watch on the latest version of YouTube.
2026-03-13 04:18:15,094 - ERROR - エラー: https://www.youtube.com/watch?v=vjyUwTFINIE - [0;31mERROR:[0m [youtube] vjyUwTFINIE: The following content is not available on this app.. Watch on the latest version of YouTube.
2026-03-13 04:18:15,754 - ERROR - エラー: https://www.youtube.com/watch?v=nra8LgkLpLk - [0;31mERROR:[0m [youtube] nra8LgkLpLk: The following content is not available on this app.. Watch on the latest version of YouTube.
2026-03-13 04:18:16,246 - ERROR - エラー: https://www.youtube.com/watch?v=tuTwr1iDJM4 - [0;31mERROR:[0m [youtube] tuTwr1iDJM4: The following content is not available on this app.. Watch on the latest version of YouTube.
2026-03-13 04:20:04,473 - ERROR - エラー: https://www.youtube.com/watch?v=sCFLYFQA0Xg - [0;31mERROR:[0m [youtube] sCFLYFQA0Xg: The following content is not available on this app.. Watch on the latest version of YouTube.
2026-03-13 04:20:05,166 - ERROR - エラー: https://www.youtube.com/watch?v=MJ53_3cmeCc - [0;31mERROR:[0m [youtube] MJ53_3cmeCc: The following content is not available on this app.. Watch on the latest version of YouTube.
2026-03-13 04:20:05,437 - ERROR - エラー: https://www.youtube.com/watch?v=gulfvBLOQI8 - [0;31mERROR:[0m [youtube] gulfvBLOQI8: The following content is not available on this app.. Watch on the latest version of YouTube.
2026-03-13 04:20:05,472 - ERROR - エラー: https://www.youtube.com/watch?v=6W_eMWm5iqU - [0;31mERROR:[0m [youtube] 6W_eMWm5iqU: The following content is not available on this app.. Watch on the latest version of YouTube.
2026-03-13 04:20:05,551 - ERROR - エラー: https://www.youtube.com/watch?v=_jiBFuDXdns - [0;31mERROR:[0m [youtube] _jiBFuDXdns: The following content is not available on this app.. Watch on the latest version of YouTube.
2026-03-13 04:20:07,774 - ERROR - エラー: https://www.youtube.com/watch?v=IY0eh4q9XoY - [0;31mERROR:[0m [youtube] IY0eh4q9XoY: The following content is not available on this app.. Watch on the latest version of YouTube.
2026-03-13 04:20:09,877 - ERROR - エラー: https://www.youtube.com/watch?v=JenMkG5-oow - [0;31mERROR:[0m [youtube] JenMkG5-oow: The following content is not available on this app.. Watch on the latest version of YouTube.
2026-03-13 04:20:09,980 - ERROR - エラー: https://www.youtube.com/watch?v=GB6450Dzwko - [0;31mERROR:[0m [youtube] GB6450Dzwko: The following content is not available on this app.. Watch on the latest version of YouTube.
2026-03-13 04:20:10,442 - ERROR - エラー: https://www.youtube.com/watch?v=QHqagi88IT8 - [0;31mERROR:[0m [youtube] QHqagi88IT8: The following content is not available on this app.. Watch on the latest version of YouTube.
2026-03-13 04:20:11,573 - ERROR - エラー: https://www.youtube.com/watch?v=62WrZXNnULQ - [0;31mERROR:[0m [youtube] 62WrZXNnULQ: The following content is not available on this app.. Watch on the latest version of YouTube.
2026-03-13 04:20:13,667 - ERROR - エラー: https://www.youtube.com/watch?v=KRfQSJJZTWM - [0;31mERROR:[0m [youtube] KRfQSJJZTWM: The following content is not available on this app.. Watch on the latest version of YouTube.
2026-03-13 04:20:13,931 - ERROR - エラー: https://www.youtube.com/watch?v=VsHNIBY7jzg - [0;31mERROR:[0m [youtube] VsHNIBY7jzg: The following content is not available on this app.. Watch on the latest version of YouTube.
2026-03-13 04:20:14,801 - ERROR - エラー: https://www.youtube.com/watch?v=T8FTAN8fvOc - [0;31mERROR:[0m [youtube] T8FTAN8fvOc: The following content is not available on this app.. Watch on the latest version of YouTube.
2026-03-13 04:20:16,073 - ERROR - エラー: https://www.youtube.com/watch?v=Q6RPjJsbzIQ - [0;31mERROR:[0m [youtube] Q6RPjJsbzIQ: The following content is not available on this app.. Watch on the latest version of YouTube.
2026-03-13 04:20:17,543 - ERROR - エラー: https://www.youtube.com/watch?v=2WJlJPLbnWI - [0;31mERROR:[0m [youtube] 2WJlJPLbnWI: The following content is not available on this app.. Watch on the latest version of YouTube.
2026-03-13 04:20:18,231 - ERROR - エラー: https://www.youtube.com/watch?v=zkvrpHliQ0Q - [0;31mERROR:[0m [youtube] zkvrpHliQ0Q: The following content is not available on this app.. Watch on the latest version of YouTube.
2026-03-13 04:20:19,290 - ERROR - エラー: https://www.youtube.com/watch?v=gOw4GgIWiRE - [0;31mERROR:[0m [youtube] gOw4GgIWiRE: The following content is not available on this app.. Watch on the latest version of YouTube.
2026-03-13 04:20:20,206 - ERROR - エラー: https://www.youtube.com/watch?v=-1sthzUPZfo - [0;31mERROR:[0m [youtube] -1sthzUPZfo: The following content is not available on this app.. Watch on the latest version of YouTube.
2026-03-13 04:20:21,554 - ERROR - エラー: https://www.youtube.com/watch?v=PzZoUrtL6zQ - [0;31mERROR:[0m [youtube] PzZoUrtL6zQ: The following content is not available on this app.. Watch on the latest version of YouTube.
2026-03-13 04:20:22,096 - ERROR - エラー: https://www.youtube.com/watch?v=IxaC8lefU08 - [0;31mERROR:[0m [youtube] IxaC8lefU08: The following content is not available on this app.. Watch on the latest version of YouTube.
2026-03-13 04:20:23,002 - ERROR - エラー: https://www.youtube.com/watch?v=cmlrBF3I3HI - [0;31mERROR:[0m [youtube] cmlrBF3I3HI: The following content is not available on this app.. Watch on the latest version of YouTube.
2026-03-13 04:20:23,884 - ERROR - エラー: https://www.youtube.com/watch?v=_CAeGCDujLQ - [0;31mERROR:[0m [youtube] _CAeGCDujLQ: The following content is not available on this app.. Watch on the latest version of YouTube.
2026-03-13 04:20:24,776 - ERROR - エラー: https://www.youtube.com/watch?v=gj72kiLn2Ew - [0;31mERROR:[0m [youtube] gj72kiLn2Ew: The following content is not available on this app.. Watch on the latest version of YouTube.
2026-03-13 04:20:25,769 - ERROR - エラー: https://www.youtube.com/watch?v=XmIuLe5romQ - [0;31mERROR:[0m [youtube] XmIuLe5romQ: The following content is not available on this app.. Watch on the latest version of YouTube.
2026-03-13 04:20:26,769 - ERROR - エラー: https://www.youtube.com/watch?v=W1cOZoSgdU0 - [0;31mERROR:[0m [youtube] W1cOZoSgdU0: The following content is not available on this app.. Watch on the latest version of YouTube.
2026-03-13 04:20:27,555 - ERROR - エラー: https://www.youtube.com/watch?v=6KdEHg9u9JU - [0;31mERROR:[0m [youtube] 6KdEHg9u9JU: The following content is not available on this app.. Watch on the latest version of YouTube.
2026-03-13 04:20:28,350 - ERROR - エラー: https://www.youtube.com/watch?v=kSTEH9OVqOw - [0;31mERROR:[0m [youtube] kSTEH9OVqOw: The following content is not available on this app.. Watch on the latest version of YouTube.
2026-03-13 04:20:29,339 - ERROR - エラー: https://www.youtube.com/watch?v=dgBaChdRRe8 - [0;31mERROR:[0m [youtube] dgBaChdRRe8: The following content is not available on this app.. Watch on the latest version of YouTube.
2026-03-13 04:20:30,670 - ERROR - エラー: https://www.youtube.com/watch?v=tXPt0wTRrp4 - [0;31mERROR:[0m [youtube] tXPt0wTRrp4: The following content is not available on this app.. Watch on the latest version of YouTube.
2026-03-13 04:20:31,499 - ERROR - エラー: https://www.youtube.com/watch?v=wcA7Rjnx9ok - [0;31mERROR:[0m [youtube] wcA7Rjnx9ok: The following content is not available on this app.. Watch on the latest version of YouTube.
2026-03-13 04:20:31,868 - ERROR - エラー: https://www.youtube.com/watch?v=s7DN0lGrgJk - [0;31mERROR:[0m [youtube] s7DN0lGrgJk: The following content is not available on this app.. Watch on the latest version of YouTube.
2026-03-13 04:20:32,895 - ERROR - エラー: https://www.youtube.com/watch?v=BGuObz61fzc - [0;31mERROR:[0m [youtube] BGuObz61fzc: The following content is not available on this app.. Watch on the latest version of YouTube.
2026-03-13 04:20:34,031 - ERROR - エラー: https://www.youtube.com/watch?v=vnjUr02F13Y - [0;31mERROR:[0m [youtube] vnjUr02F13Y: The following content is not available on this app.. Watch on the latest version of YouTube.
2026-03-13 04:20:35,165 - ERROR - エラー: https://www.youtube.com/watch?v=Kru0g4W3nEI - [0;31mERROR:[0m [youtube] Kru0g4W3nEI: The following content is not available on this app.. Watch on the latest version of YouTube.
2026-03-13 04:20:35,583 - ERROR - エラー: https://www.youtube.com/watch?v=bOhd0moz6Es - [0;31mERROR:[0m [youtube] bOhd0moz6Es: The following content is not available on this app.. Watch on the latest version of YouTube.
2026-03-13 04:20:36,566 - ERROR - エラー: https://www.youtube.com/watch?v=NKys-I5YcxE - [0;31mERROR:[0m [youtube] NKys-I5YcxE: The following content is not available on this app.. Watch on the latest version of YouTube.
2026-03-13 04:20:37,390 - ERROR - エラー: https://www.youtube.com/watch?v=Mg8zfNYHdlQ - [0;31mERROR:[0m [youtube] Mg8zfNYHdlQ: The following content is not available on this app.. Watch on the latest version of YouTube.
2026-03-13 04:20:38,367 - ERROR - エラー: https://www.youtube.com/watch?v=G7o2Z_GTonc - [0;31mERROR:[0m [youtube] G7o2Z_GTonc: The following content is not available on this app.. Watch on the latest version of YouTube.
2026-03-13 04:20:39,264 - ERROR - エラー: https://www.youtube.com/watch?v=R9-anSeswa0 - [0;31mERROR:[0m [youtube] R9-anSeswa0: The following content is not available on this app.. Watch on the latest version of YouTube.
2026-03-13 04:20:40,448 - ERROR - エラー: https://www.youtube.com/watch?v=voZwtSJi6JE - [0;31mERROR:[0m [youtube] voZwtSJi6JE: The following content is not available on this app.. Watch on the latest version of YouTube.
2026-03-13 04:20:41,091 - ERROR - エラー: https://www.youtube.com/watch?v=Q4_Ty5NGRbU - [0;31mERROR:[0m [youtube] Q4_Ty5NGRbU: The following content is not available on this app.. Watch on the latest version of YouTube.
2026-03-13 04:20:41,978 - ERROR - エラー: https://www.youtube.com/watch?v=zxiMazpK1WE - [0;31mERROR:[0m [youtube] zxiMazpK1WE: The following content is not available on this app.. Watch on the latest version of YouTube.
2026-03-13 04:20:42,820 - ERROR - エラー: https://www.youtube.com/watch?v=2uJbilOPJWA - [0;31mERROR:[0m [youtube] 2uJbilOPJWA: The following content is not available on this app.. Watch on the latest version of YouTube.
2026-03-13 04:20:43,729 - ERROR - エラー: https://www.youtube.com/watch?v=r24tqEx2b4w - [0;31mERROR:[0m [youtube] r24tqEx2b4w: The following content is not available on this app.. Watch on the latest version of YouTube.
2026-03-13 04:20:44,540 - ERROR - エラー: https://www.youtube.com/watch?v=5RKmxy9OKgA - [0;31mERROR:[0m [youtube] 5RKmxy9OKgA: The following content is not available on this app.. Watch on the latest version of YouTube.
2026-03-13 04:20:45,526 - ERROR - エラー: https://www.youtube.com/watch?v=fbi8rPaVkQE - [0;31mERROR:[0m [youtube] fbi8rPaVkQE: The following content is not available on this app.. Watch on the latest version of YouTube.
2026-03-13 04:20:46,606 - ERROR - エラー: https://www.youtube.com/watch?v=2qS-P6LHIwM - [0;31mERROR:[0m [youtube] 2qS-P6LHIwM: The following content is not available on this app.. Watch on the latest version of YouTube.
2026-03-13 04:20:47,473 - ERROR - エラー: https://www.youtube.com/watch?v=1nlehPhm_eM - [0;31mERROR:[0m [youtube] 1nlehPhm_eM: The following content is not available on this app.. Watch on the latest version of YouTube.
2026-03-13 04:20:48,005 - ERROR - エラー: https://www.youtube.com/watch?v=1lsdpznOFok - [0;31mERROR:[0m [youtube] 1lsdpznOFok: The following content is not available on this app.. Watch on the latest version of YouTube.
2026-03-13 04:20:49,157 - ERROR - エラー: https://www.youtube.com/watch?v=QuuembbBj7c - [0;31mERROR:[0m [youtube] QuuembbBj7c: The following content is not available on this app.. Watch on the latest version of YouTube.
2026-03-13 04:20:50,153 - ERROR - エラー: https://www.youtube.com/watch?v=KRC2JoinUYY - [0;31mERROR:[0m [youtube] KRC2JoinUYY: The following content is not available on this app.. Watch on the latest version of YouTube.
2026-03-13 04:20:50,844 - ERROR - エラー: https://www.youtube.com/watch?v=W8Jo_NMYiNQ - [0;31mERROR:[0m [youtube] W8Jo_NMYiNQ: The following content is not available on this app.. Watch on the latest version of YouTube.
2026-03-13 04:20:51,767 - ERROR - エラー: https://www.youtube.com/watch?v=0Lubk2JmlKY - [0;31mERROR:[0m [youtube] 0Lubk2JmlKY: The following content is not available on this app.. Watch on the latest version of YouTube.
2026-03-13 04:20:52,747 - ERROR - エラー: https://www.youtube.com/watch?v=qrIQf5tM7Kc - [0;31mERROR:[0m [youtube] qrIQf5tM7Kc: The following content is not available on this app.. Watch on the latest version of YouTube.
2026-03-13 04:20:53,870 - ERROR - エラー: https://www.youtube.com/watch?v=7gZM72X8QxY - [0;31mERROR:[0m [youtube] 7gZM72X8QxY: The following content is not available on this app.. Watch on the latest version of YouTube.
2026-03-13 04:20:54,704 - ERROR - エラー: https://www.youtube.com/watch?v=VHOeCDXcrZE - [0;31mERROR:[0m [youtube] VHOeCDXcrZE: The following content is not available on this app.. Watch on the latest version of YouTube.
2026-03-13 04:20:55,477 - ERROR - エラー: https://www.youtube.com/watch?v=2J_4SvjTZaA - [0;31mERROR:[0m [youtube] 2J_4SvjTZaA: The following content is not available on this app.. Watch on the latest version of YouTube.
2026-03-13 04:20:56,730 - ERROR - エラー: https://www.youtube.com/watch?v=1KdwI9xRejU - [0;31mERROR:[0m [youtube] 1KdwI9xRejU: The following content is not available on this app.. Watch on the latest version of YouTube.
2026-03-13 04:20:57,348 - ERROR - エラー: https://www.youtube.com/watch?v=rf8jJf7Wgdk - [0;31mERROR:[0m [youtube] rf8jJf7Wgdk: The following content is not available on this app.. Watch on the latest version of YouTube.
2026-03-13 04:20:58,245 - ERROR - エラー: https://www.youtube.com/watch?v=SV10UwLSyDE - [0;31mERROR:[0m [youtube] SV10UwLSyDE: The following content is not available on this app.. Watch on the latest version of YouTube.
2026-03-13 04:20:58,949 - ERROR - エラー: https://www.youtube.com/watch?v=7tBC1J29Lwc - [0;31mERROR:[0m [youtube] 7tBC1J29Lwc: The following content is not available on this app.. Watch on the latest version of YouTube.
2026-03-13 04:21:01,049 - ERROR - エラー: https://www.youtube.com/watch?v=bgZaE0KX-IA - [0;31mERROR:[0m [youtube] bgZaE0KX-IA: The following content is not available on this app.. Watch on the latest version of YouTube.
2026-03-13 04:21:01,183 - ERROR - エラー: https://www.youtube.com/watch?v=EowmOy6HklQ - [0;31mERROR:[0m [youtube] EowmOy6HklQ: The following content is not available on this app.. Watch on the latest version of YouTube.
2026-03-13 04:21:02,051 - ERROR - エラー: https://www.youtube.com/watch?v=RgG8AH_5ATA - [0;31mERROR:[0m [youtube] RgG8AH_5ATA: The following content is not available on this app.. Watch on the latest version of YouTube.
2026-03-13 04:21:02,896 - ERROR - エラー: https://www.youtube.com/watch?v=_nufRRqYHNY - [0;31mERROR:[0m [youtube] _nufRRqYHNY: The following content is not available on this app.. Watch on the latest version of YouTube.
2026-03-13 04:21:04,972 - ERROR - エラー: https://www.youtube.com/watch?v=UhuiAmW3Fek - [0;31mERROR:[0m [youtube] UhuiAmW3Fek: The following content is not available on this app.. Watch on the latest version of YouTube.
2026-03-13 04:21:04,982 - ERROR - エラー: https://www.youtube.com/watch?v=A1iddKKXfbo - [0;31mERROR:[0m [youtube] A1iddKKXfbo: The following content is not available on this app.. Watch on the latest version of YouTube.
2026-03-13 04:21:06,116 - ERROR - エラー: https://www.youtube.com/watch?v=fD5Ydha5rEY - [0;31mERROR:[0m [youtube] fD5Ydha5rEY: The following content is not available on this app.. Watch on the latest version of YouTube.
2026-03-13 04:21:06,910 - ERROR - エラー: https://www.youtube.com/watch?v=YGKimezYaEg - [0;31mERROR:[0m [youtube] YGKimezYaEg: The following content is not available on this app.. Watch on the latest version of YouTube.
2026-03-13 04:21:08,731 - ERROR - エラー: https://www.youtube.com/watch?v=7tLIZLpvHkI - [0;31mERROR:[0m [youtube] 7tLIZLpvHkI: The following content is not available on this app.. Watch on the latest version of YouTube.
2026-03-13 04:21:08,739 - ERROR - エラー: https://www.youtube.com/watch?v=ds0PY9WirJQ - [0;31mERROR:[0m [youtube] ds0PY9WirJQ: The following content is not available on this app.. Watch on the latest version of YouTube.
2026-03-13 04:21:09,785 - ERROR - エラー: https://www.youtube.com/watch?v=4r-fngH4taw - [0;31mERROR:[0m [youtube] 4r-fngH4taw: The following content is not available on this app.. Watch on the latest version of YouTube.
2026-03-13 04:21:10,360 - ERROR - エラー: https://www.youtube.com/watch?v=Hm3RX377Puo - [0;31mERROR:[0m [youtube] Hm3RX377Puo: The following content is not available on this app.. Watch on the latest version of YouTube.
2026-03-13 04:21:12,422 - ERROR - エラー: https://www.youtube.com/watch?v=--afFPfIrXY - [0;31mERROR:[0m [youtube] --afFPfIrXY: The following content is not available on this app.. Watch on the latest version of YouTube.
2026-03-13 04:21:12,490 - ERROR - エラー: https://www.youtube.com/watch?v=HmqKQYcglXw - [0;31mERROR:[0m [youtube] HmqKQYcglXw: The following content is not available on this app.. Watch on the latest version of YouTube.
2026-03-13 04:21:14,058 - ERROR - エラー: https://www.youtube.com/watch?v=9VtbVQYfqlM - [0;31mERROR:[0m [youtube] 9VtbVQYfqlM: The following content is not available on this app.. Watch on the latest version of YouTube.
2026-03-13 04:21:14,076 - ERROR - エラー: https://www.youtube.com/watch?v=X_IUwfW3zsA - [0;31mERROR:[0m [youtube] X_IUwfW3zsA: The following content is not available on this app.. Watch on the latest version of YouTube.
2026-03-13 04:21:15,971 - ERROR - エラー: https://www.youtube.com/watch?v=qU3nmSE1Ftg - [0;31mERROR:[0m [youtube] qU3nmSE1Ftg: The following content is not available on this app.. Watch on the latest version of YouTube.
2026-03-13 04:21:16,070 - ERROR - エラー: https://www.youtube.com/watch?v=J37raCA6ln0 - [0;31mERROR:[0m [youtube] J37raCA6ln0: The following content is not available on this app.. Watch on the latest version of YouTube.
2026-03-13 04:21:18,063 - ERROR - エラー: https://www.youtube.com/watch?v=l4_7qk5VE50 - [0;31mERROR:[0m [youtube] l4_7qk5VE50: The following content is not available on this app.. Watch on the latest version of YouTube.
2026-03-13 04:21:18,104 - ERROR - エラー: https://www.youtube.com/watch?v=sJpOGG8p-d8 - [0;31mERROR:[0m [youtube] sJpOGG8p-d8: The following content is not available on this app.. Watch on the latest version of YouTube.
2026-03-13 04:21:19,425 - ERROR - エラー: https://www.youtube.com/watch?v=Od37mIBR0V0 - [0;31mERROR:[0m [youtube] Od37mIBR0V0: The following content is not available on this app.. Watch on the latest version of YouTube.
2026-03-13 04:21:19,738 - ERROR - エラー: https://www.youtube.com/watch?v=UAI7I2ETYlw - [0;31mERROR:[0m [youtube] UAI7I2ETYlw: The following content is not available on this app.. Watch on the latest version of YouTube.
2026-03-13 04:21:21,855 - ERROR - エラー: https://www.youtube.com/watch?v=Cijea4uA7VU - [0;31mERROR:[0m [youtube] Cijea4uA7VU: The following content is not available on this app.. Watch on the latest version of YouTube.
2026-03-13 04:21:21,868 - ERROR - エラー: https://www.youtube.com/watch?v=dbY3LSsExTU - [0;31mERROR:[0m [youtube] dbY3LSsExTU: The following content is not available on this app.. Watch on the latest version of YouTube.
2026-03-13 04:21:23,412 - ERROR - エラー: https://www.youtube.com/watch?v=4CQtjUxJKzs - [0;31mERROR:[0m [youtube] 4CQtjUxJKzs: The following content is not available on this app.. Watch on the latest version of YouTube.
2026-03-13 04:21:23,427 - ERROR - エラー: https://www.youtube.com/watch?v=02KWaD3Keqo - [0;31mERROR:[0m [youtube] 02KWaD3Keqo: The following content is not available on this app.. Watch on the latest version of YouTube.
2026-03-13 04:21:25,581 - ERROR - エラー: https://www.youtube.com/watch?v=oS65W_vekro - [0;31mERROR:[0m [youtube] oS65W_vekro: The following content is not available on this app.. Watch on the latest version of YouTube.
2026-03-13 04:21:25,625 - ERROR - エラー: https://www.youtube.com/watch?v=-wgnKZoOBp0 - [0;31mERROR:[0m [youtube] -wgnKZoOBp0: The following content is not available on this app.. Watch on the latest version of YouTube.
2026-03-13 04:21:27,296 - ERROR - エラー: https://www.youtube.com/watch?v=YPdsi3E8658 - [0;31mERROR:[0m [youtube] YPdsi3E8658: The following content is not available on this app.. Watch on the latest version of YouTube.
2026-03-13 04:21:27,445 - ERROR - エラー: https://www.youtube.com/watch?v=g5beUPnqVGE - [0;31mERROR:[0m [youtube] g5beUPnqVGE: The following content is not available on this app.. Watch on the latest version of YouTube.
2026-03-13 04:21:28,589 - ERROR - エラー: https://www.youtube.com/watch?v=BiM510fwxrQ - [0;31mERROR:[0m [youtube] BiM510fwxrQ: The following content is not available on this app.. Watch on the latest version of YouTube.
2026-03-13 04:21:29,458 - ERROR - エラー: https://www.youtube.com/watch?v=X2nCiK-yQTI - [0;31mERROR:[0m [youtube] X2nCiK-yQTI: The following content is not available on this app.. Watch on the latest version of YouTube.
2026-03-13 04:21:30,311 - ERROR - エラー: https://www.youtube.com/watch?v=N0I9ucJgoRo - [0;31mERROR:[0m [youtube] N0I9ucJgoRo: The following content is not available on this app.. Watch on the latest version of YouTube.
2026-03-13 04:21:31,899 - ERROR - エラー: https://www.youtube.com/watch?v=eOfVL3E687g - [0;31mERROR:[0m [youtube] eOfVL3E687g: The following content is not available on this app.. Watch on the latest version of YouTube.
2026-03-13 04:21:31,904 - ERROR - エラー: https://www.youtube.com/watch?v=NpYSqZij37s - [0;31mERROR:[0m [youtube] NpYSqZij37s: The following content is not available on this app.. Watch on the latest version of YouTube.
2026-03-13 04:21:33,393 - ERROR - エラー: https://www.youtube.com/watch?v=lDJGilIRwHY - [0;31mERROR:[0m [youtube] lDJGilIRwHY: The following content is not available on this app.. Watch on the latest version of YouTube.
2026-03-13 04:21:33,504 - ERROR - エラー: https://www.youtube.com/watch?v=W2AS3MzPGJQ - [0;31mERROR:[0m [youtube] W2AS3MzPGJQ: The following content is not available on this app.. Watch on the latest version of YouTube.
2026-03-13 04:21:34,313 - ERROR - エラー: https://www.youtube.com/watch?v=e0QpL7nHPJg - [0;31mERROR:[0m [youtube] e0QpL7nHPJg: The following content is not available on this app.. Watch on the latest version of YouTube.
2026-03-13 04:21:35,833 - ERROR - エラー: https://www.youtube.com/watch?v=5t3MRkwNb6k - [0;31mERROR:[0m [youtube] 5t3MRkwNb6k: The following content is not available on this app.. Watch on the latest version of YouTube.
2026-03-13 04:21:35,837 - ERROR - エラー: https://www.youtube.com/watch?v=q4fSWnRE-Ps - [0;31mERROR:[0m [youtube] q4fSWnRE-Ps: The following content is not available on this app.. Watch on the latest version of YouTube.
2026-03-13 04:21:37,500 - ERROR - エラー: https://www.youtube.com/watch?v=AGEEMC3VMpU - [0;31mERROR:[0m [youtube] AGEEMC3VMpU: The following content is not available on this app.. Watch on the latest version of YouTube.
2026-03-13 04:21:37,519 - ERROR - エラー: https://www.youtube.com/watch?v=WuhAqm7KVEw - [0;31mERROR:[0m [youtube] WuhAqm7KVEw: The following content is not available on this app.. Watch on the latest version of YouTube.
2026-03-13 04:21:38,248 - ERROR - エラー: https://www.youtube.com/watch?v=26j4jq4Z1ow - [0;31mERROR:[0m [youtube] 26j4jq4Z1ow: The following content is not available on this app.. Watch on the latest version of YouTube.
2026-03-13 04:21:39,444 - ERROR - エラー: https://www.youtube.com/watch?v=g_3usj__ezQ - [0;31mERROR:[0m [youtube] g_3usj__ezQ: The following content is not available on this app.. Watch on the latest version of YouTube.
2026-03-13 04:21:39,711 - ERROR - エラー: https://www.youtube.com/watch?v=EtfY4f7KIfo - [0;31mERROR:[0m [youtube] EtfY4f7KIfo: The following content is not available on this app.. Watch on the latest version of YouTube.
2026-03-13 04:21:41,185 - ERROR - エラー: https://www.youtube.com/watch?v=Mh79OB4nl58 - [0;31mERROR:[0m [youtube] Mh79OB4nl58: The following content is not available on this app.. Watch on the latest version of YouTube.
2026-03-13 04:21:41,520 - ERROR - エラー: https://www.youtube.com/watch?v=cOc1T5S74nY - [0;31mERROR:[0m [youtube] cOc1T5S74nY: The following content is not available on this app.. Watch on the latest version of YouTube.
2026-03-13 04:21:42,313 - ERROR - エラー: https://www.youtube.com/watch?v=r-ynV1OpPPg - [0;31mERROR:[0m [youtube] r-ynV1OpPPg: The following content is not available on this app.. Watch on the latest version of YouTube.
2026-03-13 04:21:43,648 - ERROR - エラー: https://www.youtube.com/watch?v=vZSOXj-sJYA - [0;31mERROR:[0m [youtube] vZSOXj-sJYA: The following content is not available on this app.. Watch on the latest version of YouTube.
2026-03-13 04:21:43,653 - ERROR - エラー: https://www.youtube.com/watch?v=JHT2jatHSbQ - [0;31mERROR:[0m [youtube] JHT2jatHSbQ: The following content is not available on this app.. Watch on the latest version of YouTube.
2026-03-13 04:21:44,953 - ERROR - エラー: https://www.youtube.com/watch?v=dbl0bAbgC5g - [0;31mERROR:[0m [youtube] dbl0bAbgC5g: The following content is not available on this app.. Watch on the latest version of YouTube.
2026-03-13 04:21:45,625 - ERROR - エラー: https://www.youtube.com/watch?v=9WJxQOHpo6M - [0;31mERROR:[0m [youtube] 9WJxQOHpo6M: The following content is not available on this app.. Watch on the latest version of YouTube.
2026-03-13 04:21:46,043 - ERROR - エラー: https://www.youtube.com/watch?v=xzqANu4gcHc - [0;31mERROR:[0m [youtube] xzqANu4gcHc: The following content is not available on this app.. Watch on the latest version of YouTube.
2026-03-13 04:21:47,473 - ERROR - エラー: https://www.youtube.com/watch?v=lJgNRmqa6uU - [0;31mERROR:[0m [youtube] lJgNRmqa6uU: The following content is not available on this app.. Watch on the latest version of YouTube.
2026-03-13 04:21:47,604 - ERROR - エラー: https://www.youtube.com/watch?v=qsvr3gcN_zk - [0;31mERROR:[0m [youtube] qsvr3gcN_zk: The following content is not available on this app.. Watch on the latest version of YouTube.
2026-03-13 04:21:48,876 - ERROR - エラー: https://www.youtube.com/watch?v=P6_voQT1yyk - [0;31mERROR:[0m [youtube] P6_voQT1yyk: The following content is not available on this app.. Watch on the latest version of YouTube.
2026-03-13 04:21:49,771 - ERROR - エラー: https://www.youtube.com/watch?v=jXeIKqHIA3s - [0;31mERROR:[0m [youtube] jXeIKqHIA3s: The following content is not available on this app.. Watch on the latest version of YouTube.
2026-03-13 04:21:49,835 - ERROR - エラー: https://www.youtube.com/watch?v=NOwAV4tX_-A - [0;31mERROR:[0m [youtube] NOwAV4tX_-A: The following content is not available on this app.. Watch on the latest version of YouTube.
2026-03-13 04:21:51,436 - ERROR - エラー: https://www.youtube.com/watch?v=0m1hb2AyzSg - [0;31mERROR:[0m [youtube] 0m1hb2AyzSg: The following content is not available on this app.. Watch on the latest version of YouTube.
2026-03-13 04:21:51,437 - ERROR - エラー: https://www.youtube.com/watch?v=dEA7X198hsc - [0;31mERROR:[0m [youtube] dEA7X198hsc: The following content is not available on this app.. Watch on the latest version of YouTube.
2026-03-13 04:21:52,428 - ERROR - エラー: https://www.youtube.com/watch?v=8r9leMeCx5o - [0;31mERROR:[0m [youtube] 8r9leMeCx5o: The following content is not available on this app.. Watch on the latest version of YouTube.
2026-03-13 04:21:53,592 - ERROR - エラー: https://www.youtube.com/watch?v=pHFCpzwxF_E - [0;31mERROR:[0m [youtube] pHFCpzwxF_E: The following content is not available on this app.. Watch on the latest version of YouTube.
2026-03-13 04:21:53,834 - ERROR - エラー: https://www.youtube.com/watch?v=zFX_M_CXUOQ - [0;31mERROR:[0m [youtube] zFX_M_CXUOQ: The following content is not available on this app.. Watch on the latest version of YouTube.
2026-03-13 04:21:55,429 - ERROR - エラー: https://www.youtube.com/watch?v=XPltR9pOxpg - [0;31mERROR:[0m [youtube] XPltR9pOxpg: The following content is not available on this app.. Watch on the latest version of YouTube.
2026-03-13 04:21:55,568 - ERROR - エラー: https://www.youtube.com/watch?v=Uvy2idV6bnk - [0;31mERROR:[0m [youtube] Uvy2idV6bnk: The following content is not available on this app.. Watch on the latest version of YouTube.
2026-03-13 04:21:56,371 - ERROR - エラー: https://www.youtube.com/watch?v=2HO-5kJ8Jz4 - [0;31mERROR:[0m [youtube] 2HO-5kJ8Jz4: The following content is not available on this app.. Watch on the latest version of YouTube.
2026-03-13 04:21:57,271 - ERROR - エラー: https://www.youtube.com/watch?v=qrWTElrR4q4 - [0;31mERROR:[0m [youtube] qrWTElrR4q4: The following content is not available on this app.. Watch on the latest version of YouTube.
2026-03-13 04:21:57,306 - ERROR - エラー: https://www.youtube.com/watch?v=fvHmeng8nTY - [0;31mERROR:[0m [youtube] fvHmeng8nTY: The following content is not available on this app.. Watch on the latest version of YouTube.
2026-03-13 04:21:58,477 - ERROR - エラー: https://www.youtube.com/watch?v=2IWC6B1y98w - [0;31mERROR:[0m [youtube] 2IWC6B1y98w: The following content is not available on this app.. Watch on the latest version of YouTube.
2026-03-13 04:21:58,562 - ERROR - エラー: https://www.youtube.com/watch?v=DO8PTu7y9do - [0;31mERROR:[0m [youtube] DO8PTu7y9do: The following content is not available on this app.. Watch on the latest version of YouTube.
2026-03-13 04:23:55,246 - ERROR - エラー: https://www.youtube.com/watch?v=eHBYWOVoAWA - [0;31mERROR:[0m [youtube] eHBYWOVoAWA: The following content is not available on this app.. Watch on the latest version of YouTube.
2026-03-13 04:23:55,254 - ERROR - エラー: https://www.youtube.com/watch?v=r7xy9ujLUVo - [0;31mERROR:[0m [youtube] r7xy9ujLUVo: The following content is not available on this app.. Watch on the latest version of YouTube.
2026-03-13 04:23:55,751 - ERROR - エラー: https://www.youtube.com/watch?v=F_-hrXawtqI - [0;31mERROR:[0m [youtube] F_-hrXawtqI: The following content is not available on this app.. Watch on the latest version of YouTube.
2026-03-13 04:23:55,774 - ERROR - エラー: https://www.youtube.com/watch?v=3xIvG_vgRk0 - [0;31mERROR:[0m [youtube] 3xIvG_vgRk0: The following content is not available on this app.. Watch on the latest version of YouTube.
2026-03-13 04:23:59,440 - ERROR - エラー: https://www.youtube.com/watch?v=WDBzlaN4Gsk - [0;31mERROR:[0m [youtube] WDBzlaN4Gsk: The following content is not available on this app.. Watch on the latest version of YouTube.
2026-03-13 04:23:59,704 - ERROR - エラー: https://www.youtube.com/watch?v=NztOKDnVtg0 - [0;31mERROR:[0m [youtube] NztOKDnVtg0: The following content is not available on this app.. Watch on the latest version of YouTube.
2026-03-13 04:24:00,745 - ERROR - エラー: https://www.youtube.com/watch?v=zpZDGX-ScUY - [0;31mERROR:[0m [youtube] zpZDGX-ScUY: The following content is not available on this app.. Watch on the latest version of YouTube.
2026-03-13 04:24:00,746 - ERROR - エラー: https://www.youtube.com/watch?v=mYjXA2c1oQo - [0;31mERROR:[0m [youtube] mYjXA2c1oQo: The following content is not available on this app.. Watch on the latest version of YouTube.
2026-03-13 04:24:04,668 - ERROR - エラー: https://www.youtube.com/watch?v=Ranlc1l3X_U - [0;31mERROR:[0m [youtube] Ranlc1l3X_U: The following content is not available on this app.. Watch on the latest version of YouTube.
2026-03-13 04:24:05,014 - ERROR - エラー: https://www.youtube.com/watch?v=F0P2piHo2zI - [0;31mERROR:[0m [youtube] F0P2piHo2zI: The following content is not available on this app.. Watch on the latest version of YouTube.
2026-03-13 04:24:05,795 - ERROR - エラー: https://www.youtube.com/watch?v=aeAfHAc5NjM - [0;31mERROR:[0m [youtube] aeAfHAc5NjM: The following content is not available on this app.. Watch on the latest version of YouTube.
2026-03-13 04:24:06,217 - ERROR - エラー: https://www.youtube.com/watch?v=TpoePAuFL6w - [0;31mERROR:[0m [youtube] TpoePAuFL6w: The following content is not available on this app.. Watch on the latest version of YouTube.
2026-03-13 04:24:07,845 - ERROR - エラー: https://www.youtube.com/watch?v=BGwxxv-gI54 - [0;31mERROR:[0m [youtube] BGwxxv-gI54: The following content is not available on this app.. Watch on the latest version of YouTube.
2026-03-13 04:24:08,652 - ERROR - エラー: https://www.youtube.com/watch?v=tyAGO07znBc - [0;31mERROR:[0m [youtube] tyAGO07znBc: The following content is not available on this app.. Watch on the latest version of YouTube.
2026-03-13 04:24:09,391 - ERROR - エラー: https://www.youtube.com/watch?v=ruZeLVQaQnE - [0;31mERROR:[0m [youtube] ruZeLVQaQnE: The following content is not available on this app.. Watch on the latest version of YouTube.
2026-03-13 04:24:10,041 - ERROR - エラー: https://www.youtube.com/watch?v=iEOgXlLe37A - [0;31mERROR:[0m [youtube] iEOgXlLe37A: The following content is not available on this app.. Watch on the latest version of YouTube.
2026-03-13 04:24:11,500 - ERROR - エラー: https://www.youtube.com/watch?v=UCiNFUj5YeA - [0;31mERROR:[0m [youtube] UCiNFUj5YeA: The following content is not available on this app.. Watch on the latest version of YouTube.
2026-03-13 04:24:12,314 - ERROR - エラー: https://www.youtube.com/watch?v=-5-uQ5f6vik - [0;31mERROR:[0m [youtube] -5-uQ5f6vik: The following content is not available on this app.. Watch on the latest version of YouTube.
2026-03-13 04:24:12,812 - ERROR - エラー: https://www.youtube.com/watch?v=cihpka-qHqs - [0;31mERROR:[0m [youtube] cihpka-qHqs: The following content is not available on this app.. Watch on the latest version of YouTube.
2026-03-13 04:24:13,892 - ERROR - エラー: https://www.youtube.com/watch?v=O18ZcJISmPc - [0;31mERROR:[0m [youtube] O18ZcJISmPc: The following content is not available on this app.. Watch on the latest version of YouTube.
2026-03-13 04:24:14,829 - ERROR - エラー: https://www.youtube.com/watch?v=tTpSCRFnNVk - [0;31mERROR:[0m [youtube] tTpSCRFnNVk: The following content is not available on this app.. Watch on the latest version of YouTube.
2026-03-13 04:24:15,548 - ERROR - エラー: https://www.youtube.com/watch?v=FhB_Dltkses - [0;31mERROR:[0m [youtube] FhB_Dltkses: The following content is not available on this app.. Watch on the latest version of YouTube.
2026-03-13 04:24:16,490 - ERROR - エラー: https://www.youtube.com/watch?v=ts0mB8TPUA8 - [0;31mERROR:[0m [youtube] ts0mB8TPUA8: The following content is not available on this app.. Watch on the latest version of YouTube.
2026-03-13 04:24:17,493 - ERROR - エラー: https://www.youtube.com/watch?v=vCe41Z5JQ8Q - [0;31mERROR:[0m [youtube] vCe41Z5JQ8Q: The following content is not available on this app.. Watch on the latest version of YouTube.
2026-03-13 04:24:18,246 - ERROR - エラー: https://www.youtube.com/watch?v=C_Iaesb-3gw - [0;31mERROR:[0m [youtube] C_Iaesb-3gw: The following content is not available on this app.. Watch on the latest version of YouTube.
2026-03-13 04:24:19,191 - ERROR - エラー: https://www.youtube.com/watch?v=BaZeL5dKcFc - [0;31mERROR:[0m [youtube] BaZeL5dKcFc: The following content is not available on this app.. Watch on the latest version of YouTube.
2026-03-13 04:24:19,998 - ERROR - エラー: https://www.youtube.com/watch?v=k6A-Zb3EZa8 - [0;31mERROR:[0m [youtube] k6A-Zb3EZa8: The following content is not available on this app.. Watch on the latest version of YouTube.
2026-03-13 04:24:21,145 - ERROR - エラー: https://www.youtube.com/watch?v=ew9x-sbb0Lo - [0;31mERROR:[0m [youtube] ew9x-sbb0Lo: The following content is not available on this app.. Watch on the latest version of YouTube.
2026-03-13 04:24:22,112 - ERROR - エラー: https://www.youtube.com/watch?v=lEkTzRNjMcI - [0;31mERROR:[0m [youtube] lEkTzRNjMcI: The following content is not available on this app.. Watch on the latest version of YouTube.
2026-03-13 04:24:22,913 - ERROR - エラー: https://www.youtube.com/watch?v=ElbIUVdREOc - [0;31mERROR:[0m [youtube] ElbIUVdREOc: The following content is not available on this app.. Watch on the latest version of YouTube.
2026-03-13 04:24:23,671 - ERROR - エラー: https://www.youtube.com/watch?v=NzpiDD3z7OU - [0;31mERROR:[0m [youtube] NzpiDD3z7OU: The following content is not available on this app.. Watch on the latest version of YouTube.
2026-03-13 04:24:24,689 - ERROR - エラー: https://www.youtube.com/watch?v=xorJ0bEsAJQ - [0;31mERROR:[0m [youtube] xorJ0bEsAJQ: The following content is not available on this app.. Watch on the latest version of YouTube.
2026-03-13 04:24:25,658 - ERROR - エラー: https://www.youtube.com/watch?v=tFFq_vUblrs - [0;31mERROR:[0m [youtube] tFFq_vUblrs: The following content is not available on this app.. Watch on the latest version of YouTube.
2026-03-13 04:24:26,491 - ERROR - エラー: https://www.youtube.com/watch?v=gbqfaIiJOIg - [0;31mERROR:[0m [youtube] gbqfaIiJOIg: The following content is not available on this app.. Watch on the latest version of YouTube.
2026-03-13 04:24:27,928 - ERROR - エラー: https://www.youtube.com/watch?v=4n4eMyU4VoA - [0;31mERROR:[0m [youtube] 4n4eMyU4VoA: The following content is not available on this app.. Watch on the latest version of YouTube.
2026-03-13 04:24:28,238 - ERROR - エラー: https://www.youtube.com/watch?v=2vurme2JfyM - [0;31mERROR:[0m [youtube] 2vurme2JfyM: The following content is not available on this app.. Watch on the latest version of YouTube.
2026-03-13 04:24:29,017 - ERROR - エラー: https://www.youtube.com/watch?v=vE_rQTmDNmQ - [0;31mERROR:[0m [youtube] vE_rQTmDNmQ: The following content is not available on this app.. Watch on the latest version of YouTube.
2026-03-13 04:24:30,146 - ERROR - エラー: https://www.youtube.com/watch?v=MA9nUvnjAwM - [0;31mERROR:[0m [youtube] MA9nUvnjAwM: The following content is not available on this app.. Watch on the latest version of YouTube.
2026-03-13 04:24:31,194 - ERROR - エラー: https://www.youtube.com/watch?v=onpkNSi1ikQ - [0;31mERROR:[0m [youtube] onpkNSi1ikQ: The following content is not available on this app.. Watch on the latest version of YouTube.
2026-03-13 04:24:31,862 - ERROR - エラー: https://www.youtube.com/watch?v=2IikevhcRDE - [0;31mERROR:[0m [youtube] 2IikevhcRDE: The following content is not available on this app.. Watch on the latest version of YouTube.
2026-03-13 04:24:32,747 - ERROR - エラー: https://www.youtube.com/watch?v=qq9jXs5AmUE - [0;31mERROR:[0m [youtube] qq9jXs5AmUE: The following content is not available on this app.. Watch on the latest version of YouTube.
2026-03-13 04:24:33,651 - ERROR - エラー: https://www.youtube.com/watch?v=JCLPcEBT6VA - [0;31mERROR:[0m [youtube] JCLPcEBT6VA: The following content is not available on this app.. Watch on the latest version of YouTube.
2026-03-13 04:24:34,535 - ERROR - エラー: https://www.youtube.com/watch?v=p5Y9BAb1-uI - [0;31mERROR:[0m [youtube] p5Y9BAb1-uI: The following content is not available on this app.. Watch on the latest version of YouTube.
2026-03-13 04:24:35,408 - ERROR - エラー: https://www.youtube.com/watch?v=Kqw5C3oRZR8 - [0;31mERROR:[0m [youtube] Kqw5C3oRZR8: The following content is not available on this app.. Watch on the latest version of YouTube.
2026-03-13 04:24:36,319 - ERROR - エラー: https://www.youtube.com/watch?v=5uKyLcFTSW8 - [0;31mERROR:[0m [youtube] 5uKyLcFTSW8: The following content is not available on this app.. Watch on the latest version of YouTube.
2026-03-13 04:24:37,176 - ERROR - エラー: https://www.youtube.com/watch?v=bfPmuk1i-QY - [0;31mERROR:[0m [youtube] bfPmuk1i-QY: The following content is not available on this app.. Watch on the latest version of YouTube.
2026-03-13 04:24:38,046 - ERROR - エラー: https://www.youtube.com/watch?v=o_wTbW0Rcq0 - [0;31mERROR:[0m [youtube] o_wTbW0Rcq0: The following content is not available on this app.. Watch on the latest version of YouTube.
2026-03-13 04:24:38,976 - ERROR - エラー: https://www.youtube.com/watch?v=hVjsa0hThNo - [0;31mERROR:[0m [youtube] hVjsa0hThNo: The following content is not available on this app.. Watch on the latest version of YouTube.
2026-03-13 04:24:39,740 - ERROR - エラー: https://www.youtube.com/watch?v=LVLo3aQoEPs - [0;31mERROR:[0m [youtube] LVLo3aQoEPs: The following content is not available on this app.. Watch on the latest version of YouTube.
2026-03-13 04:24:40,336 - ERROR - エラー: https://www.youtube.com/watch?v=aWdNrLikl_s - [0;31mERROR:[0m [youtube] aWdNrLikl_s: The following content is not available on this app.. Watch on the latest version of YouTube.
2026-03-13 04:24:41,042 - ERROR - エラー: https://www.youtube.com/watch?v=xko16zCCEdU - [0;31mERROR:[0m [youtube] xko16zCCEdU: The following content is not available on this app.. Watch on the latest version of YouTube.
2026-03-13 11:17:17,466 - ERROR - エラー: https://www.youtube.com/watch?v=kwxCN7Bkmmk - [0;31mERROR:[0m [youtube] kwxCN7Bkmmk: Requested format is not available. Use --list-formats for a list of available formats
2026-03-13 11:18:02,471 - ERROR - エラー: https://www.youtube.com/watch?v=e0lpZ8G4oj0 - [0;31mERROR:[0m [youtube] e0lpZ8G4oj0: Requested format is not available. Use --list-formats for a list of available formats
2026-03-13 11:18:04,333 - ERROR - エラー: https://www.youtube.com/watch?v=0mBBH6wbvDc - [0;31mERROR:[0m [youtube] 0mBBH6wbvDc: Requested format is not available. Use --list-formats for a list of available formats
2026-03-13 11:18:14,872 - ERROR - エラー: https://www.youtube.com/watch?v=aYZM1X1guBs - [0;31mERROR:[0m [youtube] aYZM1X1guBs: Requested format is not available. Use --list-formats for a list of available formats
2026-03-13 11:18:17,893 - ERROR - エラー: https://www.youtube.com/watch?v=WWqP213Eu7o - [0;31mERROR:[0m [youtube] WWqP213Eu7o: Requested format is not available. Use --list-formats for a list of available formats
2026-03-13 11:18:20,187 - ERROR - エラー: https://www.youtube.com/watch?v=XHzEe-E_y1I - [0;31mERROR:[0m [youtube] XHzEe-E_y1I: Requested format is not available. Use --list-formats for a list of available formats
2026-03-13 11:18:38,159 - ERROR - エラー: https://www.youtube.com/watch?v=zQVNhVwKSjI - [0;31mERROR:[0m [youtube] zQVNhVwKSjI: Requested format is not available. Use --list-formats for a list of available formats
2026-03-13 11:19:37,687 - ERROR - エラー: https://www.youtube.com/watch?v=yQqcuJXmvG4 - [0;31mERROR:[0m [youtube] yQqcuJXmvG4: Requested format is not available. Use --list-formats for a list of available formats
2026-03-13 11:19:50,357 - ERROR - エラー: https://www.youtube.com/watch?v=jw55z9CLeno - [0;31mERROR:[0m [youtube] jw55z9CLeno: Requested format is not available. Use --list-formats for a list of available formats
2026-03-13 11:20:23,309 - ERROR - エラー: https://www.youtube.com/watch?v=wyvp81B-bec - [0;31mERROR:[0m [youtube] wyvp81B-bec: Requested format is not available. Use --list-formats for a list of available formats
2026-03-13 11:20:26,675 - ERROR - エラー: https://www.youtube.com/watch?v=4Wb2BFWema4 - [0;31mERROR:[0m [youtube] 4Wb2BFWema4: Requested format is not available. Use --list-formats for a list of available formats
2026-03-13 11:21:41,452 - ERROR - エラー: https://www.youtube.com/watch?v=C9u8OeK2Qt4 - [0;31mERROR:[0m [youtube] C9u8OeK2Qt4: Requested format is not available. Use --list-formats for a list of available formats
2026-03-13 11:21:47,674 - ERROR - エラー: https://www.youtube.com/watch?v=GqJNK7YThR8 - [0;31mERROR:[0m [youtube] GqJNK7YThR8: Requested format is not available. Use --list-formats for a list of available formats
2026-03-13 11:23:04,141 - ERROR - エラー: https://www.youtube.com/watch?v=qA-WE2BA7Lk - [0;31mERROR:[0m [youtube] qA-WE2BA7Lk: Requested format is not available. Use --list-formats for a list of available formats
2026-03-13 11:23:25,975 - ERROR - エラー: https://www.youtube.com/watch?v=3rUc1qgON2g - [0;31mERROR:[0m [youtube] 3rUc1qgON2g: Requested format is not available. Use --list-formats for a list of available formats
2026-03-13 11:23:31,342 - ERROR - エラー: https://www.youtube.com/watch?v=DpP1CHOmZgc - [0;31mERROR:[0m [youtube] DpP1CHOmZgc: Requested format is not available. Use --list-formats for a list of available formats
2026-03-13 11:23:32,661 - ERROR - エラー: https://www.youtube.com/watch?v=UC87sn2DXI0 - [0;31mERROR:[0m 'cookies.txt' does not look like a Netscape format cookies file
2026-03-13 11:23:40,722 - ERROR - エラー: https://www.youtube.com/watch?v=o8-94ozVCF4 - [0;31mERROR:[0m [youtube] o8-94ozVCF4: Requested format is not available. Use --list-formats for a list of available formats
2026-03-13 11:23:47,733 - ERROR - エラー: https://www.youtube.com/watch?v=UdqEb9aUByM - [0;31mERROR:[0m [youtube] UdqEb9aUByM: Requested format is not available. Use --list-formats for a list of available formats
2026-03-13 11:23:58,733 - ERROR - エラー: https://www.youtube.com/watch?v=SJEUAJihHSo - [0;31mERROR:[0m [youtube] SJEUAJihHSo: Requested format is not available. Use --list-formats for a list of available formats
2026-03-13 11:24:24,355 - ERROR - エラー: https://www.youtube.com/watch?v=ZCL65U0e3aA - [0;31mERROR:[0m [youtube] ZCL65U0e3aA: Requested format is not available. Use --list-formats for a list of available formats
2026-03-13 11:24:30,396 - ERROR - エラー: https://www.youtube.com/watch?v=fAVN16jkWhU - [0;31mERROR:[0m [youtube] fAVN16jkWhU: Requested format is not available. Use --list-formats for a list of available formats
2026-03-13 11:24:33,697 - ERROR - エラー: https://www.youtube.com/watch?v=vGjcntd5jgY - [0;31mERROR:[0m [youtube] vGjcntd5jgY: Requested format is not available. Use --list-formats for a list of available formats
2026-03-13 11:24:37,804 - ERROR - エラー: https://www.youtube.com/watch?v=d5w-Y2trAqw - [0;31mERROR:[0m [youtube] d5w-Y2trAqw: Requested format is not available. Use --list-formats for a list of available formats
2026-03-13 11:24:38,857 - ERROR - エラー: https://www.youtube.com/watch?v=I9WNxbOdf3U - [0;31mERROR:[0m [youtube] I9WNxbOdf3U: Requested format is not available. Use --list-formats for a list of available formats
2026-03-13 11:24:42,767 - ERROR - エラー: https://www.youtube.com/watch?v=cGtgfe_1WOc - [0;31mERROR:[0m [youtube] cGtgfe_1WOc: Requested format is not available. Use --list-formats for a list of available formats
2026-03-13 11:24:45,249 - ERROR - エラー: https://www.youtube.com/watch?v=JrWkGHFdNQw - [0;31mERROR:[0m [youtube] JrWkGHFdNQw: Requested format is not available. Use --list-formats for a list of available formats
2026-03-13 11:24:46,445 - ERROR - エラー: https://www.youtube.com/watch?v=8LtHKad7wpk - [0;31mERROR:[0m [youtube] 8LtHKad7wpk: Requested format is not available. Use --list-formats for a list of available formats
2026-03-13 11:25:03,290 - ERROR - エラー: https://www.youtube.com/watch?v=_BchhXQvgBs - [0;31mERROR:[0m [youtube] _BchhXQvgBs: Requested format is not available. Use --list-formats for a list of available formats
2026-03-13 11:25:05,882 - ERROR - エラー: https://www.youtube.com/watch?v=BBr5ILK3y7E - [0;31mERROR:[0m [youtube] BBr5ILK3y7E: Requested format is not available. Use --list-formats for a list of available formats
2026-03-13 11:25:16,154 - ERROR - エラー: https://www.youtube.com/watch?v=BQzXpoGpKyg - [0;31mERROR:[0m [youtube] BQzXpoGpKyg: Requested format is not available. Use --list-formats for a list of available formats
2026-03-13 11:25:26,195 - ERROR - エラー: https://www.youtube.com/watch?v=cRH4cN9CRpc - [0;31mERROR:[0m [youtube] cRH4cN9CRpc: Requested format is not available. Use --list-formats for a list of available formats
2026-03-13 11:25:39,833 - ERROR - エラー: https://www.youtube.com/watch?v=M17nH0HloR0 - [0;31mERROR:[0m [youtube] M17nH0HloR0: Requested format is not available. Use --list-formats for a list of available formats
2026-03-13 11:25:40,834 - ERROR - エラー: https://www.youtube.com/watch?v=WNkEczN8WuA - [0;31mERROR:[0m [youtube] WNkEczN8WuA: Requested format is not available. Use --list-formats for a list of available formats
2026-03-13 11:25:43,999 - ERROR - エラー: https://www.youtube.com/watch?v=jefNUWfWB7g - [0;31mERROR:[0m [youtube] jefNUWfWB7g: Requested format is not available. Use --list-formats for a list of available formats
2026-03-13 11:25:55,975 - ERROR - エラー: https://www.youtube.com/watch?v=t1CHzMdcdAs - [0;31mERROR:[0m [youtube] t1CHzMdcdAs: Requested format is not available. Use --list-formats for a list of available formats
2026-03-13 11:26:01,151 - ERROR - エラー: https://www.youtube.com/watch?v=nKoA6bwNqvg - [0;31mERROR:[0m [youtube] nKoA6bwNqvg: Requested format is not available. Use --list-formats for a list of available formats
2026-03-13 11:26:03,462 - ERROR - エラー: https://www.youtube.com/watch?v=cRLlQ8aOqYE - [0;31mERROR:[0m [youtube] cRLlQ8aOqYE: Requested format is not available. Use --list-formats for a list of available formats
2026-03-13 11:26:06,183 - ERROR - エラー: https://www.youtube.com/watch?v=IQLX8IV8gFs - [0;31mERROR:[0m [youtube] IQLX8IV8gFs: Requested format is not available. Use --list-formats for a list of available formats
2026-03-13 11:26:13,968 - ERROR - エラー: https://www.youtube.com/watch?v=vTYgpx1DTVg - [0;31mERROR:[0m [youtube] vTYgpx1DTVg: Requested format is not available. Use --list-formats for a list of available formats
2026-03-13 11:26:17,751 - ERROR - エラー: https://www.youtube.com/watch?v=HS0wGXOZusc - [0;31mERROR:[0m [youtube] HS0wGXOZusc: Requested format is not available. Use --list-formats for a list of available formats
2026-03-13 11:26:24,624 - ERROR - エラー: https://www.youtube.com/watch?v=1BI_sB3Rc7Y - [0;31mERROR:[0m [youtube] 1BI_sB3Rc7Y: Requested format is not available. Use --list-formats for a list of available formats
2026-03-13 11:26:30,969 - ERROR - エラー: https://www.youtube.com/watch?v=4Sdj5MQGCFc - [0;31mERROR:[0m [youtube] 4Sdj5MQGCFc: Requested format is not available. Use --list-formats for a list of available formats
2026-03-13 11:33:55,417 - ERROR - エラー: https://www.youtube.com/watch?v=IYjn14IEWas - [0;31mERROR:[0m [youtube] IYjn14IEWas: Requested format is not available. Use --list-formats for a list of available formats
2026-03-13 11:34:02,436 - ERROR - エラー: https://www.youtube.com/watch?v=_Dg9p0g9yYQ - [0;31mERROR:[0m [youtube] _Dg9p0g9yYQ: Requested format is not available. Use --list-formats for a list of available formats
2026-03-13 11:34:04,526 - ERROR - エラー: https://www.youtube.com/watch?v=xW90Z0_Wn2I - [0;31mERROR:[0m [youtube] xW90Z0_Wn2I: Requested format is not available. Use --list-formats for a list of available formats
2026-03-13 11:34:11,177 - ERROR - エラー: https://www.youtube.com/watch?v=yOGDEMkdCMM - [0;31mERROR:[0m [youtube] yOGDEMkdCMM: Requested format is not available. Use --list-formats for a list of available formats
2026-03-13 11:34:25,685 - ERROR - エラー: https://www.youtube.com/watch?v=H0iHxFLIbmI - [0;31mERROR:[0m [youtube] H0iHxFLIbmI: Requested format is not available. Use --list-formats for a list of available formats
2026-03-13 11:35:21,325 - ERROR - エラー: https://www.youtube.com/watch?v=XGqK9sBHrPQ - [0;31mERROR:[0m [youtube] XGqK9sBHrPQ: Requested format is not available. Use --list-formats for a list of available formats
2026-03-13 11:35:21,827 - ERROR - エラー: https://www.youtube.com/watch?v=WfgOY7xqjNg - [0;31mERROR:[0m [youtube] WfgOY7xqjNg: Requested format is not available. Use --list-formats for a list of available formats
2026-03-13 11:39:51,708 - ERROR - エラー: https://www.youtube.com/watch?v=B6GSnSsAYl8 - [0;31mERROR:[0m [youtube] B6GSnSsAYl8: Requested format is not available. Use --list-formats for a list of available formats
2026-03-13 11:39:55,456 - ERROR - エラー: https://www.youtube.com/watch?v=d55lTmIVekE - [0;31mERROR:[0m [youtube] d55lTmIVekE: Requested format is not available. Use --list-formats for a list of available formats
2026-03-13 11:39:55,511 - ERROR - エラー: https://www.youtube.com/watch?v=uQoGMWophIM - [0;31mERROR:[0m [youtube] uQoGMWophIM: Requested format is not available. Use --list-formats for a list of available formats
2026-03-13 11:40:03,954 - ERROR - エラー: https://www.youtube.com/watch?v=F9dRRBWFspk - [0;31mERROR:[0m [youtube] F9dRRBWFspk: Requested format is not available. Use --list-formats for a list of available formats
2026-03-13 11:40:08,270 - ERROR - エラー: https://www.youtube.com/watch?v=KMbZXyEPg9s - [0;31mERROR:[0m [youtube] KMbZXyEPg9s: Requested format is not available. Use --list-formats for a list of available formats
2026-03-13 11:42:19,241 - ERROR - エラー: https://www.youtube.com/watch?v=CKYH-9ZY8lg - [0;31mERROR:[0m [youtube] CKYH-9ZY8lg: Requested format is not available. Use --list-formats for a list of available formats
2026-03-13 11:42:46,479 - ERROR - エラー: https://www.youtube.com/watch?v=d1rK1-vPtzI - [0;31mERROR:[0m [youtube] d1rK1-vPtzI: Requested format is not available. Use --list-formats for a list of available formats
2026-03-13 11:43:01,025 - ERROR - エラー: https://www.youtube.com/watch?v=ODnesvRAehA - [0;31mERROR:[0m [youtube] ODnesvRAehA: Requested format is not available. Use --list-formats for a list of available formats
2026-03-13 11:43:08,111 - ERROR - エラー: https://www.youtube.com/watch?v=JDVvzF6YcMo - [0;31mERROR:[0m [youtube] JDVvzF6YcMo: Requested format is not available. Use --list-formats for a list of available formats
2026-03-13 11:43:18,994 - ERROR - エラー: https://www.youtube.com/watch?v=xcRyHLB2jBo - [0;31mERROR:[0m [youtube] xcRyHLB2jBo: Requested format is not available. Use --list-formats for a list of available formats
2026-03-13 11:44:27,504 - ERROR - エラー: https://www.youtube.com/watch?v=mtwnvPLAO9I - [0;31mERROR:[0m [youtube] mtwnvPLAO9I: Requested format is not available. Use --list-formats for a list of available formats
2026-03-13 11:44:33,355 - ERROR - エラー: https://www.youtube.com/watch?v=qSLUJwVqqEM - [0;31mERROR:[0m [youtube] qSLUJwVqqEM: Requested format is not available. Use --list-formats for a list of available formats
2026-03-13 11:44:47,873 - ERROR - エラー: https://www.youtube.com/watch?v=e_aadXExq8w - [0;31mERROR:[0m [youtube] e_aadXExq8w: Requested format is not available. Use --list-formats for a list of available formats
2026-03-13 11:45:48,710 - ERROR - エラー: https://www.youtube.com/watch?v=7roAFwDxCkg - [0;31mERROR:[0m [youtube] 7roAFwDxCkg: Requested format is not available. Use --list-formats for a list of available formats
2026-03-13 11:46:00,861 - ERROR - エラー: https://www.youtube.com/watch?v=WGCUjeCwG-U - [0;31mERROR:[0m [youtube] WGCUjeCwG-U: Requested format is not available. Use --list-formats for a list of available formats
2026-03-13 11:46:02,208 - ERROR - エラー: https://www.youtube.com/watch?v=x6QD7cOgWuU - [0;31mERROR:[0m [youtube] x6QD7cOgWuU: Requested format is not available. Use --list-formats for a list of available formats
2026-03-13 11:46:07,274 - ERROR - エラー: https://www.youtube.com/watch?v=h1hmjjH8uZc - [0;31mERROR:[0m [youtube] h1hmjjH8uZc: Requested format is not available. Use --list-formats for a list of available formats
2026-03-13 11:46:11,058 - ERROR - エラー: https://www.youtube.com/watch?v=l_O3xma8iKI - [0;31mERROR:[0m [youtube] l_O3xma8iKI: Requested format is not available. Use --list-formats for a list of available formats
2026-03-13 11:46:19,007 - ERROR - エラー: https://www.youtube.com/watch?v=mTz8fk6-L9E - [0;31mERROR:[0m [youtube] mTz8fk6-L9E: Requested format is not available. Use --list-formats for a list of available formats
2026-03-13 11:46:26,987 - ERROR - エラー: https://www.youtube.com/watch?v=VfpKjODqSQ0 - [0;31mERROR:[0m [youtube] VfpKjODqSQ0: Requested format is not available. Use --list-formats for a list of available formats
2026-03-13 11:46:49,276 - ERROR - エラー: https://www.youtube.com/watch?v=1FiJgaD7RiM - [0;31mERROR:[0m [youtube] 1FiJgaD7RiM: Requested format is not available. Use --list-formats for a list of available formats
2026-03-13 11:47:08,958 - ERROR - エラー: https://www.youtube.com/watch?v=x_X8uZq5SBE - [0;31mERROR:[0m [youtube] x_X8uZq5SBE: Requested format is not available. Use --list-formats for a list of available formats
2026-03-13 11:47:34,601 - ERROR - エラー: https://www.youtube.com/watch?v=FkcanLiz07c - [0;31mERROR:[0m [youtube] FkcanLiz07c: Requested format is not available. Use --list-formats for a list of available formats
2026-03-13 11:47:48,525 - ERROR - エラー: https://www.youtube.com/watch?v=NOuL13aEL1o - [0;31mERROR:[0m [youtube] NOuL13aEL1o: Requested format is not available. Use --list-formats for a list of available formats
2026-03-13 11:47:58,042 - ERROR - エラー: https://www.youtube.com/watch?v=YJl7TA13yOE - [0;31mERROR:[0m [youtube] YJl7TA13yOE: Requested format is not available. Use --list-formats for a list of available formats
2026-03-13 11:48:05,331 - ERROR - エラー: https://www.youtube.com/watch?v=LgcPU9m33ns - [0;31mERROR:[0m [youtube] LgcPU9m33ns: Requested format is not available. Use --list-formats for a list of available formats
2026-03-13 11:48:11,761 - ERROR - エラー: https://www.youtube.com/watch?v=eolL3djg4x0 - [0;31mERROR:[0m [youtube] eolL3djg4x0: Requested format is not available. Use --list-formats for a list of available formats
2026-03-13 11:48:12,071 - ERROR - エラー: https://www.youtube.com/watch?v=FggB2utqsXw - [0;31mERROR:[0m [youtube] FggB2utqsXw: Requested format is not available. Use --list-formats for a list of available formats
2026-03-13 11:48:19,260 - ERROR - エラー: https://www.youtube.com/watch?v=mxQLb-0dkbA - [0;31mERROR:[0m [youtube] mxQLb-0dkbA: Requested format is not available. Use --list-formats for a list of available formats
2026-03-13 11:48:23,114 - ERROR - エラー: https://www.youtube.com/watch?v=XrNBak3XDhU - [0;31mERROR:[0m [youtube] XrNBak3XDhU: Requested format is not available. Use --list-formats for a list of available formats
2026-03-13 11:48:29,795 - ERROR - エラー: https://www.youtube.com/watch?v=oecLxJJF-yE - [0;31mERROR:[0m [youtube] oecLxJJF-yE: Requested format is not available. Use --list-formats for a list of available formats
2026-03-13 11:48:32,290 - ERROR - エラー: https://www.youtube.com/watch?v=5w-Ve0vAvnA - [0;31mERROR:[0m [youtube] 5w-Ve0vAvnA: Requested format is not available. Use --list-formats for a list of available formats
2026-03-13 11:48:40,508 - ERROR - エラー: https://www.youtube.com/watch?v=zsNqtPnYmCI - [0;31mERROR:[0m [youtube] zsNqtPnYmCI: Requested format is not available. Use --list-formats for a list of available formats
2026-03-13 11:48:45,034 - ERROR - エラー: https://www.youtube.com/watch?v=608v0YODico - [0;31mERROR:[0m [youtube] 608v0YODico: Requested format is not available. Use --list-formats for a list of available formats
2026-03-13 11:48:55,969 - ERROR - エラー: https://www.youtube.com/watch?v=RQY6tcmYrB0 - [0;31mERROR:[0m [youtube] RQY6tcmYrB0: Requested format is not available. Use --list-formats for a list of available formats
2026-03-13 11:51:04,980 - ERROR - エラー: https://www.youtube.com/watch?v=_sHXc0cqkh4 - [0;31mERROR:[0m [youtube] _sHXc0cqkh4: Requested format is not available. Use --list-formats for a list of available formats
2026-03-13 11:51:16,159 - ERROR - エラー: https://www.youtube.com/watch?v=RTZwbc13aSk - [0;31mERROR:[0m [youtube] RTZwbc13aSk: Requested format is not available. Use --list-formats for a list of available formats
2026-03-13 12:21:03,924 - ERROR - エラー: https://www.youtube.com/watch?v=XlQ2aegtzcs - [0;31mERROR:[0m Unable to download video subtitles for 'live_chat': [0;31mERROR:[0m [download] Got error: HTTP Error 503: Service Unavailable
2026-03-13 13:51:13,890 - ERROR - エラー: https://www.youtube.com/watch?v=SGS6fX5HcaU - [0;31mERROR:[0m Unable to download video subtitles for 'live_chat': [0;31mERROR:[0m [download] Got error: HTTP Error 503: Service Unavailable
2026-03-13 14:11:22,060 - ERROR - エラー: https://www.youtube.com/watch?v=HNo9ZOrPXbQ - [0;31mERROR:[0m Unable to download video subtitles for 'live_chat': [0;31mERROR:[0m [download] Got error: ('Connection aborted.', ConnectionResetError(10054, '既存の接続はリモート ホストに強制的に切断されました。', None, 10054, None))
2026-03-13 14:11:22,071 - ERROR - エラー: https://www.youtube.com/watch?v=f62fJOD695I - [0;31mERROR:[0m Unable to download video subtitles for 'live_chat': [0;31mERROR:[0m [download] Got error: ("Connection broken: ConnectionResetError(10054, '既存の接続はリモート ホストに強制的に切断されました。', None, 10054, None)", ConnectionResetError(10054, '既存の接続はリモート ホストに強制的に切断されました。', None, 10054, None))
2026-03-13 14:11:23,157 - ERROR - エラー: https://www.youtube.com/watch?v=QKEvCN2TC_8 - [0;31mERROR:[0m Unable to download video subtitles for 'live_chat': [0;31mERROR:[0m [download] Got error: ('Connection aborted.', ConnectionResetError(10054, '既存の接続はリモート ホストに強制的に切断されました。', None, 10054, None))
2026-03-13 14:11:23,525 - ERROR - エラー: https://www.youtube.com/watch?v=CZ9sm-WgGLk - [0;31mERROR:[0m Unable to download video subtitles for 'live_chat': [0;31mERROR:[0m [download] Got error: ('Connection aborted.', ConnectionResetError(10054, '既存の接続はリモート ホストに強制的に切断されました。', None, 10054, None))
2026-03-13 14:11:24,201 - ERROR - エラー: https://www.youtube.com/watch?v=r_gq0R1ziho - [0;31mERROR:[0m 'cookies.txt' does not look like a Netscape format cookies file
2026-03-13 14:11:24,501 - ERROR - エラー: https://www.youtube.com/watch?v=m-XbViEpU4Y - [0;31mERROR:[0m 'cookies.txt' does not look like a Netscape format cookies file
2026-03-13 14:47:54,627 - ERROR - エラー: https://www.youtube.com/watch?v=C9N1XP0jB5M - [0;31mERROR:[0m Unable to download video subtitles for 'live_chat': [0;31mERROR:[0m [download] Got error: HTTP Error 503: Service Unavailable
2026-03-15 00:22:23,980 - ERROR - エラー: https://www.youtube.com/watch?v=7peXqhEm0SY - [0;31mERROR:[0m Unable to download video subtitles for 'live_chat': [0;31mERROR:[0m unable to write data: [Errno 28] No space left on device
2026-03-15 00:22:24,374 - ERROR - エラー: https://www.youtube.com/watch?v=Bs5tlCPgmR0 - [0;31mERROR:[0m Unable to download video subtitles for 'live_chat': [0;31mERROR:[0m unable to write data: [Errno 28] No space left on device
2026-03-15 00:22:26,278 - ERROR - エラー: https://www.youtube.com/watch?v=oG6K2Rm5jQY - [0;31mERROR:[0m Unable to download video subtitles for 'live_chat': [0;31mERROR:[0m unable to write data: [Errno 28] No space left on device
2026-03-15 00:22:29,142 - ERROR - エラー: https://www.youtube.com/watch?v=EBBPBPA9xis - [0;31mERROR:[0m Unable to download video subtitles for 'live_chat': [Errno 28] No space left on device
2026-03-15 00:22:29,149 - ERROR - 【Minecraft】どーなつ屋さん作るのだ～！🍩【 ぶいすぽ  / 花芽すみれ 】 の取得中にエラー発生: [Errno 28] No space left on device
2026-03-15 00:22:29,518 - ERROR - エラー: https://www.youtube.com/watch?v=g-bN6gisi3g - [0;31mERROR:[0m Unable to download video subtitles for 'live_chat': [Errno 28] No space left on device
2026-03-15 00:22:29,660 - ERROR - #花芽すみれ3D うおおおおお！！【 ぶいすぽ  / 花芽すみれ 】 の取得中にエラー発生: [Errno 28] No space left on device
2026-03-15 00:22:29,897 - ERROR - エラー: https://www.youtube.com/watch?v=TlNzWbXdJ7c - [0;31mERROR:[0m 'cookies.txt' does not look like a Netscape format cookies file
2026-03-15 00:22:30,041 - ERROR - 【APEX】にゃほ～ with らむね せな【 ぶいすぽ  / 花芽すみれ 】 の取得中にエラー発生: [0;31mERROR:[0m 'cookies.txt' does not look like a Netscape format cookies file
2026-03-15 00:22:30,052 - ERROR - エラー: https://www.youtube.com/watch?v=ntaqvL-eSUg - [0;31mERROR:[0m 'cookies.txt' does not look like a Netscape format cookies file
2026-03-15 00:22:30,208 - ERROR - 【VALORANT】ふるぱばろする？【 ぶいすぽ / 花芽すみれ】 の取得中にエラー発生: [0;31mERROR:[0m 'cookies.txt' does not look like a Netscape format cookies file
2026-03-15 00:22:30,777 - ERROR - エラー: https://www.youtube.com/watch?v=tLPXJoztpPk - [0;31mERROR:[0m 'cookies.txt' does not look like a Netscape format cookies file
2026-03-15 00:22:30,866 - ERROR - なにする？【 ぶいすぽ / 花芽すみれ】 の取得中にエラー発生: [0;31mERROR:[0m 'cookies.txt' does not look like a Netscape format cookies file
2026-03-15 00:22:30,888 - ERROR - エラー: https://www.youtube.com/watch?v=UF1bgUItpaY - [0;31mERROR:[0m 'cookies.txt' does not look like a Netscape format cookies file
2026-03-15 00:22:31,012 - ERROR - 【RUST】帰ってきたでょ～【 ぶいすぽ / 花芽すみれ】 の取得中にエラー発生: [0;31mERROR:[0m 'cookies.txt' does not look like a Netscape format cookies file
2026-03-15 00:22:31,147 - ERROR - エラー: https://www.youtube.com/watch?v=UXjw0yciHIs - [0;31mERROR:[0m 'cookies.txt' does not look like a Netscape format cookies file
2026-03-15 00:22:31,478 - ERROR - おっとっと言えた～ の取得中にエラー発生: [0;31mERROR:[0m 'cookies.txt' does not look like a Netscape format cookies file
2026-03-15 00:22:31,671 - ERROR - エラー: https://www.youtube.com/watch?v=xYJDl7GtX1w - [0;31mERROR:[0m 'cookies.txt' does not look like a Netscape format cookies file
2026-03-15 00:22:31,928 - ERROR - 【RUST】すみれは起き上がった【 ぶいすぽ / 花芽すみれ】 の取得中にエラー発生: [0;31mERROR:[0m 'cookies.txt' does not look like a Netscape format cookies file
2026-03-15 00:22:31,939 - ERROR - エラー: https://www.youtube.com/watch?v=K9no2ZtKGUc - [0;31mERROR:[0m 'cookies.txt' does not look like a Netscape format cookies file
2026-03-15 00:22:33,308 - ERROR - エラー: https://www.youtube.com/watch?v=9LwObCDoQ5w - [0;31mERROR:[0m 'cookies.txt' does not look like a Netscape format cookies file
2026-03-15 00:22:36,735 - ERROR - エラー: https://www.youtube.com/watch?v=igWt83SFXJ4 - [0;31mERROR:[0m [youtube] igWt83SFXJ4: Requested format is not available. Use --list-formats for a list of available formats
2026-03-15 00:22:38,018 - ERROR - 【RUST】クラメンが増えた🤭 後は食料と武器【 ぶいすぽ / 花芽すみれ】 の取得中にエラー発生: [0;31mERROR:[0m 'cookies.txt' does not look like a Netscape format cookies file
2026-03-15 00:22:40,247 - ERROR - エラー: https://www.youtube.com/watch?v=iw2ufjmg0yg - [0;31mERROR:[0m Unable to download video subtitles for 'live_chat': [0;31mERROR:[0m unable to write data: [Errno 28] No space left on device
2026-03-15 00:22:48,786 - ERROR - エラー: https://www.youtube.com/watch?v=ASdYJOpvq2w - [0;31mERROR:[0m Unable to download video subtitles for 'live_chat': [0;31mERROR:[0m unable to write data: [Errno 28] No space left on device
2026-03-15 00:22:48,795 - ERROR - 【APEX】V最協  悔し涙じゃなくて嬉し涙を#EMAWIN【 ぶいすぽ  / 花芽すみれ 】 の取得中にエラー発生: [Errno 28] No space left on device
2026-03-15 00:22:48,800 - ERROR - エラー: https://www.youtube.com/watch?v=mxjhlAfLoPw - [0;31mERROR:[0m Unable to download video subtitles for 'live_chat': [Errno 28] No space left on device
2026-03-15 00:22:48,881 - ERROR - おつかれさま～【 ぶいすぽ / 花芽すみれ】 の取得中にエラー発生: [Errno 28] No space left on device
2026-03-15 00:22:48,881 - ERROR - エラー: https://www.youtube.com/watch?v=GV7EqMr5zIs - [0;31mERROR:[0m Unable to download video subtitles for 'live_chat': [0;31mERROR:[0m unable to write data: [Errno 28] No space left on device
2026-03-15 00:22:51,411 - ERROR - エラー: https://www.youtube.com/watch?v=zXZW9ZhY70E - [0;31mERROR:[0m Unable to download video subtitles for 'live_chat': [0;31mERROR:[0m unable to write data: [Errno 28] No space left on device
2026-03-15 00:22:55,662 - ERROR - エラー: https://www.youtube.com/watch?v=DQyh3OUQ7yM - [0;31mERROR:[0m Unable to download video subtitles for 'live_chat': [Errno 28] No space left on device
2026-03-15 00:22:58,352 - ERROR - エラー: https://www.youtube.com/watch?v=bHlrZkAOR3E - [0;31mERROR:[0m Unable to download video subtitles for 'live_chat': [Errno 28] No space left on device
2026-03-15 00:22:58,354 - ERROR - 【APEX】V最協カスタム チャンピオン取りたい👑【 ぶいすぽ  / 花芽すみれ 】 の取得中にエラー発生: [Errno 28] No space left on device
2026-03-15 00:22:58,808 - ERROR - エラー: https://www.youtube.com/watch?v=T3zQqFp5KNM - [0;31mERROR:[0m Unable to download video subtitles for 'live_chat': [0;31mERROR:[0m unable to write data: [Errno 28] No space left on device
2026-03-15 00:22:58,823 - ERROR - エラー: https://www.youtube.com/watch?v=mcBTiXnkINA - [0;31mERROR:[0m 'cookies.txt' does not look like a Netscape format cookies file
2026-03-15 00:23:01,747 - ERROR - エラー: https://www.youtube.com/watch?v=Gxo8n16LcFI - [0;31mERROR:[0m Unable to download video subtitles for 'live_chat': [Errno 28] No space left on device
2026-03-15 00:23:01,762 - ERROR - 【APEX】えぺぺ～ ❕→ V最協カスタム【 ぶいすぽ  / 花芽すみれ 】 の取得中にエラー発生: [Errno 28] No space left on device
2026-03-15 00:23:02,056 - ERROR - エラー: https://www.youtube.com/watch?v=qZdFnrcxOyc - [0;31mERROR:[0m 'cookies.txt' does not look like a Netscape format cookies file
2026-03-15 00:23:02,143 - ERROR - 【お絵描き心理テスト】本性が出ちゃう？！？！😅【 ぶいすぽ / 花芽すみれ】 の取得中にエラー発生: [0;31mERROR:[0m 'cookies.txt' does not look like a Netscape format cookies file
2026-03-15 00:23:02,374 - ERROR - エラー: https://www.youtube.com/watch?v=UpR8ikwDSyc - [0;31mERROR:[0m 'cookies.txt' does not look like a Netscape format cookies file
2026-03-15 00:23:02,377 - ERROR - 【APEX】チム練いくよん【 ぶいすぽ / 花芽すみれ】 の取得中にエラー発生: [0;31mERROR:[0m 'cookies.txt' does not look like a Netscape format cookies file
2026-03-15 00:23:02,759 - ERROR - エラー: https://www.youtube.com/watch?v=_d0AHBgkgks - [0;31mERROR:[0m 'cookies.txt' does not look like a Netscape format cookies file
2026-03-15 00:23:02,893 - ERROR - 【#花芽すみれ誕生日】今年も誕生日だ～～～～！！✨告知いっぱい【 ぶいすぽ 】 の取得中にエラー発生: [0;31mERROR:[0m 'cookies.txt' does not look like a Netscape format cookies file
2026-03-15 00:23:08,216 - ERROR - エラー: https://www.youtube.com/watch?v=V8ekWdfpNZE - [0;31mERROR:[0m [youtube] V8ekWdfpNZE: Requested format is not available. Use --list-formats for a list of available formats
2026-03-15 00:23:08,218 - ERROR - 【APEX】”はじまりの日”  V最カスタム開始！【 ぶいすぽ / 花芽すみれ】 の取得中にエラー発生: [Errno 28] No space left on device
2026-03-15 00:23:08,730 - ERROR - エラー: https://www.youtube.com/watch?v=EtNFFSP_vR4 - [0;31mERROR:[0m [youtube] EtNFFSP_vR4: Requested format is not available. Use --list-formats for a list of available formats
2026-03-15 00:23:08,732 - ERROR - 【APEX】V最協カスタム2日目。バンガかな？レイスかな？【 ぶいすぽ / 花芽すみれ】 の取得中にエラー発生: [Errno 28] No space left on device
2026-03-15 00:23:09,535 - ERROR - エラー: https://www.youtube.com/watch?v=klgTKbNlipQ - [0;31mERROR:[0m [youtube] klgTKbNlipQ: Requested format is not available. Use --list-formats for a list of available formats
2026-03-15 00:23:09,537 - ERROR - 【#花芽すみれ新衣装】お待たせしすぎました💤 新OPもお披露目！【 ぶいすぽ  / 花芽すみれ 】 の取得中にエラー発生: [Errno 28] No space left on device
2026-03-15 00:23:11,820 - ERROR - エラー: https://www.youtube.com/watch?v=Qf0eZH0mzhg - [0;31mERROR:[0m [youtube] Qf0eZH0mzhg: Requested format is not available. Use --list-formats for a list of available formats
2026-03-15 00:23:11,822 - ERROR - ゆる～り新OP  |  げむげむ☆おーばー【 花芽すみれ 】 の取得中にエラー発生: [Errno 28] No space left on device
2026-03-17 00:52:22,640 - ERROR - エラー: https://www.youtube.com/watch?v=FmI8_OK2npU - [0;31mERROR:[0m 'cookies.txt' does not look like a Netscape format cookies file
2026-03-17 00:52:22,645 - ERROR - エラー: https://www.youtube.com/watch?v=M4SDk49PRUg - [0;31mERROR:[0m 'cookies.txt' does not look like a Netscape format cookies file
2026-03-17 00:52:22,674 - ERROR - エラー: https://www.youtube.com/watch?v=rggyeAlmBlk - [0;31mERROR:[0m 'cookies.txt' does not look like a Netscape format cookies file
2026-03-17 00:52:22,678 - ERROR - ただいま～【 ぶいすぽ  / 花芽すみれ 】 の取得中にエラー発生: [0;31mERROR:[0m 'cookies.txt' does not look like a Netscape format cookies file
2026-03-17 00:52:22,678 - ERROR - 【#SMRCUSTOM 】SUMIRE CUSTOM：PUBG 神視点！ﾄﾞﾘｬ【 ぶいすぽ  / 花芽すみれ 】 の取得中にエラー発生: [0;31mERROR:[0m 'cookies.txt' does not look like a Netscape format cookies file
2026-03-17 00:52:22,679 - ERROR - 🪐『惑星ループ』 - Cover 花芽すみれ の取得中にエラー発生: [0;31mERROR:[0m 'cookies.txt' does not look like a Netscape format cookies file
2026-03-17 00:52:22,685 - ERROR - エラー: https://www.youtube.com/watch?v=BsmYhp0Nr3I - [0;31mERROR:[0m 'cookies.txt' does not look like a Netscape format cookies file
2026-03-17 00:52:22,687 - ERROR - エラー: https://www.youtube.com/watch?v=6dl7dZ12MtQ - [0;31mERROR:[0m 'cookies.txt' does not look like a Netscape format cookies file
2026-03-17 00:52:22,770 - ERROR - 【#SMRCUSTOM 】チーム発表とルール説明するよ！！【 ぶいすぽ  / 花芽すみれ 】 の取得中にエラー発生: [0;31mERROR:[0m 'cookies.txt' does not look like a Netscape format cookies file
2026-03-17 00:52:22,777 - ERROR - ンワ～【 ぶいすぽ / 花芽すみれ 】 の取得中にエラー発生: [0;31mERROR:[0m 'cookies.txt' does not look like a Netscape format cookies file
2026-03-17 00:52:23,722 - ERROR - エラー: https://www.youtube.com/watch?v=1RKNyJA1X8k - [0;31mERROR:[0m 'cookies.txt' does not look like a Netscape format cookies file
2026-03-17 00:52:23,752 - ERROR - エラー: https://www.youtube.com/watch?v=e1s-3i3sX8w - [0;31mERROR:[0m 'cookies.txt' does not look like a Netscape format cookies file
2026-03-17 00:52:23,801 - ERROR - 【Minecraft】でっかい水族館つくりたいな🎶【 ぶいすぽ  / 花芽すみれ 】 の取得中にエラー発生: [0;31mERROR:[0m 'cookies.txt' does not look like a Netscape format cookies file
2026-03-17 00:52:23,817 - ERROR - エラー: https://www.youtube.com/watch?v=TFvJbcq6WC8 - [0;31mERROR:[0m 'cookies.txt' does not look like a Netscape format cookies file
2026-03-17 00:52:23,830 - ERROR - 【マイクラハードコア】死ねないらしい【 ぶいすぽ  / 花芽すみれ 】 の取得中にエラー発生: [0;31mERROR:[0m 'cookies.txt' does not look like a Netscape format cookies file
2026-03-17 00:52:23,835 - ERROR - エラー: https://www.youtube.com/watch?v=zDZMvolfkps - [0;31mERROR:[0m 'cookies.txt' does not look like a Netscape format cookies file
2026-03-17 00:52:23,845 - ERROR - エラー: https://www.youtube.com/watch?v=kkiwke9fBe0 - [0;31mERROR:[0m 'cookies.txt' does not look like a Netscape format cookies file
2026-03-17 00:52:23,910 - ERROR - 【Minecraft】1.20アプデきた～考古学者になろう🔍✨【 ぶいすぽ  / 花芽すみれ 】 の取得中にエラー発生: [0;31mERROR:[0m 'cookies.txt' does not look like a Netscape format cookies file
2026-03-17 00:52:23,990 - ERROR - 【BLUEPROTOCOL】一筋の光【 ぶいすぽ  / 花芽すみれ 】 の取得中にエラー発生: [0;31mERROR:[0m 'cookies.txt' does not look like a Netscape format cookies file
2026-03-17 00:52:24,051 - ERROR - 【雑談】夜やんけ【 ぶいすぽ  / 花芽すみれ 】 の取得中にエラー発生: [0;31mERROR:[0m 'cookies.txt' does not look like a Netscape format cookies file
2026-03-17 00:52:24,411 - ERROR - エラー: https://www.youtube.com/watch?v=5B2Ie3BH5cc - [0;31mERROR:[0m 'cookies.txt' does not look like a Netscape format cookies file
2026-03-17 00:52:24,531 - ERROR - エラー: https://www.youtube.com/watch?v=RHv4X5jg3GA - [0;31mERROR:[0m 'cookies.txt' does not look like a Netscape format cookies file
2026-03-17 00:52:24,582 - ERROR - 【APEX】ブロンズの王になれ w/バニラ ととみ【 ぶいすぽ  / 花芽すみれ 】 の取得中にエラー発生: [0;31mERROR:[0m 'cookies.txt' does not look like a Netscape format cookies file
2026-03-17 00:52:24,629 - ERROR - 【最新版】#ぶいすぽ全員描けるかな ❓【 ぶいすぽ  / 花芽すみれ 】 の取得中にエラー発生: [0;31mERROR:[0m 'cookies.txt' does not look like a Netscape format cookies file
2026-03-17 00:52:25,206 - ERROR - エラー: https://www.youtube.com/watch?v=Bs5tlCPgmR0 - [0;31mERROR:[0m 'cookies.txt' does not look like a Netscape format cookies file
2026-03-17 00:52:25,270 - ERROR - エラー: https://www.youtube.com/watch?v=KmcAUaBRYBE - [0;31mERROR:[0m 'cookies.txt' does not look like a Netscape format cookies file
2026-03-17 00:52:25,292 - ERROR - 【50万人記念】初のASMR配信してみます！🧊【 ぶいすぽ  / 花芽すみれ 】 の取得中にエラー発生: [0;31mERROR:[0m 'cookies.txt' does not look like a Netscape format cookies file
2026-03-17 00:52:25,294 - ERROR - エラー: https://www.youtube.com/watch?v=HoPmprMnqRY - [0;31mERROR:[0m 'cookies.txt' does not look like a Netscape format cookies file
2026-03-17 00:52:25,317 - ERROR - エラー: https://www.youtube.com/watch?v=SDNznRubiR0 - [0;31mERROR:[0m 'cookies.txt' does not look like a Netscape format cookies file
2026-03-17 00:52:25,378 - ERROR - エラー: https://www.youtube.com/watch?v=xfuQI6fkcpk - [0;31mERROR:[0m 'cookies.txt' does not look like a Netscape format cookies file
2026-03-17 00:52:25,440 - ERROR - 【雑談】おはよう寝すぎた【 ぶいすぽ  / 花芽すみれ 】 の取得中にエラー発生: [0;31mERROR:[0m 'cookies.txt' does not look like a Netscape format cookies file
2026-03-17 00:52:25,492 - ERROR - 【VALORANT】フルパコンペのお時間です 【 ぶいすぽ / 花芽すみれ】 の取得中にエラー発生: [0;31mERROR:[0m 'cookies.txt' does not look like a Netscape format cookies file
2026-03-17 00:52:25,505 - ERROR - 【VALORANT】バヨ【ぶいすぽ/花芽すみれ】 の取得中にエラー発生: [0;31mERROR:[0m 'cookies.txt' does not look like a Netscape format cookies file
2026-03-17 00:52:25,512 - ERROR - 【APEX】脅威レベルイベントれっつごー！【 ぶいすぽ  / 花芽すみれ 】 の取得中にエラー発生: [0;31mERROR:[0m 'cookies.txt' does not look like a Netscape format cookies file
2026-03-17 00:52:25,563 - ERROR - エラー: https://www.youtube.com/watch?v=wJLsYDaEG1k - [0;31mERROR:[0m 'cookies.txt' does not look like a Netscape format cookies file
2026-03-17 00:52:25,738 - ERROR - 【Goose Goose Duck】ぶいすぽアヒル人狼 Guwawa！【 ぶいすぽ / 花芽すみれ】 の取得中にエラー発生: [0;31mERROR:[0m 'cookies.txt' does not look like a Netscape format cookies file
2026-03-17 00:52:26,211 - ERROR - エラー: https://www.youtube.com/watch?v=EBBPBPA9xis - [0;31mERROR:[0m 'cookies.txt' does not look like a Netscape format cookies file
2026-03-17 00:52:26,351 - ERROR - エラー: https://www.youtube.com/watch?v=FWVjpPoOqfk - [0;31mERROR:[0m 'cookies.txt' does not look like a Netscape format cookies file
2026-03-17 00:52:26,384 - ERROR - エラー: https://www.youtube.com/watch?v=oG6K2Rm5jQY - [0;31mERROR:[0m 'cookies.txt' does not look like a Netscape format cookies file
2026-03-17 00:52:26,423 - ERROR - 【Minecraft】どーなつ屋さん作るのだ～！🍩【 ぶいすぽ  / 花芽すみれ 】 の取得中にエラー発生: [0;31mERROR:[0m 'cookies.txt' does not look like a Netscape format cookies file
2026-03-17 00:52:26,424 - ERROR - エラー: https://www.youtube.com/watch?v=7peXqhEm0SY - [0;31mERROR:[0m 'cookies.txt' does not look like a Netscape format cookies file
2026-03-17 00:52:26,432 - ERROR - 【VALORANT】すいません配信ありました フルパ【 ぶいすぽ / 花芽すみれ】 の取得中にエラー発生: [0;31mERROR:[0m 'cookies.txt' does not look like a Netscape format cookies file
2026-03-17 00:52:26,434 - ERROR - エラー: https://www.youtube.com/watch?v=g-bN6gisi3g - [0;31mERROR:[0m 'cookies.txt' does not look like a Netscape format cookies file
2026-03-17 00:52:26,510 - ERROR - 【雑談】お疲れさましよ～っ！→フルパバロ【 ぶいすぽ  / 花芽すみれ 】 の取得中にエラー発生: [0;31mERROR:[0m 'cookies.txt' does not look like a Netscape format cookies file
2026-03-17 00:52:26,573 - ERROR - 【Minecraft→APEX】Yo! ドーナツ屋、作るか。→APEXふるぱ【 ぶいすぽ  / 花芽すみれ 】 の取得中にエラー発生: [0;31mERROR:[0m 'cookies.txt' does not look like a Netscape format cookies file
2026-03-17 00:52:26,606 - ERROR - #花芽すみれ3D うおおおおお！！【 ぶいすぽ  / 花芽すみれ 】 の取得中にエラー発生: [0;31mERROR:[0m 'cookies.txt' does not look like a Netscape format cookies file
2026-03-17 00:52:27,252 - ERROR - エラー: https://www.youtube.com/watch?v=iw2ufjmg0yg - [0;31mERROR:[0m 'cookies.txt' does not look like a Netscape format cookies file
2026-03-17 00:52:27,469 - ERROR - エラー: https://www.youtube.com/watch?v=igWt83SFXJ4 - [0;31mERROR:[0m 'cookies.txt' does not look like a Netscape format cookies file
2026-03-17 00:52:27,474 - ERROR - エラー: https://www.youtube.com/watch?v=zXZW9ZhY70E - [0;31mERROR:[0m 'cookies.txt' does not look like a Netscape format cookies file
2026-03-17 00:52:27,475 - ERROR - 【VALORANT】ぶいすぽフルプァ【 ぶいすぽ / 花芽すみれ】 の取得中にエラー発生: [0;31mERROR:[0m 'cookies.txt' does not look like a Netscape format cookies file
2026-03-17 00:52:27,480 - ERROR - エラー: https://www.youtube.com/watch?v=TlNzWbXdJ7c - [0;31mERROR:[0m 'cookies.txt' does not look like a Netscape format cookies file
2026-03-17 00:52:27,531 - ERROR - 昼やんけ❕【 ぶいすぽ / 花芽すみれ】 の取得中にエラー発生: [0;31mERROR:[0m 'cookies.txt' does not look like a Netscape format cookies file
2026-03-17 00:52:27,531 - ERROR - よす【 ぶいすぽ  / 花芽すみれ 】 の取得中にエラー発生: [0;31mERROR:[0m 'cookies.txt' does not look like a Netscape format cookies file
2026-03-17 00:52:28,019 - ERROR - 【APEX】にゃほ～ with らむね せな【 ぶいすぽ  / 花芽すみれ 】 の取得中にエラー発生: [0;31mERROR:[0m 'cookies.txt' does not look like a Netscape format cookies file
2026-03-17 00:52:28,034 - ERROR - エラー: https://www.youtube.com/watch?v=ntaqvL-eSUg - [0;31mERROR:[0m 'cookies.txt' does not look like a Netscape format cookies file
2026-03-17 00:52:28,128 - ERROR - エラー: https://www.youtube.com/watch?v=tLPXJoztpPk - [0;31mERROR:[0m 'cookies.txt' does not look like a Netscape format cookies file
2026-03-17 00:52:28,241 - ERROR - 【VALORANT】ふるぱばろする？【 ぶいすぽ / 花芽すみれ】 の取得中にエラー発生: [0;31mERROR:[0m 'cookies.txt' does not look like a Netscape format cookies file
2026-03-17 00:52:28,332 - ERROR - なにする？【 ぶいすぽ / 花芽すみれ】 の取得中にエラー発生: [0;31mERROR:[0m 'cookies.txt' does not look like a Netscape format cookies file
2026-03-17 00:52:28,515 - ERROR - エラー: https://www.youtube.com/watch?v=UF1bgUItpaY - [0;31mERROR:[0m 'cookies.txt' does not look like a Netscape format cookies file
2026-03-17 00:52:28,788 - ERROR - エラー: https://www.youtube.com/watch?v=xYJDl7GtX1w - [0;31mERROR:[0m 'cookies.txt' does not look like a Netscape format cookies file
2026-03-17 00:52:28,928 - ERROR - エラー: https://www.youtube.com/watch?v=UXjw0yciHIs - [0;31mERROR:[0m 'cookies.txt' does not look like a Netscape format cookies file
2026-03-17 00:52:29,038 - ERROR - 【RUST】帰ってきたでょ～【 ぶいすぽ / 花芽すみれ】 の取得中にエラー発生: [0;31mERROR:[0m 'cookies.txt' does not look like a Netscape format cookies file
2026-03-17 00:52:29,094 - ERROR - 【RUST】すみれは起き上がった【 ぶいすぽ / 花芽すみれ】 の取得中にエラー発生: [0;31mERROR:[0m 'cookies.txt' does not look like a Netscape format cookies file
2026-03-17 00:52:29,178 - ERROR - おっとっと言えた～ の取得中にエラー発生: [0;31mERROR:[0m 'cookies.txt' does not look like a Netscape format cookies file
2026-03-17 00:52:29,211 - ERROR - エラー: https://www.youtube.com/watch?v=9LwObCDoQ5w - [0;31mERROR:[0m 'cookies.txt' does not look like a Netscape format cookies file
2026-03-17 00:52:29,228 - ERROR - エラー: https://www.youtube.com/watch?v=K9no2ZtKGUc - [0;31mERROR:[0m 'cookies.txt' does not look like a Netscape format cookies file
2026-03-17 00:52:29,853 - ERROR - 【RUST】文明開化の音がする【 ぶいすぽ / 花芽すみれ】 の取得中にエラー発生: [0;31mERROR:[0m 'cookies.txt' does not look like a Netscape format cookies file
2026-03-17 00:52:29,915 - ERROR - エラー: https://www.youtube.com/watch?v=DQyh3OUQ7yM - [0;31mERROR:[0m 'cookies.txt' does not look like a Netscape format cookies file
2026-03-17 00:52:29,991 - ERROR - 【RUST】クラメンが増えた🤭 後は食料と武器【 ぶいすぽ / 花芽すみれ】 の取得中にエラー発生: [0;31mERROR:[0m 'cookies.txt' does not look like a Netscape format cookies file
2026-03-17 00:52:30,041 - ERROR - エラー: https://www.youtube.com/watch?v=mxjhlAfLoPw - [0;31mERROR:[0m 'cookies.txt' does not look like a Netscape format cookies file
2026-03-17 00:52:30,106 - ERROR - 【RUST】スト鯖が帰ってきたらしい【 ぶいすぽ / 花芽すみれ】 の取得中にエラー発生: [0;31mERROR:[0m 'cookies.txt' does not look like a Netscape format cookies file
2026-03-17 00:52:30,117 - ERROR - エラー: https://www.youtube.com/watch?v=GV7EqMr5zIs - [0;31mERROR:[0m 'cookies.txt' does not look like a Netscape format cookies file
2026-03-17 00:52:30,197 - ERROR - おつかれさま～【 ぶいすぽ / 花芽すみれ】 の取得中にエラー発生: [0;31mERROR:[0m 'cookies.txt' does not look like a Netscape format cookies file
2026-03-17 00:52:30,304 - ERROR - 【RUST】仲間と強い武器を求めて【 ぶいすぽ / 花芽すみれ】 の取得中にエラー発生: [0;31mERROR:[0m 'cookies.txt' does not look like a Netscape format cookies file
2026-03-17 00:52:30,899 - ERROR - エラー: https://www.youtube.com/watch?v=bHlrZkAOR3E - [0;31mERROR:[0m 'cookies.txt' does not look like a Netscape format cookies file
2026-03-17 00:52:30,993 - ERROR - エラー: https://www.youtube.com/watch?v=T3zQqFp5KNM - [0;31mERROR:[0m 'cookies.txt' does not look like a Netscape format cookies file
2026-03-17 00:52:31,071 - ERROR - 【APEX】V最協カスタム チャンピオン取りたい👑【 ぶいすぽ  / 花芽すみれ 】 の取得中にエラー発生: [0;31mERROR:[0m 'cookies.txt' does not look like a Netscape format cookies file
2026-03-17 00:52:31,102 - ERROR - エラー: https://www.youtube.com/watch?v=ASdYJOpvq2w - [0;31mERROR:[0m 'cookies.txt' does not look like a Netscape format cookies file
2026-03-17 00:52:31,196 - ERROR - 【APEX】V最協カスタム最終日  本番笑顔で終われるように【 ぶいすぽ  / 花芽すみれ 】 の取得中にエラー発生: [0;31mERROR:[0m 'cookies.txt' does not look like a Netscape format cookies file
2026-03-17 00:52:31,226 - ERROR - 【APEX】V最協  悔し涙じゃなくて嬉し涙を#EMAWIN【 ぶいすぽ  / 花芽すみれ 】 の取得中にエラー発生: [0;31mERROR:[0m 'cookies.txt' does not look like a Netscape format cookies file
2026-03-17 00:52:31,257 - ERROR - エラー: https://www.youtube.com/watch?v=sctWCQ5u9wE - [0;31mERROR:[0m 'cookies.txt' does not look like a Netscape format cookies file
2026-03-17 00:52:31,334 - ERROR - エラー: https://www.youtube.com/watch?v=Gxo8n16LcFI - [0;31mERROR:[0m 'cookies.txt' does not look like a Netscape format cookies file
2026-03-17 00:52:31,490 - ERROR - nyoki-nyoki の取得中にエラー発生: [0;31mERROR:[0m 'cookies.txt' does not look like a Netscape format cookies file
2026-03-17 00:52:31,633 - ERROR - 【APEX】えぺぺ～ ❕→ V最協カスタム【 ぶいすぽ  / 花芽すみれ 】 の取得中にエラー発生: [0;31mERROR:[0m 'cookies.txt' does not look like a Netscape format cookies file
2026-03-17 00:52:31,616 - ERROR - エラー: https://www.youtube.com/watch?v=EtNFFSP_vR4 - [0;31mERROR:[0m 'cookies.txt' does not look like a Netscape format cookies file
2026-03-17 00:52:32,033 - ERROR - エラー: https://www.youtube.com/watch?v=V8ekWdfpNZE - [0;31mERROR:[0m 'cookies.txt' does not look like a Netscape format cookies file
2026-03-17 00:52:32,064 - ERROR - 【APEX】V最協カスタム2日目。バンガかな？レイスかな？【 ぶいすぽ / 花芽すみれ】 の取得中にエラー発生: [0;31mERROR:[0m 'cookies.txt' does not look like a Netscape format cookies file
2026-03-17 00:52:32,065 - ERROR - エラー: https://www.youtube.com/watch?v=Qf0eZH0mzhg - [0;31mERROR:[0m 'cookies.txt' does not look like a Netscape format cookies file
2026-03-17 00:52:32,066 - ERROR - エラー: https://www.youtube.com/watch?v=mcBTiXnkINA - [0;31mERROR:[0m 'cookies.txt' does not look like a Netscape format cookies file
2026-03-17 00:52:32,071 - ERROR - 【APEX】”はじまりの日”  V最カスタム開始！【 ぶいすぽ / 花芽すみれ】 の取得中にエラー発生: [0;31mERROR:[0m 'cookies.txt' does not look like a Netscape format cookies file
2026-03-17 00:52:32,086 - ERROR - ゆる～り新OP  |  げむげむ☆おーばー【 花芽すみれ 】 の取得中にエラー発生: [0;31mERROR:[0m 'cookies.txt' does not look like a Netscape format cookies file
2026-03-17 00:52:32,101 - ERROR - エラー: https://www.youtube.com/watch?v=klgTKbNlipQ - [0;31mERROR:[0m 'cookies.txt' does not look like a Netscape format cookies file
2026-03-17 00:52:32,134 - ERROR - 【APEX】れんしう～ ❕【 ぶいすぽ  / 花芽すみれ 】 の取得中にエラー発生: [0;31mERROR:[0m 'cookies.txt' does not look like a Netscape format cookies file
2026-03-17 00:52:32,181 - ERROR - 【#花芽すみれ新衣装】お待たせしすぎました💤 新OPもお披露目！【 ぶいすぽ  / 花芽すみれ 】 の取得中にエラー発生: [0;31mERROR:[0m 'cookies.txt' does not look like a Netscape format cookies file
2026-03-17 00:52:32,953 - ERROR - エラー: https://www.youtube.com/watch?v=qZdFnrcxOyc - [0;31mERROR:[0m 'cookies.txt' does not look like a Netscape format cookies file
2026-03-17 00:52:33,107 - ERROR - エラー: https://www.youtube.com/watch?v=_d0AHBgkgks - [0;31mERROR:[0m 'cookies.txt' does not look like a Netscape format cookies file
2026-03-17 00:52:33,221 - ERROR - 【お絵描き心理テスト】本性が出ちゃう？！？！😅【 ぶいすぽ / 花芽すみれ】 の取得中にエラー発生: [0;31mERROR:[0m 'cookies.txt' does not look like a Netscape format cookies file
2026-03-17 00:52:33,225 - ERROR - エラー: https://www.youtube.com/watch?v=BsmYhp0Nr3I - [0;31mERROR:[0m 'cookies.txt' does not look like a Netscape format cookies file
2026-03-17 00:52:33,227 - ERROR - エラー: https://www.youtube.com/watch?v=UpR8ikwDSyc - [0;31mERROR:[0m 'cookies.txt' does not look like a Netscape format cookies file
2026-03-17 00:52:33,269 - ERROR - エラー: https://www.youtube.com/watch?v=M4SDk49PRUg - [0;31mERROR:[0m 'cookies.txt' does not look like a Netscape format cookies file
2026-03-17 00:52:33,296 - ERROR - 【#花芽すみれ誕生日】今年も誕生日だ～～～～！！✨告知いっぱい【 ぶいすぽ 】 の取得中にエラー発生: [0;31mERROR:[0m 'cookies.txt' does not look like a Netscape format cookies file
2026-03-17 00:52:33,327 - ERROR - ンワ～【 ぶいすぽ / 花芽すみれ 】 の取得中にエラー発生: [0;31mERROR:[0m 'cookies.txt' does not look like a Netscape format cookies file
2026-03-17 00:52:33,419 - ERROR - 【#SMRCUSTOM 】SUMIRE CUSTOM：PUBG 神視点！ﾄﾞﾘｬ【 ぶいすぽ  / 花芽すみれ 】 の取得中にエラー発生: [0;31mERROR:[0m 'cookies.txt' does not look like a Netscape format cookies file
2026-03-17 00:52:33,759 - ERROR - 【APEX】チム練いくよん【 ぶいすぽ / 花芽すみれ】 の取得中にエラー発生: [0;31mERROR:[0m 'cookies.txt' does not look like a Netscape format cookies file
2026-03-17 00:52:33,940 - ERROR - エラー: https://www.youtube.com/watch?v=6dl7dZ12MtQ - [0;31mERROR:[0m 'cookies.txt' does not look like a Netscape format cookies file
2026-03-17 00:52:34,052 - ERROR - 【#SMRCUSTOM 】チーム発表とルール説明するよ！！【 ぶいすぽ  / 花芽すみれ 】 の取得中にエラー発生: [0;31mERROR:[0m 'cookies.txt' does not look like a Netscape format cookies file
2026-03-17 00:52:34,303 - ERROR - エラー: https://www.youtube.com/watch?v=rggyeAlmBlk - [0;31mERROR:[0m 'cookies.txt' does not look like a Netscape format cookies file
2026-03-17 00:52:34,457 - ERROR - エラー: https://www.youtube.com/watch?v=e1s-3i3sX8w - [0;31mERROR:[0m 'cookies.txt' does not look like a Netscape format cookies file
2026-03-17 00:52:34,468 - ERROR - ただいま～【 ぶいすぽ  / 花芽すみれ 】 の取得中にエラー発生: [0;31mERROR:[0m 'cookies.txt' does not look like a Netscape format cookies file
2026-03-17 00:52:34,468 - ERROR - エラー: https://www.youtube.com/watch?v=FmI8_OK2npU - [0;31mERROR:[0m 'cookies.txt' does not look like a Netscape format cookies file
2026-03-17 00:52:34,520 - ERROR - 🪐『惑星ループ』 - Cover 花芽すみれ の取得中にエラー発生: [0;31mERROR:[0m 'cookies.txt' does not look like a Netscape format cookies file
2026-03-17 00:52:34,520 - ERROR - 【マイクラハードコア】死ねないらしい【 ぶいすぽ  / 花芽すみれ 】 の取得中にエラー発生: [0;31mERROR:[0m 'cookies.txt' does not look like a Netscape format cookies file
2026-03-17 00:52:34,537 - ERROR - エラー: https://www.youtube.com/watch?v=1RKNyJA1X8k - [0;31mERROR:[0m 'cookies.txt' does not look like a Netscape format cookies file
2026-03-17 00:52:34,552 - ERROR - エラー: https://www.youtube.com/watch?v=zDZMvolfkps - [0;31mERROR:[0m 'cookies.txt' does not look like a Netscape format cookies file
2026-03-17 00:52:34,679 - ERROR - 【Minecraft】でっかい水族館つくりたいな🎶【 ぶいすぽ  / 花芽すみれ 】 の取得中にエラー発生: [0;31mERROR:[0m 'cookies.txt' does not look like a Netscape format cookies file
2026-03-17 00:52:34,811 - ERROR - 【BLUEPROTOCOL】一筋の光【 ぶいすぽ  / 花芽すみれ 】 の取得中にエラー発生: [0;31mERROR:[0m 'cookies.txt' does not look like a Netscape format cookies file
2026-03-17 00:52:34,955 - ERROR - エラー: https://www.youtube.com/watch?v=kkiwke9fBe0 - [0;31mERROR:[0m 'cookies.txt' does not look like a Netscape format cookies file
2026-03-17 00:52:35,220 - ERROR - 【雑談】夜やんけ【 ぶいすぽ  / 花芽すみれ 】 の取得中にエラー発生: [0;31mERROR:[0m 'cookies.txt' does not look like a Netscape format cookies file
2026-03-17 00:52:35,832 - ERROR - エラー: https://www.youtube.com/watch?v=TFvJbcq6WC8 - [0;31mERROR:[0m 'cookies.txt' does not look like a Netscape format cookies file
2026-03-17 00:52:35,942 - ERROR - エラー: https://www.youtube.com/watch?v=RHv4X5jg3GA - [0;31mERROR:[0m 'cookies.txt' does not look like a Netscape format cookies file
2026-03-17 00:52:36,050 - ERROR - 【Minecraft】1.20アプデきた～考古学者になろう🔍✨【 ぶいすぽ  / 花芽すみれ 】 の取得中にエラー発生: [0;31mERROR:[0m 'cookies.txt' does not look like a Netscape format cookies file
2026-03-17 00:52:36,057 - ERROR - 【APEX】ブロンズの王になれ w/バニラ ととみ【 ぶいすぽ  / 花芽すみれ 】 の取得中にエラー発生: [0;31mERROR:[0m 'cookies.txt' does not look like a Netscape format cookies file
2026-03-17 00:52:36,058 - ERROR - エラー: https://www.youtube.com/watch?v=HoPmprMnqRY - [0;31mERROR:[0m 'cookies.txt' does not look like a Netscape format cookies file
2026-03-17 00:52:36,059 - ERROR - エラー: https://www.youtube.com/watch?v=KmcAUaBRYBE - [0;31mERROR:[0m 'cookies.txt' does not look like a Netscape format cookies file
2026-03-17 00:52:36,063 - ERROR - エラー: https://www.youtube.com/watch?v=5B2Ie3BH5cc - [0;31mERROR:[0m 'cookies.txt' does not look like a Netscape format cookies file
2026-03-17 00:52:36,130 - ERROR - 【雑談】おはよう寝すぎた【 ぶいすぽ  / 花芽すみれ 】 の取得中にエラー発生: [0;31mERROR:[0m 'cookies.txt' does not look like a Netscape format cookies file
2026-03-17 00:52:36,193 - ERROR - 【VALORANT】フルパコンペのお時間です 【 ぶいすぽ / 花芽すみれ】 の取得中にエラー発生: [0;31mERROR:[0m 'cookies.txt' does not look like a Netscape format cookies file
2026-03-17 00:52:36,474 - ERROR - 【最新版】#ぶいすぽ全員描けるかな ❓【 ぶいすぽ  / 花芽すみれ 】 の取得中にエラー発生: [0;31mERROR:[0m 'cookies.txt' does not look like a Netscape format cookies file
2026-03-17 00:52:36,885 - ERROR - エラー: https://www.youtube.com/watch?v=Bs5tlCPgmR0 - [0;31mERROR:[0m 'cookies.txt' does not look like a Netscape format cookies file
2026-03-17 00:52:36,963 - ERROR - エラー: https://www.youtube.com/watch?v=wJLsYDaEG1k - [0;31mERROR:[0m 'cookies.txt' does not look like a Netscape format cookies file
2026-03-17 00:52:37,042 - ERROR - 【50万人記念】初のASMR配信してみます！🧊【 ぶいすぽ  / 花芽すみれ 】 の取得中にエラー発生: [0;31mERROR:[0m 'cookies.txt' does not look like a Netscape format cookies file
2026-03-17 00:52:37,167 - ERROR - エラー: https://www.youtube.com/watch?v=SDNznRubiR0 - [0;31mERROR:[0m 'cookies.txt' does not look like a Netscape format cookies file
2026-03-17 00:52:37,315 - ERROR - 【Goose Goose Duck】ぶいすぽアヒル人狼 Guwawa！【 ぶいすぽ / 花芽すみれ】 の取得中にエラー発生: [0;31mERROR:[0m 'cookies.txt' does not look like a Netscape format cookies file
2026-03-17 00:52:38,014 - ERROR - 【VALORANT】バヨ【ぶいすぽ/花芽すみれ】 の取得中にエラー発生: [0;31mERROR:[0m 'cookies.txt' does not look like a Netscape format cookies file
2026-03-17 00:52:38,065 - ERROR - エラー: https://www.youtube.com/watch?v=FWVjpPoOqfk - [0;31mERROR:[0m 'cookies.txt' does not look like a Netscape format cookies file
2026-03-17 00:52:38,097 - ERROR - エラー: https://www.youtube.com/watch?v=xfuQI6fkcpk - [0;31mERROR:[0m 'cookies.txt' does not look like a Netscape format cookies file
2026-03-17 00:52:38,220 - ERROR - 【VALORANT】すいません配信ありました フルパ【 ぶいすぽ / 花芽すみれ】 の取得中にエラー発生: [0;31mERROR:[0m 'cookies.txt' does not look like a Netscape format cookies file
2026-03-17 00:52:38,395 - ERROR - 【APEX】脅威レベルイベントれっつごー！【 ぶいすぽ  / 花芽すみれ 】 の取得中にエラー発生: [0;31mERROR:[0m 'cookies.txt' does not look like a Netscape format cookies file
2026-03-17 00:52:38,502 - ERROR - エラー: https://www.youtube.com/watch?v=7peXqhEm0SY - [0;31mERROR:[0m 'cookies.txt' does not look like a Netscape format cookies file
2026-03-17 00:52:38,565 - ERROR - エラー: https://www.youtube.com/watch?v=EBBPBPA9xis - [0;31mERROR:[0m 'cookies.txt' does not look like a Netscape format cookies file
2026-03-17 00:52:38,960 - ERROR - エラー: https://www.youtube.com/watch?v=oG6K2Rm5jQY - [0;31mERROR:[0m 'cookies.txt' does not look like a Netscape format cookies file
2026-03-17 00:52:39,086 - ERROR - 【Minecraft】どーなつ屋さん作るのだ～！🍩【 ぶいすぽ  / 花芽すみれ 】 の取得中にエラー発生: [0;31mERROR:[0m 'cookies.txt' does not look like a Netscape format cookies file
2026-03-17 00:52:39,103 - ERROR - 【雑談】お疲れさましよ～っ！→フルパバロ【 ぶいすぽ  / 花芽すみれ 】 の取得中にエラー発生: [0;31mERROR:[0m 'cookies.txt' does not look like a Netscape format cookies file
2026-03-17 00:52:39,103 - ERROR - エラー: https://www.youtube.com/watch?v=g-bN6gisi3g - [0;31mERROR:[0m 'cookies.txt' does not look like a Netscape format cookies file
2026-03-17 00:52:39,129 - ERROR - 【Minecraft→APEX】Yo! ドーナツ屋、作るか。→APEXふるぱ【 ぶいすぽ  / 花芽すみれ 】 の取得中にエラー発生: [0;31mERROR:[0m 'cookies.txt' does not look like a Netscape format cookies file
2026-03-17 00:52:39,149 - ERROR - エラー: https://www.youtube.com/watch?v=igWt83SFXJ4 - [0;31mERROR:[0m 'cookies.txt' does not look like a Netscape format cookies file
2026-03-17 00:52:39,385 - ERROR - #花芽すみれ3D うおおおおお！！【 ぶいすぽ  / 花芽すみれ 】 の取得中にエラー発生: [0;31mERROR:[0m 'cookies.txt' does not look like a Netscape format cookies file
2026-03-17 00:52:39,399 - ERROR - よす【 ぶいすぽ  / 花芽すみれ 】 の取得中にエラー発生: [0;31mERROR:[0m 'cookies.txt' does not look like a Netscape format cookies file
2026-03-17 00:52:39,974 - ERROR - エラー: https://www.youtube.com/watch?v=iw2ufjmg0yg - [0;31mERROR:[0m 'cookies.txt' does not look like a Netscape format cookies file
2026-03-17 00:52:40,448 - ERROR - エラー: https://www.youtube.com/watch?v=tLPXJoztpPk - [0;31mERROR:[0m 'cookies.txt' does not look like a Netscape format cookies file
2026-03-17 00:52:40,483 - ERROR - エラー: https://www.youtube.com/watch?v=TlNzWbXdJ7c - [0;31mERROR:[0m 'cookies.txt' does not look like a Netscape format cookies file
2026-03-17 00:52:40,507 - ERROR - エラー: https://www.youtube.com/watch?v=zXZW9ZhY70E - [0;31mERROR:[0m 'cookies.txt' does not look like a Netscape format cookies file
2026-03-17 00:52:40,516 - ERROR - 【VALORANT】ぶいすぽフルプァ【 ぶいすぽ / 花芽すみれ】 の取得中にエラー発生: [0;31mERROR:[0m 'cookies.txt' does not look like a Netscape format cookies file
2026-03-17 00:52:40,518 - ERROR - 【APEX】にゃほ～ with らむね せな【 ぶいすぽ  / 花芽すみれ 】 の取得中にエラー発生: [0;31mERROR:[0m 'cookies.txt' does not look like a Netscape format cookies file
2026-03-17 00:52:40,518 - ERROR - なにする？【 ぶいすぽ / 花芽すみれ】 の取得中にエラー発生: [0;31mERROR:[0m 'cookies.txt' does not look like a Netscape format cookies file
2026-03-17 00:52:40,519 - ERROR - エラー: https://www.youtube.com/watch?v=ntaqvL-eSUg - [0;31mERROR:[0m 'cookies.txt' does not look like a Netscape format cookies file
2026-03-17 00:52:40,523 - ERROR - 【VALORANT】ふるぱばろする？【 ぶいすぽ / 花芽すみれ】 の取得中にエラー発生: [0;31mERROR:[0m 'cookies.txt' does not look like a Netscape format cookies file
2026-03-17 00:52:40,523 - ERROR - 昼やんけ❕【 ぶいすぽ / 花芽すみれ】 の取得中にエラー発生: [0;31mERROR:[0m 'cookies.txt' does not look like a Netscape format cookies file
2026-03-17 00:52:41,252 - ERROR - エラー: https://www.youtube.com/watch?v=UF1bgUItpaY - [0;31mERROR:[0m 'cookies.txt' does not look like a Netscape format cookies file
2026-03-17 00:52:41,654 - ERROR - 【RUST】帰ってきたでょ～【 ぶいすぽ / 花芽すみれ】 の取得中にエラー発生: [0;31mERROR:[0m 'cookies.txt' does not look like a Netscape format cookies file
2026-03-17 00:52:41,866 - ERROR - エラー: https://www.youtube.com/watch?v=UXjw0yciHIs - [0;31mERROR:[0m 'cookies.txt' does not look like a Netscape format cookies file
2026-03-17 00:52:41,959 - ERROR - エラー: https://www.youtube.com/watch?v=9LwObCDoQ5w - [0;31mERROR:[0m 'cookies.txt' does not look like a Netscape format cookies file
2026-03-17 00:52:41,977 - ERROR - エラー: https://www.youtube.com/watch?v=xYJDl7GtX1w - [0;31mERROR:[0m 'cookies.txt' does not look like a Netscape format cookies file
2026-03-17 00:52:42,069 - ERROR - 【RUST】クラメンが増えた🤭 後は食料と武器【 ぶいすぽ / 花芽すみれ】 の取得中にエラー発生: [0;31mERROR:[0m 'cookies.txt' does not look like a Netscape format cookies file
2026-03-17 00:52:42,084 - ERROR - おっとっと言えた～ の取得中にエラー発生: [0;31mERROR:[0m 'cookies.txt' does not look like a Netscape format cookies file
2026-03-17 00:52:42,133 - ERROR - 【RUST】すみれは起き上がった【 ぶいすぽ / 花芽すみれ】 の取得中にエラー発生: [0;31mERROR:[0m 'cookies.txt' does not look like a Netscape format cookies file
2026-03-17 00:52:42,436 - ERROR - エラー: https://www.youtube.com/watch?v=K9no2ZtKGUc - [0;31mERROR:[0m 'cookies.txt' does not look like a Netscape format cookies file
2026-03-17 00:52:42,556 - ERROR - 【RUST】文明開化の音がする【 ぶいすぽ / 花芽すみれ】 の取得中にエラー発生: [0;31mERROR:[0m 'cookies.txt' does not look like a Netscape format cookies file
2026-03-17 00:52:43,052 - ERROR - エラー: https://www.youtube.com/watch?v=GV7EqMr5zIs - [0;31mERROR:[0m 'cookies.txt' does not look like a Netscape format cookies file
2026-03-17 00:52:43,185 - ERROR - エラー: https://www.youtube.com/watch?v=mxjhlAfLoPw - [0;31mERROR:[0m 'cookies.txt' does not look like a Netscape format cookies file
2026-03-17 00:52:43,412 - ERROR - エラー: https://www.youtube.com/watch?v=DQyh3OUQ7yM - [0;31mERROR:[0m 'cookies.txt' does not look like a Netscape format cookies file
2026-03-17 00:52:43,513 - ERROR - 【RUST】仲間と強い武器を求めて【 ぶいすぽ / 花芽すみれ】 の取得中にエラー発生: [0;31mERROR:[0m 'cookies.txt' does not look like a Netscape format cookies file
2026-03-17 00:52:43,553 - ERROR - おつかれさま～【 ぶいすぽ / 花芽すみれ】 の取得中にエラー発生: [0;31mERROR:[0m 'cookies.txt' does not look like a Netscape format cookies file
2026-03-17 00:52:43,559 - ERROR - エラー: https://www.youtube.com/watch?v=T3zQqFp5KNM - [0;31mERROR:[0m 'cookies.txt' does not look like a Netscape format cookies file
2026-03-17 00:52:43,572 - ERROR - エラー: https://www.youtube.com/watch?v=ASdYJOpvq2w - [0;31mERROR:[0m 'cookies.txt' does not look like a Netscape format cookies file
2026-03-17 00:52:43,650 - ERROR - 【RUST】スト鯖が帰ってきたらしい【 ぶいすぽ / 花芽すみれ】 の取得中にエラー発生: [0;31mERROR:[0m 'cookies.txt' does not look like a Netscape format cookies file
2026-03-17 00:52:43,756 - ERROR - 【APEX】V最協カスタム最終日  本番笑顔で終われるように【 ぶいすぽ  / 花芽すみれ 】 の取得中にエラー発生: [0;31mERROR:[0m 'cookies.txt' does not look like a Netscape format cookies file
2026-03-17 00:52:44,124 - ERROR - 【APEX】V最協  悔し涙じゃなくて嬉し涙を#EMAWIN【 ぶいすぽ  / 花芽すみれ 】 の取得中にエラー発生: [0;31mERROR:[0m 'cookies.txt' does not look like a Netscape format cookies file
2026-03-17 00:52:44,549 - ERROR - エラー: https://www.youtube.com/watch?v=bHlrZkAOR3E - [0;31mERROR:[0m 'cookies.txt' does not look like a Netscape format cookies file
2026-03-17 00:52:45,498 - ERROR - 【APEX】V最協カスタム チャンピオン取りたい👑【 ぶいすぽ  / 花芽すみれ 】 の取得中にエラー発生: [0;31mERROR:[0m 'cookies.txt' does not look like a Netscape format cookies file
2026-03-17 00:52:46,441 - ERROR - エラー: https://www.youtube.com/watch?v=sctWCQ5u9wE - [0;31mERROR:[0m 'cookies.txt' does not look like a Netscape format cookies file
2026-03-17 00:52:46,518 - ERROR - エラー: https://www.youtube.com/watch?v=mcBTiXnkINA - [0;31mERROR:[0m 'cookies.txt' does not look like a Netscape format cookies file
2026-03-17 00:52:46,531 - ERROR - エラー: https://www.youtube.com/watch?v=Gxo8n16LcFI - [0;31mERROR:[0m 'cookies.txt' does not look like a Netscape format cookies file
2026-03-17 00:52:46,535 - ERROR - エラー: https://www.youtube.com/watch?v=V8ekWdfpNZE - [0;31mERROR:[0m 'cookies.txt' does not look like a Netscape format cookies file
2026-03-17 00:52:46,543 - ERROR - エラー: https://www.youtube.com/watch?v=EtNFFSP_vR4 - [0;31mERROR:[0m 'cookies.txt' does not look like a Netscape format cookies file
2026-03-17 00:52:46,545 - ERROR - nyoki-nyoki の取得中にエラー発生: [0;31mERROR:[0m 'cookies.txt' does not look like a Netscape format cookies file
2026-03-17 00:52:46,547 - ERROR - 【APEX】れんしう～ ❕【 ぶいすぽ  / 花芽すみれ 】 の取得中にエラー発生: [0;31mERROR:[0m 'cookies.txt' does not look like a Netscape format cookies file
2026-03-17 00:52:46,547 - ERROR - 【APEX】”はじまりの日”  V最カスタム開始！【 ぶいすぽ / 花芽すみれ】 の取得中にエラー発生: [0;31mERROR:[0m 'cookies.txt' does not look like a Netscape format cookies file
2026-03-17 00:52:46,644 - ERROR - 【APEX】えぺぺ～ ❕→ V最協カスタム【 ぶいすぽ  / 花芽すみれ 】 の取得中にエラー発生: [0;31mERROR:[0m 'cookies.txt' does not look like a Netscape format cookies file
2026-03-17 00:52:46,710 - ERROR - 【APEX】V最協カスタム2日目。バンガかな？レイスかな？【 ぶいすぽ / 花芽すみれ】 の取得中にエラー発生: [0;31mERROR:[0m 'cookies.txt' does not look like a Netscape format cookies file
2026-03-17 00:52:47,433 - ERROR - エラー: https://www.youtube.com/watch?v=klgTKbNlipQ - [0;31mERROR:[0m 'cookies.txt' does not look like a Netscape format cookies file
2026-03-17 00:52:47,475 - ERROR - エラー: https://www.youtube.com/watch?v=qZdFnrcxOyc - [0;31mERROR:[0m 'cookies.txt' does not look like a Netscape format cookies file
2026-03-17 00:52:47,481 - ERROR - エラー: https://www.youtube.com/watch?v=Qf0eZH0mzhg - [0;31mERROR:[0m 'cookies.txt' does not look like a Netscape format cookies file
2026-03-17 00:52:47,482 - ERROR - エラー: https://www.youtube.com/watch?v=UpR8ikwDSyc - [0;31mERROR:[0m 'cookies.txt' does not look like a Netscape format cookies file
2026-03-17 00:52:47,498 - ERROR - 【#花芽すみれ新衣装】お待たせしすぎました💤 新OPもお披露目！【 ぶいすぽ  / 花芽すみれ 】 の取得中にエラー発生: [0;31mERROR:[0m 'cookies.txt' does not look like a Netscape format cookies file
2026-03-17 00:52:47,499 - ERROR - 【APEX】チム練いくよん【 ぶいすぽ / 花芽すみれ】 の取得中にエラー発生: [0;31mERROR:[0m 'cookies.txt' does not look like a Netscape format cookies file
2026-03-17 00:52:47,499 - ERROR - エラー: https://www.youtube.com/watch?v=_d0AHBgkgks - [0;31mERROR:[0m 'cookies.txt' does not look like a Netscape format cookies file
2026-03-17 00:52:47,501 - ERROR - ゆる～り新OP  |  げむげむ☆おーばー【 花芽すみれ 】 の取得中にエラー発生: [0;31mERROR:[0m 'cookies.txt' does not look like a Netscape format cookies file
2026-03-17 00:52:47,501 - ERROR - 【お絵描き心理テスト】本性が出ちゃう？！？！😅【 ぶいすぽ / 花芽すみれ】 の取得中にエラー発生: [0;31mERROR:[0m 'cookies.txt' does not look like a Netscape format cookies file
2026-03-17 00:52:47,503 - ERROR - 【#花芽すみれ誕生日】今年も誕生日だ～～～～！！✨告知いっぱい【 ぶいすぽ 】 の取得中にエラー発生: [0;31mERROR:[0m 'cookies.txt' does not look like a Netscape format cookies file
2026-03-17 00:58:40,317 - ERROR - エラー: https://www.youtube.com/watch?v=6dl7dZ12MtQ - [0;31mERROR:[0m 'cookies.txt' does not look like a Netscape format cookies file
2026-03-17 00:58:40,324 - ERROR - エラー: https://www.youtube.com/watch?v=FmI8_OK2npU - [0;31mERROR:[0m 'cookies.txt' does not look like a Netscape format cookies file
2026-03-17 00:58:40,329 - ERROR - エラー: https://www.youtube.com/watch?v=M4SDk49PRUg - [0;31mERROR:[0m 'cookies.txt' does not look like a Netscape format cookies file
2026-03-17 00:58:40,330 - ERROR - エラー: https://www.youtube.com/watch?v=rggyeAlmBlk - [0;31mERROR:[0m 'cookies.txt' does not look like a Netscape format cookies file
2026-03-17 00:58:40,333 - ERROR - 【#SMRCUSTOM 】チーム発表とルール説明するよ！！【 ぶいすぽ  / 花芽すみれ 】 の取得中にエラー発生: [0;31mERROR:[0m 'cookies.txt' does not look like a Netscape format cookies file
2026-03-17 00:58:40,334 - ERROR - エラー: https://www.youtube.com/watch?v=BsmYhp0Nr3I - [0;31mERROR:[0m 'cookies.txt' does not look like a Netscape format cookies file
2026-03-17 00:58:40,370 - ERROR - 【#SMRCUSTOM 】SUMIRE CUSTOM：PUBG 神視点！ﾄﾞﾘｬ【 ぶいすぽ  / 花芽すみれ 】 の取得中にエラー発生: [0;31mERROR:[0m 'cookies.txt' does not look like a Netscape format cookies file
2026-03-17 00:58:40,385 - ERROR - 🪐『惑星ループ』 - Cover 花芽すみれ の取得中にエラー発生: [0;31mERROR:[0m 'cookies.txt' does not look like a Netscape format cookies file
2026-03-17 00:58:40,495 - ERROR - ただいま～【 ぶいすぽ  / 花芽すみれ 】 の取得中にエラー発生: [0;31mERROR:[0m 'cookies.txt' does not look like a Netscape format cookies file
2026-03-17 00:58:40,591 - ERROR - ンワ～【 ぶいすぽ / 花芽すみれ 】 の取得中にエラー発生: [0;31mERROR:[0m 'cookies.txt' does not look like a Netscape format cookies file
2026-03-17 00:58:40,935 - ERROR - エラー: https://www.youtube.com/watch?v=zDZMvolfkps - [0;31mERROR:[0m 'cookies.txt' does not look like a Netscape format cookies file
2026-03-17 00:58:40,981 - ERROR - エラー: https://www.youtube.com/watch?v=e1s-3i3sX8w - [0;31mERROR:[0m 'cookies.txt' does not look like a Netscape format cookies file
2026-03-17 00:58:41,141 - ERROR - 【BLUEPROTOCOL】一筋の光【 ぶいすぽ  / 花芽すみれ 】 の取得中にエラー発生: [0;31mERROR:[0m 'cookies.txt' does not look like a Netscape format cookies file
2026-03-17 00:58:41,142 - ERROR - エラー: https://www.youtube.com/watch?v=kkiwke9fBe0 - [0;31mERROR:[0m 'cookies.txt' does not look like a Netscape format cookies file
2026-03-17 00:58:41,145 - ERROR - エラー: https://www.youtube.com/watch?v=1RKNyJA1X8k - [0;31mERROR:[0m 'cookies.txt' does not look like a Netscape format cookies file
2026-03-17 00:58:41,154 - ERROR - 【マイクラハードコア】死ねないらしい【 ぶいすぽ  / 花芽すみれ 】 の取得中にエラー発生: [0;31mERROR:[0m 'cookies.txt' does not look like a Netscape format cookies file
2026-03-17 00:58:41,185 - ERROR - エラー: https://www.youtube.com/watch?v=TFvJbcq6WC8 - [0;31mERROR:[0m 'cookies.txt' does not look like a Netscape format cookies file
2026-03-17 00:58:41,263 - ERROR - 【雑談】夜やんけ【 ぶいすぽ  / 花芽すみれ 】 の取得中にエラー発生: [0;31mERROR:[0m 'cookies.txt' does not look like a Netscape format cookies file
2026-03-17 00:58:41,295 - ERROR - 【Minecraft】1.20アプデきた～考古学者になろう🔍✨【 ぶいすぽ  / 花芽すみれ 】 の取得中にエラー発生: [0;31mERROR:[0m 'cookies.txt' does not look like a Netscape format cookies file
2026-03-17 00:58:41,310 - ERROR - 【Minecraft】でっかい水族館つくりたいな🎶【 ぶいすぽ  / 花芽すみれ 】 の取得中にエラー発生: [0;31mERROR:[0m 'cookies.txt' does not look like a Netscape format cookies file
2026-03-17 00:58:41,577 - ERROR - エラー: https://www.youtube.com/watch?v=RHv4X5jg3GA - [0;31mERROR:[0m 'cookies.txt' does not look like a Netscape format cookies file
2026-03-17 00:58:41,797 - ERROR - 【APEX】ブロンズの王になれ w/バニラ ととみ【 ぶいすぽ  / 花芽すみれ 】 の取得中にエラー発生: [0;31mERROR:[0m 'cookies.txt' does not look like a Netscape format cookies file
2026-03-17 00:58:41,907 - ERROR - エラー: https://www.youtube.com/watch?v=5B2Ie3BH5cc - [0;31mERROR:[0m 'cookies.txt' does not look like a Netscape format cookies file
2026-03-17 00:58:41,969 - ERROR - 【最新版】#ぶいすぽ全員描けるかな ❓【 ぶいすぽ  / 花芽すみれ 】 の取得中にエラー発生: [0;31mERROR:[0m 'cookies.txt' does not look like a Netscape format cookies file
2026-03-17 00:58:41,983 - ERROR - エラー: https://www.youtube.com/watch?v=Bs5tlCPgmR0 - [0;31mERROR:[0m 'cookies.txt' does not look like a Netscape format cookies file
2026-03-17 00:58:42,042 - ERROR - エラー: https://www.youtube.com/watch?v=HoPmprMnqRY - [0;31mERROR:[0m 'cookies.txt' does not look like a Netscape format cookies file
2026-03-17 00:58:42,184 - ERROR - 【VALORANT】フルパコンペのお時間です 【 ぶいすぽ / 花芽すみれ】 の取得中にエラー発生: [0;31mERROR:[0m 'cookies.txt' does not look like a Netscape format cookies file
2026-03-17 00:58:42,230 - ERROR - 【50万人記念】初のASMR配信してみます！🧊【 ぶいすぽ  / 花芽すみれ 】 の取得中にエラー発生: [0;31mERROR:[0m 'cookies.txt' does not look like a Netscape format cookies file
2026-03-17 00:58:42,325 - ERROR - エラー: https://www.youtube.com/watch?v=KmcAUaBRYBE - [0;31mERROR:[0m 'cookies.txt' does not look like a Netscape format cookies file
2026-03-17 00:58:42,450 - ERROR - エラー: https://www.youtube.com/watch?v=xfuQI6fkcpk - [0;31mERROR:[0m 'cookies.txt' does not look like a Netscape format cookies file
2026-03-17 00:58:42,564 - ERROR - 【雑談】おはよう寝すぎた【 ぶいすぽ  / 花芽すみれ 】 の取得中にエラー発生: [0;31mERROR:[0m 'cookies.txt' does not look like a Netscape format cookies file
2026-03-17 00:58:42,575 - ERROR - 【APEX】脅威レベルイベントれっつごー！【 ぶいすぽ  / 花芽すみれ 】 の取得中にエラー発生: [0;31mERROR:[0m 'cookies.txt' does not look like a Netscape format cookies file
2026-03-17 00:58:42,684 - ERROR - エラー: https://www.youtube.com/watch?v=wJLsYDaEG1k - [0;31mERROR:[0m 'cookies.txt' does not look like a Netscape format cookies file
2026-03-17 00:58:42,715 - ERROR - エラー: https://www.youtube.com/watch?v=SDNznRubiR0 - [0;31mERROR:[0m 'cookies.txt' does not look like a Netscape format cookies file
2026-03-17 00:58:42,765 - ERROR - エラー: https://www.youtube.com/watch?v=FWVjpPoOqfk - [0;31mERROR:[0m 'cookies.txt' does not look like a Netscape format cookies file
2026-03-17 00:58:42,829 - ERROR - 【Goose Goose Duck】ぶいすぽアヒル人狼 Guwawa！【 ぶいすぽ / 花芽すみれ】 の取得中にエラー発生: [0;31mERROR:[0m 'cookies.txt' does not look like a Netscape format cookies file
2026-03-17 00:58:42,860 - ERROR - 【VALORANT】バヨ【ぶいすぽ/花芽すみれ】 の取得中にエラー発生: [0;31mERROR:[0m 'cookies.txt' does not look like a Netscape format cookies file
2026-03-17 00:58:42,981 - ERROR - 【VALORANT】すいません配信ありました フルパ【 ぶいすぽ / 花芽すみれ】 の取得中にエラー発生: [0;31mERROR:[0m 'cookies.txt' does not look like a Netscape format cookies file
2026-03-17 00:58:43,375 - ERROR - エラー: https://www.youtube.com/watch?v=EBBPBPA9xis - [0;31mERROR:[0m 'cookies.txt' does not look like a Netscape format cookies file
2026-03-17 00:58:43,544 - ERROR - エラー: https://www.youtube.com/watch?v=7peXqhEm0SY - [0;31mERROR:[0m 'cookies.txt' does not look like a Netscape format cookies file
2026-03-17 00:58:43,567 - ERROR - エラー: https://www.youtube.com/watch?v=oG6K2Rm5jQY - [0;31mERROR:[0m 'cookies.txt' does not look like a Netscape format cookies file
2026-03-17 00:58:43,572 - ERROR - エラー: https://www.youtube.com/watch?v=g-bN6gisi3g - [0;31mERROR:[0m 'cookies.txt' does not look like a Netscape format cookies file
2026-03-17 00:58:43,641 - ERROR - エラー: https://www.youtube.com/watch?v=igWt83SFXJ4 - [0;31mERROR:[0m 'cookies.txt' does not look like a Netscape format cookies file
2026-03-17 00:58:44,373 - ERROR - エラー: https://www.youtube.com/watch?v=iw2ufjmg0yg - [0;31mERROR:[0m 'cookies.txt' does not look like a Netscape format cookies file
2026-03-17 00:58:44,455 - ERROR - エラー: https://www.youtube.com/watch?v=zXZW9ZhY70E - [0;31mERROR:[0m 'cookies.txt' does not look like a Netscape format cookies file
2026-03-17 00:58:44,502 - ERROR - エラー: https://www.youtube.com/watch?v=TlNzWbXdJ7c - [0;31mERROR:[0m 'cookies.txt' does not look like a Netscape format cookies file
2026-03-17 00:58:44,508 - ERROR - エラー: https://www.youtube.com/watch?v=tLPXJoztpPk - [0;31mERROR:[0m 'cookies.txt' does not look like a Netscape format cookies file
2026-03-17 00:58:44,530 - ERROR - エラー: https://www.youtube.com/watch?v=ntaqvL-eSUg - [0;31mERROR:[0m 'cookies.txt' does not look like a Netscape format cookies file
2026-03-17 00:58:45,300 - ERROR - エラー: https://www.youtube.com/watch?v=UF1bgUItpaY - [0;31mERROR:[0m 'cookies.txt' does not look like a Netscape format cookies file
2026-03-17 00:58:45,317 - ERROR - エラー: https://www.youtube.com/watch?v=xYJDl7GtX1w - [0;31mERROR:[0m 'cookies.txt' does not look like a Netscape format cookies file
2026-03-17 00:58:45,472 - ERROR - エラー: https://www.youtube.com/watch?v=K9no2ZtKGUc - [0;31mERROR:[0m 'cookies.txt' does not look like a Netscape format cookies file
2026-03-17 00:58:45,521 - ERROR - エラー: https://www.youtube.com/watch?v=UXjw0yciHIs - [0;31mERROR:[0m 'cookies.txt' does not look like a Netscape format cookies file
2026-03-17 00:58:45,541 - ERROR - エラー: https://www.youtube.com/watch?v=9LwObCDoQ5w - [0;31mERROR:[0m 'cookies.txt' does not look like a Netscape format cookies file
2026-03-17 00:58:46,698 - ERROR - エラー: https://www.youtube.com/watch?v=mxjhlAfLoPw - [0;31mERROR:[0m 'cookies.txt' does not look like a Netscape format cookies file
2026-03-17 00:58:46,709 - ERROR - エラー: https://www.youtube.com/watch?v=GV7EqMr5zIs - [0;31mERROR:[0m 'cookies.txt' does not look like a Netscape format cookies file
2026-03-17 00:58:46,712 - ERROR - エラー: https://www.youtube.com/watch?v=DQyh3OUQ7yM - [0;31mERROR:[0m 'cookies.txt' does not look like a Netscape format cookies file
2026-03-17 00:58:46,713 - ERROR - エラー: https://www.youtube.com/watch?v=ASdYJOpvq2w - [0;31mERROR:[0m 'cookies.txt' does not look like a Netscape format cookies file
2026-03-17 00:58:46,721 - ERROR - エラー: https://www.youtube.com/watch?v=T3zQqFp5KNM - [0;31mERROR:[0m 'cookies.txt' does not look like a Netscape format cookies file
2026-03-17 00:58:47,587 - ERROR - エラー: https://www.youtube.com/watch?v=bHlrZkAOR3E - [0;31mERROR:[0m 'cookies.txt' does not look like a Netscape format cookies file
2026-03-17 00:58:47,691 - ERROR - エラー: https://www.youtube.com/watch?v=Gxo8n16LcFI - [0;31mERROR:[0m 'cookies.txt' does not look like a Netscape format cookies file
2026-03-17 00:58:47,833 - ERROR - エラー: https://www.youtube.com/watch?v=sctWCQ5u9wE - [0;31mERROR:[0m 'cookies.txt' does not look like a Netscape format cookies file
2026-03-17 00:58:47,834 - ERROR - エラー: https://www.youtube.com/watch?v=EtNFFSP_vR4 - [0;31mERROR:[0m 'cookies.txt' does not look like a Netscape format cookies file
2026-03-17 00:58:47,851 - ERROR - エラー: https://www.youtube.com/watch?v=V8ekWdfpNZE - [0;31mERROR:[0m 'cookies.txt' does not look like a Netscape format cookies file
2026-03-17 00:58:48,573 - ERROR - エラー: https://www.youtube.com/watch?v=mcBTiXnkINA - [0;31mERROR:[0m 'cookies.txt' does not look like a Netscape format cookies file
2026-03-17 00:58:48,715 - ERROR - エラー: https://www.youtube.com/watch?v=klgTKbNlipQ - [0;31mERROR:[0m 'cookies.txt' does not look like a Netscape format cookies file
2026-03-17 00:58:48,717 - ERROR - エラー: https://www.youtube.com/watch?v=Qf0eZH0mzhg - [0;31mERROR:[0m 'cookies.txt' does not look like a Netscape format cookies file
2026-03-17 00:58:48,720 - ERROR - エラー: https://www.youtube.com/watch?v=UpR8ikwDSyc - [0;31mERROR:[0m 'cookies.txt' does not look like a Netscape format cookies file
2026-03-17 00:58:48,744 - ERROR - エラー: https://www.youtube.com/watch?v=qZdFnrcxOyc - [0;31mERROR:[0m 'cookies.txt' does not look like a Netscape format cookies file
2026-03-17 00:58:50,406 - ERROR - エラー: https://www.youtube.com/watch?v=_d0AHBgkgks - [0;31mERROR:[0m 'cookies.txt' does not look like a Netscape format cookies file
2026-03-17 00:58:50,536 - ERROR - エラー: https://www.youtube.com/watch?v=6dl7dZ12MtQ - [0;31mERROR:[0m 'cookies.txt' does not look like a Netscape format cookies file
2026-03-17 00:58:50,545 - ERROR - エラー: https://www.youtube.com/watch?v=BsmYhp0Nr3I - [0;31mERROR:[0m 'cookies.txt' does not look like a Netscape format cookies file
2026-03-17 00:58:50,592 - ERROR - エラー: https://www.youtube.com/watch?v=rggyeAlmBlk - [0;31mERROR:[0m 'cookies.txt' does not look like a Netscape format cookies file
2026-03-17 00:58:50,686 - ERROR - エラー: https://www.youtube.com/watch?v=M4SDk49PRUg - [0;31mERROR:[0m 'cookies.txt' does not look like a Netscape format cookies file
2026-03-17 00:58:51,345 - ERROR - エラー: https://www.youtube.com/watch?v=FmI8_OK2npU - [0;31mERROR:[0m 'cookies.txt' does not look like a Netscape format cookies file
2026-03-17 00:58:51,791 - ERROR - エラー: https://www.youtube.com/watch?v=e1s-3i3sX8w - [0;31mERROR:[0m 'cookies.txt' does not look like a Netscape format cookies file
2026-03-17 00:58:51,896 - ERROR - エラー: https://www.youtube.com/watch?v=kkiwke9fBe0 - [0;31mERROR:[0m 'cookies.txt' does not look like a Netscape format cookies file
2026-03-17 00:58:51,992 - ERROR - エラー: https://www.youtube.com/watch?v=zDZMvolfkps - [0;31mERROR:[0m 'cookies.txt' does not look like a Netscape format cookies file
2026-03-17 00:58:52,087 - ERROR - エラー: https://www.youtube.com/watch?v=1RKNyJA1X8k - [0;31mERROR:[0m 'cookies.txt' does not look like a Netscape format cookies file
2026-03-17 00:58:52,370 - ERROR - エラー: https://www.youtube.com/watch?v=TFvJbcq6WC8 - [0;31mERROR:[0m 'cookies.txt' does not look like a Netscape format cookies file
2026-03-17 00:58:52,622 - ERROR - エラー: https://www.youtube.com/watch?v=RHv4X5jg3GA - [0;31mERROR:[0m 'cookies.txt' does not look like a Netscape format cookies file
2026-03-17 00:58:52,793 - ERROR - エラー: https://www.youtube.com/watch?v=5B2Ie3BH5cc - [0;31mERROR:[0m 'cookies.txt' does not look like a Netscape format cookies file
2026-03-17 00:58:52,918 - ERROR - エラー: https://www.youtube.com/watch?v=HoPmprMnqRY - [0;31mERROR:[0m 'cookies.txt' does not look like a Netscape format cookies file
2026-03-17 00:58:52,950 - ERROR - エラー: https://www.youtube.com/watch?v=KmcAUaBRYBE - [0;31mERROR:[0m 'cookies.txt' does not look like a Netscape format cookies file
2026-03-17 00:58:53,220 - ERROR - エラー: https://www.youtube.com/watch?v=Bs5tlCPgmR0 - [0;31mERROR:[0m 'cookies.txt' does not look like a Netscape format cookies file
2026-03-17 00:58:53,532 - ERROR - エラー: https://www.youtube.com/watch?v=SDNznRubiR0 - [0;31mERROR:[0m 'cookies.txt' does not look like a Netscape format cookies file
2026-03-17 00:58:53,753 - ERROR - エラー: https://www.youtube.com/watch?v=wJLsYDaEG1k - [0;31mERROR:[0m 'cookies.txt' does not look like a Netscape format cookies file
2026-03-17 00:58:53,800 - ERROR - エラー: https://www.youtube.com/watch?v=FWVjpPoOqfk - [0;31mERROR:[0m 'cookies.txt' does not look like a Netscape format cookies file
2026-03-17 00:58:53,897 - ERROR - エラー: https://www.youtube.com/watch?v=xfuQI6fkcpk - [0;31mERROR:[0m 'cookies.txt' does not look like a Netscape format cookies file
2026-03-17 00:58:54,039 - ERROR - エラー: https://www.youtube.com/watch?v=EBBPBPA9xis - [0;31mERROR:[0m 'cookies.txt' does not look like a Netscape format cookies file
2026-03-17 00:58:54,084 - ERROR - エラー: https://www.youtube.com/watch?v=7peXqhEm0SY - [0;31mERROR:[0m 'cookies.txt' does not look like a Netscape format cookies file
2026-03-17 00:58:54,640 - ERROR - エラー: https://www.youtube.com/watch?v=g-bN6gisi3g - [0;31mERROR:[0m 'cookies.txt' does not look like a Netscape format cookies file
2026-03-17 00:58:54,857 - ERROR - エラー: https://www.youtube.com/watch?v=oG6K2Rm5jQY - [0;31mERROR:[0m 'cookies.txt' does not look like a Netscape format cookies file
2026-03-17 00:58:55,002 - ERROR - エラー: https://www.youtube.com/watch?v=iw2ufjmg0yg - [0;31mERROR:[0m 'cookies.txt' does not look like a Netscape format cookies file
2026-03-17 00:58:55,005 - ERROR - エラー: https://www.youtube.com/watch?v=zXZW9ZhY70E - [0;31mERROR:[0m 'cookies.txt' does not look like a Netscape format cookies file
2026-03-17 00:58:55,009 - ERROR - エラー: https://www.youtube.com/watch?v=igWt83SFXJ4 - [0;31mERROR:[0m 'cookies.txt' does not look like a Netscape format cookies file
2026-03-17 00:58:55,373 - ERROR - エラー: https://www.youtube.com/watch?v=TlNzWbXdJ7c - [0;31mERROR:[0m 'cookies.txt' does not look like a Netscape format cookies file
2026-03-17 00:58:55,596 - ERROR - エラー: https://www.youtube.com/watch?v=tLPXJoztpPk - [0;31mERROR:[0m 'cookies.txt' does not look like a Netscape format cookies file
2026-03-17 00:58:56,844 - ERROR - エラー: https://www.youtube.com/watch?v=UXjw0yciHIs - [0;31mERROR:[0m 'cookies.txt' does not look like a Netscape format cookies file
2026-03-17 00:58:57,062 - ERROR - エラー: https://www.youtube.com/watch?v=UF1bgUItpaY - [0;31mERROR:[0m 'cookies.txt' does not look like a Netscape format cookies file
2026-03-17 00:58:57,120 - ERROR - エラー: https://www.youtube.com/watch?v=ntaqvL-eSUg - [0;31mERROR:[0m 'cookies.txt' does not look like a Netscape format cookies file
2026-03-17 00:58:57,631 - ERROR - エラー: https://www.youtube.com/watch?v=xYJDl7GtX1w - [0;31mERROR:[0m 'cookies.txt' does not look like a Netscape format cookies file
2026-03-17 00:58:58,106 - ERROR - エラー: https://www.youtube.com/watch?v=GV7EqMr5zIs - [0;31mERROR:[0m 'cookies.txt' does not look like a Netscape format cookies file
2026-03-17 00:58:58,416 - ERROR - エラー: https://www.youtube.com/watch?v=9LwObCDoQ5w - [0;31mERROR:[0m 'cookies.txt' does not look like a Netscape format cookies file
2026-03-17 00:58:58,418 - ERROR - エラー: https://www.youtube.com/watch?v=K9no2ZtKGUc - [0;31mERROR:[0m 'cookies.txt' does not look like a Netscape format cookies file
2026-03-17 00:58:58,424 - ERROR - エラー: https://www.youtube.com/watch?v=DQyh3OUQ7yM - [0;31mERROR:[0m 'cookies.txt' does not look like a Netscape format cookies file
2026-03-17 00:58:58,428 - ERROR - エラー: https://www.youtube.com/watch?v=mxjhlAfLoPw - [0;31mERROR:[0m 'cookies.txt' does not look like a Netscape format cookies file
2026-03-17 00:58:59,105 - ERROR - エラー: https://www.youtube.com/watch?v=bHlrZkAOR3E - [0;31mERROR:[0m 'cookies.txt' does not look like a Netscape format cookies file
2026-03-17 00:58:59,273 - ERROR - エラー: https://www.youtube.com/watch?v=T3zQqFp5KNM - [0;31mERROR:[0m 'cookies.txt' does not look like a Netscape format cookies file
2026-03-17 00:58:59,355 - ERROR - エラー: https://www.youtube.com/watch?v=Gxo8n16LcFI - [0;31mERROR:[0m 'cookies.txt' does not look like a Netscape format cookies file
2026-03-17 00:58:59,359 - ERROR - エラー: https://www.youtube.com/watch?v=ASdYJOpvq2w - [0;31mERROR:[0m 'cookies.txt' does not look like a Netscape format cookies file
2026-03-17 00:58:59,363 - ERROR - エラー: https://www.youtube.com/watch?v=sctWCQ5u9wE - [0;31mERROR:[0m 'cookies.txt' does not look like a Netscape format cookies file
2026-03-17 00:58:59,836 - ERROR - エラー: https://www.youtube.com/watch?v=EtNFFSP_vR4 - [0;31mERROR:[0m 'cookies.txt' does not look like a Netscape format cookies file
2026-03-17 00:59:00,284 - ERROR - エラー: https://www.youtube.com/watch?v=klgTKbNlipQ - [0;31mERROR:[0m 'cookies.txt' does not look like a Netscape format cookies file
2026-03-17 00:59:01,415 - ERROR - エラー: https://www.youtube.com/watch?v=V8ekWdfpNZE - [0;31mERROR:[0m 'cookies.txt' does not look like a Netscape format cookies file
2026-03-17 00:59:01,502 - ERROR - エラー: https://www.youtube.com/watch?v=Qf0eZH0mzhg - [0;31mERROR:[0m 'cookies.txt' does not look like a Netscape format cookies file
2026-03-17 00:59:01,505 - ERROR - エラー: https://www.youtube.com/watch?v=qZdFnrcxOyc - [0;31mERROR:[0m 'cookies.txt' does not look like a Netscape format cookies file
2026-03-17 00:59:01,510 - ERROR - エラー: https://www.youtube.com/watch?v=mcBTiXnkINA - [0;31mERROR:[0m 'cookies.txt' does not look like a Netscape format cookies file
2026-03-17 00:59:02,311 - ERROR - エラー: https://www.youtube.com/watch?v=UpR8ikwDSyc - [0;31mERROR:[0m 'cookies.txt' does not look like a Netscape format cookies file
2026-03-17 00:59:02,511 - ERROR - エラー: https://www.youtube.com/watch?v=6dl7dZ12MtQ - [0;31mERROR:[0m 'cookies.txt' does not look like a Netscape format cookies file
2026-03-17 00:59:02,614 - ERROR - エラー: https://www.youtube.com/watch?v=_d0AHBgkgks - [0;31mERROR:[0m 'cookies.txt' does not look like a Netscape format cookies file
2026-03-17 00:59:02,869 - ERROR - エラー: https://www.youtube.com/watch?v=BsmYhp0Nr3I - [0;31mERROR:[0m 'cookies.txt' does not look like a Netscape format cookies file
2026-03-17 00:59:02,874 - ERROR - エラー: https://www.youtube.com/watch?v=M4SDk49PRUg - [0;31mERROR:[0m 'cookies.txt' does not look like a Netscape format cookies file
2026-03-17 00:59:03,897 - ERROR - エラー: https://www.youtube.com/watch?v=1RKNyJA1X8k - [0;31mERROR:[0m 'cookies.txt' does not look like a Netscape format cookies file
2026-03-17 00:59:03,943 - ERROR - エラー: https://www.youtube.com/watch?v=FmI8_OK2npU - [0;31mERROR:[0m 'cookies.txt' does not look like a Netscape format cookies file
2026-03-17 00:59:03,949 - ERROR - エラー: https://www.youtube.com/watch?v=zDZMvolfkps - [0;31mERROR:[0m 'cookies.txt' does not look like a Netscape format cookies file
2026-03-17 00:59:03,952 - ERROR - エラー: https://www.youtube.com/watch?v=rggyeAlmBlk - [0;31mERROR:[0m 'cookies.txt' does not look like a Netscape format cookies file
2026-03-17 00:59:03,954 - ERROR - エラー: https://www.youtube.com/watch?v=e1s-3i3sX8w - [0;31mERROR:[0m 'cookies.txt' does not look like a Netscape format cookies file
2026-03-17 00:59:04,462 - ERROR - エラー: https://www.youtube.com/watch?v=kkiwke9fBe0 - [0;31mERROR:[0m 'cookies.txt' does not look like a Netscape format cookies file
2026-03-17 00:59:04,794 - ERROR - エラー: https://www.youtube.com/watch?v=TFvJbcq6WC8 - [0;31mERROR:[0m 'cookies.txt' does not look like a Netscape format cookies file
2026-03-17 00:59:04,901 - ERROR - エラー: https://www.youtube.com/watch?v=5B2Ie3BH5cc - [0;31mERROR:[0m 'cookies.txt' does not look like a Netscape format cookies file
2026-03-17 00:59:05,042 - ERROR - エラー: https://www.youtube.com/watch?v=HoPmprMnqRY - [0;31mERROR:[0m 'cookies.txt' does not look like a Netscape format cookies file
2026-03-17 00:59:05,169 - ERROR - エラー: https://www.youtube.com/watch?v=RHv4X5jg3GA - [0;31mERROR:[0m 'cookies.txt' does not look like a Netscape format cookies file
2026-03-17 00:59:05,575 - ERROR - エラー: https://www.youtube.com/watch?v=Bs5tlCPgmR0 - [0;31mERROR:[0m 'cookies.txt' does not look like a Netscape format cookies file
2026-03-17 00:59:05,753 - ERROR - エラー: https://www.youtube.com/watch?v=KmcAUaBRYBE - [0;31mERROR:[0m 'cookies.txt' does not look like a Netscape format cookies file
2026-03-17 00:59:05,784 - ERROR - エラー: https://www.youtube.com/watch?v=SDNznRubiR0 - [0;31mERROR:[0m 'cookies.txt' does not look like a Netscape format cookies file
2026-03-17 00:59:06,182 - ERROR - エラー: https://www.youtube.com/watch?v=xfuQI6fkcpk - [0;31mERROR:[0m 'cookies.txt' does not look like a Netscape format cookies file
2026-03-17 00:59:06,222 - ERROR - エラー: https://www.youtube.com/watch?v=wJLsYDaEG1k - [0;31mERROR:[0m 'cookies.txt' does not look like a Netscape format cookies file
2026-03-17 00:59:07,138 - ERROR - エラー: https://www.youtube.com/watch?v=FWVjpPoOqfk - [0;31mERROR:[0m 'cookies.txt' does not look like a Netscape format cookies file
2026-03-17 00:59:07,229 - ERROR - エラー: https://www.youtube.com/watch?v=EBBPBPA9xis - [0;31mERROR:[0m 'cookies.txt' does not look like a Netscape format cookies file
2026-03-17 00:59:07,232 - ERROR - エラー: https://www.youtube.com/watch?v=oG6K2Rm5jQY - [0;31mERROR:[0m 'cookies.txt' does not look like a Netscape format cookies file
2026-03-17 00:59:07,238 - ERROR - エラー: https://www.youtube.com/watch?v=7peXqhEm0SY - [0;31mERROR:[0m 'cookies.txt' does not look like a Netscape format cookies file
2026-03-17 00:59:07,243 - ERROR - エラー: https://www.youtube.com/watch?v=g-bN6gisi3g - [0;31mERROR:[0m 'cookies.txt' does not look like a Netscape format cookies file
2026-03-17 00:59:08,425 - ERROR - エラー: https://www.youtube.com/watch?v=igWt83SFXJ4 - [0;31mERROR:[0m 'cookies.txt' does not look like a Netscape format cookies file
2026-03-17 00:59:08,441 - ERROR - エラー: https://www.youtube.com/watch?v=zXZW9ZhY70E - [0;31mERROR:[0m 'cookies.txt' does not look like a Netscape format cookies file
2026-03-17 00:59:08,460 - ERROR - エラー: https://www.youtube.com/watch?v=iw2ufjmg0yg - [0;31mERROR:[0m 'cookies.txt' does not look like a Netscape format cookies file
2026-03-17 00:59:08,473 - ERROR - エラー: https://www.youtube.com/watch?v=ntaqvL-eSUg - [0;31mERROR:[0m 'cookies.txt' does not look like a Netscape format cookies file
2026-03-17 00:59:08,534 - ERROR - エラー: https://www.youtube.com/watch?v=TlNzWbXdJ7c - [0;31mERROR:[0m 'cookies.txt' does not look like a Netscape format cookies file
2026-03-17 00:59:09,228 - ERROR - エラー: https://www.youtube.com/watch?v=xYJDl7GtX1w - [0;31mERROR:[0m 'cookies.txt' does not look like a Netscape format cookies file
2026-03-17 00:59:09,234 - ERROR - エラー: https://www.youtube.com/watch?v=tLPXJoztpPk - [0;31mERROR:[0m 'cookies.txt' does not look like a Netscape format cookies file
2026-03-17 00:59:09,307 - ERROR - エラー: https://www.youtube.com/watch?v=UF1bgUItpaY - [0;31mERROR:[0m 'cookies.txt' does not look like a Netscape format cookies file
2026-03-17 00:59:09,448 - ERROR - エラー: https://www.youtube.com/watch?v=UXjw0yciHIs - [0;31mERROR:[0m 'cookies.txt' does not look like a Netscape format cookies file
2026-03-17 00:59:09,707 - ERROR - エラー: https://www.youtube.com/watch?v=K9no2ZtKGUc - [0;31mERROR:[0m 'cookies.txt' does not look like a Netscape format cookies file
2026-03-17 00:59:10,196 - ERROR - エラー: https://www.youtube.com/watch?v=GV7EqMr5zIs - [0;31mERROR:[0m 'cookies.txt' does not look like a Netscape format cookies file
2026-03-17 00:59:10,216 - ERROR - エラー: https://www.youtube.com/watch?v=9LwObCDoQ5w - [0;31mERROR:[0m 'cookies.txt' does not look like a Netscape format cookies file
2026-03-17 00:59:10,279 - ERROR - エラー: https://www.youtube.com/watch?v=mxjhlAfLoPw - [0;31mERROR:[0m 'cookies.txt' does not look like a Netscape format cookies file
2026-03-17 00:59:10,358 - ERROR - エラー: https://www.youtube.com/watch?v=DQyh3OUQ7yM - [0;31mERROR:[0m 'cookies.txt' does not look like a Netscape format cookies file
2026-03-17 00:59:11,017 - ERROR - エラー: https://www.youtube.com/watch?v=ASdYJOpvq2w - [0;31mERROR:[0m 'cookies.txt' does not look like a Netscape format cookies file
2026-03-17 00:59:11,063 - ERROR - エラー: https://www.youtube.com/watch?v=T3zQqFp5KNM - [0;31mERROR:[0m 'cookies.txt' does not look like a Netscape format cookies file
2026-03-17 00:59:11,161 - ERROR - エラー: https://www.youtube.com/watch?v=bHlrZkAOR3E - [0;31mERROR:[0m 'cookies.txt' does not look like a Netscape format cookies file
2026-03-17 00:59:11,206 - ERROR - エラー: https://www.youtube.com/watch?v=Gxo8n16LcFI - [0;31mERROR:[0m 'cookies.txt' does not look like a Netscape format cookies file
2026-03-17 00:59:11,285 - ERROR - エラー: https://www.youtube.com/watch?v=sctWCQ5u9wE - [0;31mERROR:[0m 'cookies.txt' does not look like a Netscape format cookies file
2026-03-17 00:59:11,843 - ERROR - エラー: https://www.youtube.com/watch?v=V8ekWdfpNZE - [0;31mERROR:[0m 'cookies.txt' does not look like a Netscape format cookies file
2026-03-17 00:59:12,068 - ERROR - エラー: https://www.youtube.com/watch?v=mcBTiXnkINA - [0;31mERROR:[0m 'cookies.txt' does not look like a Netscape format cookies file
2026-03-17 00:59:12,130 - ERROR - エラー: https://www.youtube.com/watch?v=EtNFFSP_vR4 - [0;31mERROR:[0m 'cookies.txt' does not look like a Netscape format cookies file
2026-03-17 00:59:12,237 - ERROR - エラー: https://www.youtube.com/watch?v=Qf0eZH0mzhg - [0;31mERROR:[0m 'cookies.txt' does not look like a Netscape format cookies file
2026-03-17 00:59:12,517 - ERROR - エラー: https://www.youtube.com/watch?v=klgTKbNlipQ - [0;31mERROR:[0m 'cookies.txt' does not look like a Netscape format cookies file
2026-03-17 00:59:12,582 - ERROR - エラー: https://www.youtube.com/watch?v=qZdFnrcxOyc - [0;31mERROR:[0m 'cookies.txt' does not look like a Netscape format cookies file
2026-03-17 00:59:12,822 - ERROR - エラー: https://www.youtube.com/watch?v=UpR8ikwDSyc - [0;31mERROR:[0m 'cookies.txt' does not look like a Netscape format cookies file
2026-03-17 00:59:12,825 - ERROR - エラー: https://www.youtube.com/watch?v=_d0AHBgkgks - [0;31mERROR:[0m 'cookies.txt' does not look like a Netscape format cookies file
2026-03-17 01:19:42,730 - ERROR - エラー: https://www.youtube.com/watch?v=xYJDl7GtX1w - [0;31mERROR:[0m 'cookies.txt' does not look like a Netscape format cookies file
